Archive member included to satisfy reference by file (symbol)

/opt/devkitpro/devkitARM/bin/../lib/gcc/arm-none-eabi/12.1.0/thumb/libgcc.a(_call_via_rX.o)
                              mm_main_gba.o (_call_via_r1)
/opt/devkitpro/devkitARM/bin/../lib/gcc/arm-none-eabi/12.1.0/thumb/libgcc.a(_aeabi_ldivmod.o)
                              bn_hw_text.o (__aeabi_ldivmod)
/opt/devkitpro/devkitARM/bin/../lib/gcc/arm-none-eabi/12.1.0/thumb/libgcc.a(_aeabi_uldivmod.o)
                              bn_hw_text.o (__aeabi_uldivmod)
/opt/devkitpro/devkitARM/bin/../lib/gcc/arm-none-eabi/12.1.0/thumb/libgcc.a(_udivmoddi4.o)
                              /opt/devkitpro/devkitARM/bin/../lib/gcc/arm-none-eabi/12.1.0/thumb/libgcc.a(_aeabi_ldivmod.o) (__udivmoddi4)

Discarded input sections

 .text          0x0000000000000000        0x0 /opt/devkitpro/devkitARM/bin/../lib/gcc/arm-none-eabi/12.1.0/../../../../arm-none-eabi/lib/thumb/gba_crt0.o
 .data          0x0000000000000000        0x0 /opt/devkitpro/devkitARM/bin/../lib/gcc/arm-none-eabi/12.1.0/../../../../arm-none-eabi/lib/thumb/gba_crt0.o
 .bss           0x0000000000000000        0x0 /opt/devkitpro/devkitARM/bin/../lib/gcc/arm-none-eabi/12.1.0/../../../../arm-none-eabi/lib/thumb/gba_crt0.o
 .text          0x0000000000000000        0x0 /opt/devkitpro/devkitARM/bin/../lib/gcc/arm-none-eabi/12.1.0/thumb/crti.o
 .data          0x0000000000000000        0x0 /opt/devkitpro/devkitARM/bin/../lib/gcc/arm-none-eabi/12.1.0/thumb/crti.o
 .bss           0x0000000000000000        0x0 /opt/devkitpro/devkitARM/bin/../lib/gcc/arm-none-eabi/12.1.0/thumb/crti.o
 .text          0x0000000000000000        0x0 /opt/devkitpro/devkitARM/bin/../lib/gcc/arm-none-eabi/12.1.0/thumb/crtbegin.o
 .data          0x0000000000000000        0x0 /opt/devkitpro/devkitARM/bin/../lib/gcc/arm-none-eabi/12.1.0/thumb/crtbegin.o
 .bss           0x0000000000000000        0x0 /opt/devkitpro/devkitARM/bin/../lib/gcc/arm-none-eabi/12.1.0/thumb/crtbegin.o
 .rodata.all_implied_fbits
                0x0000000000000000       0x24 /opt/devkitpro/devkitARM/bin/../lib/gcc/arm-none-eabi/12.1.0/thumb/crtbegin.o
 .text          0x0000000000000000        0x0 _bn_audio_soundbank.bin.o
 .data          0x0000000000000000        0x0 _bn_audio_soundbank.bin.o
 .bss           0x0000000000000000        0x0 _bn_audio_soundbank.bin.o
 .text          0x0000000000000000        0x0 cracked_ice_sheet_bn_gfx.o
 .data          0x0000000000000000        0x0 cracked_ice_sheet_bn_gfx.o
 .bss           0x0000000000000000        0x0 cracked_ice_sheet_bn_gfx.o
 .text          0x0000000000000000        0x0 cracked_wall_sheet_bn_gfx.o
 .data          0x0000000000000000        0x0 cracked_wall_sheet_bn_gfx.o
 .bss           0x0000000000000000        0x0 cracked_wall_sheet_bn_gfx.o
 .text          0x0000000000000000        0x0 credits_bg_bn_gfx.o
 .data          0x0000000000000000        0x0 credits_bg_bn_gfx.o
 .bss           0x0000000000000000        0x0 credits_bg_bn_gfx.o
 .text          0x0000000000000000        0x0 fixed_32x64_font_bn_gfx.o
 .data          0x0000000000000000        0x0 fixed_32x64_font_bn_gfx.o
 .bss           0x0000000000000000        0x0 fixed_32x64_font_bn_gfx.o
 .rodata        0x0000000000000000    0x1b820 fixed_32x64_font_bn_gfx.o
 .text          0x0000000000000000        0x0 floor_title_bg_bn_gfx.o
 .data          0x0000000000000000        0x0 floor_title_bg_bn_gfx.o
 .bss           0x0000000000000000        0x0 floor_title_bg_bn_gfx.o
 .rodata        0x0000000000000000      0xaa0 floor_title_bg_bn_gfx.o
 .text          0x0000000000000000        0x0 frozen_underline_end_bn_gfx.o
 .data          0x0000000000000000        0x0 frozen_underline_end_bn_gfx.o
 .bss           0x0000000000000000        0x0 frozen_underline_end_bn_gfx.o
 .rodata        0x0000000000000000      0x480 frozen_underline_end_bn_gfx.o
 .text          0x0000000000000000        0x0 frozen_underline_m1_bn_gfx.o
 .data          0x0000000000000000        0x0 frozen_underline_m1_bn_gfx.o
 .bss           0x0000000000000000        0x0 frozen_underline_m1_bn_gfx.o
 .rodata        0x0000000000000000      0x480 frozen_underline_m1_bn_gfx.o
 .text          0x0000000000000000        0x0 frozen_underline_m2_bn_gfx.o
 .data          0x0000000000000000        0x0 frozen_underline_m2_bn_gfx.o
 .bss           0x0000000000000000        0x0 frozen_underline_m2_bn_gfx.o
 .rodata        0x0000000000000000      0x480 frozen_underline_m2_bn_gfx.o
 .text          0x0000000000000000        0x0 frozen_underline_start_bn_gfx.o
 .data          0x0000000000000000        0x0 frozen_underline_start_bn_gfx.o
 .bss           0x0000000000000000        0x0 frozen_underline_start_bn_gfx.o
 .rodata        0x0000000000000000      0x480 frozen_underline_start_bn_gfx.o
 .text          0x0000000000000000        0x0 home_icon_bn_gfx.o
 .data          0x0000000000000000        0x0 home_icon_bn_gfx.o
 .bss           0x0000000000000000        0x0 home_icon_bn_gfx.o
[...]
Memory Configuration

Name             Origin             Length             Attributes
rom              0x0000000008000000 0x0000000002000000
iwram            0x0000000003000000 0x0000000000008000
ewram            0x0000000002000000 0x0000000000040000
*default*        0x0000000000000000 0xffffffffffffffff

Linker script and memory map

                0x0000000008000000                __text_start = ORIGIN (rom)
                0x0000000002040000                __eheap_end = (ORIGIN (ewram) + LENGTH (ewram))
                0x0000000003000000                __iwram_start = ORIGIN (iwram)
                0x0000000003008000                __iwram_top = (ORIGIN (iwram) + LENGTH (iwram))
                0x0000000003007fa0                __sp_irq = (__iwram_top - 0x60)
                0x0000000003007f00                __sp_usr = (__sp_irq - 0xa0)
                0x0000000003007ff8                __irq_flags = 0x3007ff8
                0x0000000008000000                . = __text_start

.crt0           0x0000000008000000      0x210
 *(.crt0)
 .crt0          0x0000000008000000      0x210 /opt/devkitpro/devkitARM/bin/../lib/gcc/arm-none-eabi/12.1.0/../../../../arm-none-eabi/lib/thumb/gba_crt0.o
                0x0000000008000000                _start
                0x00000000080000c4                __boot_method
                0x00000000080000c5                __slave_number
                0x00000000080000e0                start_vector
                0x0000000008000210                . = ALIGN (0x4)

.init           0x0000000008000210        0xc
 *(SORT_NONE(.init))
 .init          0x0000000008000210        0x4 /opt/devkitpro/devkitARM/bin/../lib/gcc/arm-none-eabi/12.1.0/thumb/crti.o
                0x0000000008000210                _init
 .init          0x0000000008000214        0x8 /opt/devkitpro/devkitARM/bin/../lib/gcc/arm-none-eabi/12.1.0/thumb/crtn.o

.plt            0x000000000800021c        0x0
 *(.plt)
                0x000000000800021c                . = ALIGN (0x4)

.text           0x0000000008000220    0x20848
 *(EXCLUDE_FILE(*.iwram*) .text*)
 .text.__do_global_dtors_aux
                0x0000000008000220       0x2c /opt/devkitpro/devkitARM/bin/../lib/gcc/arm-none-eabi/12.1.0/thumb/crtbegin.o
 .text.frame_dummy
                0x000000000800024c       0x24 /opt/devkitpro/devkitARM/bin/../lib/gcc/arm-none-eabi/12.1.0/thumb/crtbegin.o
 .text._ZN2is20CrackedIceGameObject6updateEv
                0x0000000008000270       0x28 cracked_ice_game_object.o
                0x0000000008000270                is::CrackedIceGameObject::update()
 .text._ZN2is20CrackedIceGameObject8interactERNS_6PlayerE
                0x0000000008000298       0x3c cracked_ice_game_object.o
                0x0000000008000298                is::CrackedIceGameObject::interact(is::Player&)
 .text._ZN2is20CrackedIceGameObjectD2Ev
                0x00000000080002d4       0x2c cracked_ice_game_object.o
                0x00000000080002d4                is::CrackedIceGameObject::~CrackedIceGameObject()
                0x00000000080002d4                is::CrackedIceGameObject::~CrackedIceGameObject()
 .text._ZN2is20CrackedIceGameObjectD0Ev
                0x0000000008000300       0x34 cracked_ice_game_object.o
                0x0000000008000300                is::CrackedIceGameObject::~CrackedIceGameObject()
 .text._ZN2is20CrackedIceGameObjectC2ERNS_9GameSceneEN2bn5pointE
                0x0000000008000334       0xd0 cracked_ice_game_object.o
                0x0000000008000334                is::CrackedIceGameObject::CrackedIceGameObject(is::GameScene&, bn::point)
                0x0000000008000334                is::CrackedIceGameObject::CrackedIceGameObject(is::GameScene&, bn::point)
 .text._ZN2is12CreditsScene6updateEv
                0x0000000008000404       0x30 credits_scene.o
                0x0000000008000404                is::CreditsScene::update()
 .text._ZN2is12CreditsSceneD2Ev
                0x0000000008000434       0x1c credits_scene.o
                0x0000000008000434                is::CreditsScene::~CreditsScene()
                0x0000000008000434                is::CreditsScene::~CreditsScene()
 .text._ZN2is12CreditsSceneD0Ev
                0x0000000008000450       0x24 credits_scene.o
                0x0000000008000450                is::CreditsScene::~CreditsScene()
 .text._ZN3_bn6assert9show_argsIJA19_ciA4_ciEEEvPKcS5_S5_iDpRKT_
                0x0000000008000474       0x6c credits_scene.o
                0x0000000008000474                void _bn::assert::show_args<char [19], int, char [4], int>(char const*, char const*, char const*, int, char const (&) [19], int const&, char const (&) [4], int const&)
 .text._ZN2is12CreditsSceneC2Ev
                0x00000000080004e0       0xa4 credits_scene.o
                0x00000000080004e0                is::CreditsScene::CreditsScene()
                0x00000000080004e0                is::CreditsScene::CreditsScene()
 .text._ZN2is14EventGameSceneD2Ev
                0x0000000008000584       0x3c event_game_scene.o
                0x0000000008000584                is::EventGameScene::~EventGameScene()
                0x0000000008000584                is::EventGameScene::~EventGameScene()
 .text._ZN2is14EventGameSceneD0Ev
                0x00000000080005c0       0x48 event_game_scene.o
                0x00000000080005c0                is::EventGameScene::~EventGameScene()
 .text._ZN3_bn6assert9show_argsIJA16_ciA4_ciEEEvPKcS5_S5_iDpRKT_
                0x0000000008000608       0x6c event_game_scene.o
                0x0000000008000608                void _bn::assert::show_args<char [16], int, char [4], int>(char const*, char const*, char const*, int, char const (&) [16], int const&, char const (&) [4], int const&)
 .text._ZN2is14EventGameSceneC2EPNS_17EventSceneDetailsE
                0x0000000008000674      0x5a0 event_game_scene.o
                0x0000000008000674                is::EventGameScene::EventGameScene(is::EventSceneDetails*)
                0x0000000008000674                is::EventGameScene::EventGameScene(is::EventSceneDetails*)
 .text._ZN2is4GameC2Ev
                0x0000000008000c14       0x1c game.o
                0x0000000008000c14                is::Game::Game()
                0x0000000008000c14                is::Game::Game()
 .text._ZN2is4Game6updateEv
                0x0000000008000c30        0xc game.o
                0x0000000008000c30                is::Game::update()
 .text._ZN2is10GameObject6updateEv
                0x0000000008000c3c        0xc game_object.o
                0x0000000008000c3c                is::GameObject::update()
 .text._ZN2is10GameObject11setPositionEN2bn5pointE
                0x0000000008000c48       0x24 game_object.o
                0x0000000008000c48                is::GameObject::setPosition(bn::point)
 .text._ZN2is10GameObject8interactERNS_6PlayerE
                0x0000000008000c6c        0x4 game_object.o
                0x0000000008000c6c                is::GameObject::interact(is::Player&)
 .text._ZN2is10GameObjectD2Ev
                0x0000000008000c70        0x4 game_object.o
                0x0000000008000c70                is::GameObject::~GameObject()
                0x0000000008000c70                is::GameObject::~GameObject()
 .text._ZN2is10GameObjectD0Ev
                0x0000000008000c74       0x14 game_object.o
                0x0000000008000c74                is::GameObject::~GameObject()
 .text._ZN2is10GameObjectC2ERNS_9GameSceneEN2bn5pointE
                0x0000000008000c88       0x2c game_object.o
                0x0000000008000c88                is::GameObject::GameObject(is::GameScene&, bn::point)
                0x0000000008000c88                is::GameObject::GameObject(is::GameScene&, bn::point)
 .text._ZN2is10GameObject11getColliderEv
                0x0000000008000cb4       0x14 game_object.o
                0x0000000008000cb4                is::GameObject::getCollider()
 .text._ZN2is10GameObject15getTransparencyEv
                0x0000000008000cc8        0x8 game_object.o
                0x0000000008000cc8                is::GameObject::getTransparency()
 .text._ZN2is10GameObject15setTransparencyENS_12TransparencyE
                0x0000000008000cd0        0x8 game_object.o
                0x0000000008000cd0                is::GameObject::setTransparency(is::Transparency)
 .text._ZN2is10GameObject14checkCollisionEN2bn4rectE
                0x0000000008000cd8       0x64 game_object.o
                0x0000000008000cd8                is::GameObject::checkCollision(bn::rect)
 .text._ZN2is9GameScene14getSceneBoundsEv
                0x0000000008000d3c       0x14 game_scene.o
                0x0000000008000d3c                is::GameScene::getSceneBounds()
 .text._ZN2is9GameSceneD2Ev
                0x0000000008000d50       0x74 game_scene.o
                0x0000000008000d50                is::GameScene::~GameScene()
                0x0000000008000d50                is::GameScene::~GameScene()
 .text._ZN2is9GameSceneD0Ev
                0x0000000008000dc4       0x1c game_scene.o
                0x0000000008000dc4                is::GameScene::~GameScene()
 .text._ZN2is9GameScene6updateEv
                0x0000000008000de0       0x94 game_scene.o
                0x0000000008000de0                is::GameScene::update()
 .text._ZN2is9GameScene15checkCollisionsEN2bn4rectE
                0x0000000008000e74       0x98 game_scene.o
                0x0000000008000e74                is::GameScene::checkCollisions(bn::rect)
 .text._ZN3_bn6assert9show_argsIA15_cEEvPKcS4_S4_iRKT_
                0x0000000008000f0c       0x50 game_scene.o
                0x0000000008000f0c                void _bn::assert::show_args<char [15]>(char const*, char const*, char const*, int, char const (&) [15])
 .text._ZN2is9GameSceneC2EPNS_16GameSceneDetailsE
                0x0000000008000f5c      0x3f0 game_scene.o
                0x0000000008000f5c                is::GameScene::GameScene(is::GameSceneDetails*)
                0x0000000008000f5c                is::GameScene::GameScene(is::GameSceneDetails*)
 .text._ZN2is16LevelSelectSceneD0Ev
                0x000000000800134c       0x8c level_select_scene.o
                0x000000000800134c                is::LevelSelectScene::~LevelSelectScene()
 .text._ZN2is16LevelSelectSceneD2Ev
                0x00000000080013d8       0x80 level_select_scene.o
                0x00000000080013d8                is::LevelSelectScene::~LevelSelectScene()
                0x00000000080013d8                is::LevelSelectScene::~LevelSelectScene()
 .text._ZN2is16LevelSelectScene19initializeSceneListEv
                0x0000000008001458      0x13c level_select_scene.o
                0x0000000008001458                is::LevelSelectScene::initializeSceneList()
 .text._ZN2bn7ivectorIN2is17GameObjectDetailsEE9push_backEOS2_
                0x0000000008001594       0x48 level_select_scene.o
                0x0000000008001594                bn::ivector<is::GameObjectDetails>::push_back(is::GameObjectDetails&&)
 .text._ZN2isL15getSceneDetailsEi
                0x00000000080015dc     0x3178 level_select_scene.o
 .text._ZN2is16LevelSelectScene15updateLevelTextEv
                0x0000000008004754       0xb8 level_select_scene.o
                0x0000000008004754                is::LevelSelectScene::updateLevelText()
 .text._ZN2is16LevelSelectSceneC2Ev
                0x000000000800480c      0x2b8 level_select_scene.o
                0x000000000800480c                is::LevelSelectScene::LevelSelectScene()
                0x000000000800480c                is::LevelSelectScene::LevelSelectScene()
 .text._ZN2is16LevelSelectScene6updateEv
                0x0000000008004ac4      0x15c level_select_scene.o
                0x0000000008004ac4                is::LevelSelectScene::update()
 .text.startup.main
                0x0000000008004c20       0x20 main.o
                0x0000000008004c20                main
 .text._ZN2is12PauseUISceneD2Ev
                0x0000000008004c40       0x54 pause_ui_scene.o
                0x0000000008004c40                is::PauseUIScene::~PauseUIScene()
                0x0000000008004c40                is::PauseUIScene::~PauseUIScene()
 .text._ZN2is12PauseUISceneD0Ev
                0x0000000008004c94       0x60 pause_ui_scene.o
                0x0000000008004c94                is::PauseUIScene::~PauseUIScene()
 .text._ZN2is12PauseUIScene10updateTextEv
                0x0000000008004cf4       0xa8 pause_ui_scene.o
                0x0000000008004cf4                is::PauseUIScene::updateText()
 .text._ZN2is12PauseUIScene6updateEv
                0x0000000008004d9c       0x84 pause_ui_scene.o
                0x0000000008004d9c                is::PauseUIScene::update()
 .text._ZN2is12PauseUISceneC2Ev
                0x0000000008004e20      0x218 pause_ui_scene.o
                0x0000000008004e20                is::PauseUIScene::PauseUIScene()
                0x0000000008004e20                is::PauseUIScene::PauseUIScene()
 .text._ZN2is6PlayerD2Ev
                0x0000000008005038       0x2c player.o
                0x0000000008005038                is::Player::~Player()
                0x0000000008005038                is::Player::~Player()
 .text._ZN2is6PlayerD0Ev
                0x0000000008005064       0x34 player.o
                0x0000000008005064                is::Player::~Player()
 .text._ZN2is6PlayerC2ERNS_9GameSceneE
                0x0000000008005098      0x168 player.o
                0x0000000008005098                is::Player::Player(is::GameScene&)
                0x0000000008005098                is::Player::Player(is::GameScene&)
 .text._ZN2is6Player16getColliderAheadEv
                0x0000000008005200       0x48 player.o
                0x0000000008005200                is::Player::getColliderAhead()
 .text._ZN2is6Player14checkMoveAheadEv
                0x0000000008005248      0x1e8 player.o
                0x0000000008005248                is::Player::checkMoveAhead()
 .text._ZN2is6Player4moveEv
                0x0000000008005430       0x38 player.o
                0x0000000008005430                is::Player::move()
 .text._ZN2is6Player6updateEv
                0x0000000008005468      0x138 player.o
                0x0000000008005468                is::Player::update()
 .text._ZN2is6Player4fallEv
                0x00000000080055a0       0x2c player.o
                0x00000000080055a0                is::Player::fall()
 .text._ZN2is25RockWallCrackedGameObject8interactERNS_6PlayerE
                0x00000000080055cc       0x34 rock_wall_cracked_game_object.o
                0x00000000080055cc                is::RockWallCrackedGameObject::interact(is::Player&)
 .text._ZN2is25RockWallCrackedGameObjectD2Ev
                0x0000000008005600       0x2c rock_wall_cracked_game_object.o
                0x0000000008005600                is::RockWallCrackedGameObject::~RockWallCrackedGameObject()
                0x0000000008005600                is::RockWallCrackedGameObject::~RockWallCrackedGameObject()
 .text._ZN2is25RockWallCrackedGameObjectD0Ev
                0x000000000800562c       0x34 rock_wall_cracked_game_object.o
                0x000000000800562c                is::RockWallCrackedGameObject::~RockWallCrackedGameObject()
 .text._ZN2is25RockWallCrackedGameObjectC2ERNS_9GameSceneEN2bn5pointENS_9DirectionE
                0x0000000008005660       0xc4 rock_wall_cracked_game_object.o
                0x0000000008005660                is::RockWallCrackedGameObject::RockWallCrackedGameObject(is::GameScene&, bn::point, is::Direction)
                0x0000000008005660                is::RockWallCrackedGameObject::RockWallCrackedGameObject(is::GameScene&, bn::point, is::Direction)
 .text._ZN2is18RockWallGameObjectD2Ev
                0x0000000008005724       0x1c rock_wall_game_object.o
                0x0000000008005724                is::RockWallGameObject::~RockWallGameObject()
                0x0000000008005724                is::RockWallGameObject::~RockWallGameObject()
 .text._ZN2is18RockWallGameObjectD0Ev
                0x0000000008005740       0x24 rock_wall_game_object.o
                0x0000000008005740                is::RockWallGameObject::~RockWallGameObject()
 .text._ZN2is18RockWallGameObjectC2ERNS_9GameSceneEN2bn5pointENS_9DirectionE
                0x0000000008005764       0x64 rock_wall_game_object.o
                0x0000000008005764                is::RockWallGameObject::RockWallGameObject(is::GameScene&, bn::point, is::Direction)
                0x0000000008005764                is::RockWallGameObject::RockWallGameObject(is::GameScene&, bn::point, is::Direction)
 .text._ZN2is22RockWallHoleGameObject6updateEv
                0x00000000080057c8       0x20 rock_wall_hole_game_object.o
                0x00000000080057c8                is::RockWallHoleGameObject::update()
 .text._ZN2is22RockWallHoleGameObject8interactERNS_6PlayerE
                0x00000000080057e8        0x8 rock_wall_hole_game_object.o
                0x00000000080057e8                is::RockWallHoleGameObject::interact(is::Player&)
 .text._ZN2is22RockWallHoleGameObjectD2Ev
                0x00000000080057f0       0x1c rock_wall_hole_game_object.o
                0x00000000080057f0                is::RockWallHoleGameObject::~RockWallHoleGameObject()
                0x00000000080057f0                is::RockWallHoleGameObject::~RockWallHoleGameObject()
 .text._ZN2is22RockWallHoleGameObjectD0Ev
                0x000000000800580c       0x24 rock_wall_hole_game_object.o
                0x000000000800580c                is::RockWallHoleGameObject::~RockWallHoleGameObject()
 .text._ZN2is22RockWallHoleGameObjectC2ERNS_9GameSceneEN2bn5pointENS_9DirectionEi
                0x0000000008005830       0x88 rock_wall_hole_game_object.o
                0x0000000008005830                is::RockWallHoleGameObject::RockWallHoleGameObject(is::GameScene&, bn::point, is::Direction, int)
                0x0000000008005830                is::RockWallHoleGameObject::RockWallHoleGameObject(is::GameScene&, bn::point, is::Direction, int)
 .text._ZN2is4saveEv
                0x00000000080058b8       0x18 save_data.o
                0x00000000080058b8                is::save()
 .text._ZN2is4loadEv
                0x00000000080058d0       0x80 save_data.o
                0x00000000080058d0                is::load()
 .text.startup._GLOBAL__sub_I__ZN2is8saveDataE
                0x0000000008005950       0x10 save_data.o
 .text._ZN2is5Scene6updateEv
                0x0000000008005960        0xc scene.o
                0x0000000008005960                is::Scene::update()
 .text._ZN2is5SceneD2Ev
                0x000000000800596c        0x4 scene.o
                0x000000000800596c                is::Scene::~Scene()
                0x000000000800596c                is::Scene::~Scene()
 .text._ZN2is5SceneD0Ev
                0x0000000008005970       0x14 scene.o
                0x0000000008005970                is::Scene::~Scene()
 .text._ZN2is5SceneC2EN2bn6stringILi12EEE
                0x0000000008005984       0x7c scene.o
                0x0000000008005984                is::Scene::Scene(bn::string<12>)
                0x0000000008005984                is::Scene::Scene(bn::string<12>)
 .text._ZN2is12SceneManagerC2Ev
                0x0000000008005a00       0x18 scene_manager.o
                0x0000000008005a00                is::SceneManager::SceneManager()
                0x0000000008005a00                is::SceneManager::SceneManager()
 .text._ZN2is12SceneManager10initializeEv
                0x0000000008005a18       0x28 scene_manager.o
                0x0000000008005a18                is::SceneManager::initialize()
 .text._ZN2isL15getSceneDetailsEi
                0x0000000008005a40     0x31b4 scene_manager.o
 .text._ZN2is12SceneManager8getSceneEiN2bn5pointE
                0x0000000008008bf4      0x11c scene_manager.o
                0x0000000008008bf4                is::SceneManager::getScene(int, bn::point)
 .text._ZN2is12SceneManager6updateEv
                0x0000000008008d10      0x17c scene_manager.o
                0x0000000008008d10                is::SceneManager::update()
 .text._ZN2is18SnowballGameObject8interactERNS_6PlayerE
                0x0000000008008e8c       0x34 snowball_game_object.o
                0x0000000008008e8c                is::SnowballGameObject::interact(is::Player&)
 .text._ZN2is18SnowballGameObjectD2Ev
                0x0000000008008ec0       0x2c snowball_game_object.o
                0x0000000008008ec0                is::SnowballGameObject::~SnowballGameObject()
                0x0000000008008ec0                is::SnowballGameObject::~SnowballGameObject()
 .text._ZN2is18SnowballGameObjectD0Ev
                0x0000000008008eec       0x34 snowball_game_object.o
                0x0000000008008eec                is::SnowballGameObject::~SnowballGameObject()
 .text._ZN2is18SnowballGameObjectC2ERNS_9GameSceneEN2bn5pointE
                0x0000000008008f20       0xc8 snowball_game_object.o
                0x0000000008008f20                is::SnowballGameObject::SnowballGameObject(is::GameScene&, bn::point)
                0x0000000008008f20                is::SnowballGameObject::SnowballGameObject(is::GameScene&, bn::point)
 .text._ZN2is16SpriteGameObject6updateEv
                0x0000000008008fe8        0xc sprite_game_object.o
                0x0000000008008fe8                is::SpriteGameObject::update()
 .text._ZN2is16SpriteGameObject11setPositionEN2bn5pointE
                0x0000000008008ff4       0x30 sprite_game_object.o
                0x0000000008008ff4                is::SpriteGameObject::setPosition(bn::point)
 .text._ZN2is16SpriteGameObjectD2Ev
                0x0000000008009024       0x1c sprite_game_object.o
                0x0000000008009024                is::SpriteGameObject::~SpriteGameObject()
                0x0000000008009024                is::SpriteGameObject::~SpriteGameObject()
 .text._ZN2is16SpriteGameObjectD0Ev
                0x0000000008009040       0x24 sprite_game_object.o
                0x0000000008009040                is::SpriteGameObject::~SpriteGameObject()
 .text._ZN2is16SpriteGameObjectC2ERNS_9GameSceneEN2bn11sprite_itemENS3_5pointE
                0x0000000008009064       0x54 sprite_game_object.o
                0x0000000008009064                is::SpriteGameObject::SpriteGameObject(is::GameScene&, bn::sprite_item, bn::point)
                0x0000000008009064                is::SpriteGameObject::SpriteGameObject(is::GameScene&, bn::sprite_item, bn::point)
 .text._ZN2is14StartMenuSceneD2Ev
                0x00000000080090b8       0x64 start_menu_scene.o
                0x00000000080090b8                is::StartMenuScene::~StartMenuScene()
                0x00000000080090b8                is::StartMenuScene::~StartMenuScene()
 .text._ZN2is14StartMenuSceneD0Ev
                0x000000000800911c       0x70 start_menu_scene.o
                0x000000000800911c                is::StartMenuScene::~StartMenuScene()
 .text._ZN2is14StartMenuScene6updateEv
                0x000000000800918c       0xe4 start_menu_scene.o
                0x000000000800918c                is::StartMenuScene::update()
 .text._ZN2is14StartMenuSceneC2Ev
                0x0000000008009270      0x5ac start_menu_scene.o
                0x0000000008009270                is::StartMenuScene::StartMenuScene()
                0x0000000008009270                is::StartMenuScene::StartMenuScene()
 .text._ZN2is7UISceneD0Ev
                0x000000000800981c       0x14 ui_manager.o
                0x000000000800981c                is::UIScene::~UIScene()
 .text._ZN2is9UIManagerC2Ev
                0x0000000008009830        0x8 ui_manager.o
                0x0000000008009830                is::UIManager::UIManager()
                0x0000000008009830                is::UIManager::UIManager()
 .text._ZN2is9UIManager6updateEv
                0x0000000008009838      0x168 ui_manager.o
                0x0000000008009838                is::UIManager::update()
 .text._ZN2is9UIManager9isShowingEv
                0x00000000080099a0        0x4 ui_manager.o
                0x00000000080099a0                is::UIManager::isShowing()
 .text._ZN2is9UIManager6showUIEv
                0x00000000080099a4       0x20 ui_manager.o
                0x00000000080099a4                is::UIManager::showUI()
 .text._ZN2is9UIManager7closeUIEv
                0x00000000080099c4       0x34 ui_manager.o
                0x00000000080099c4                is::UIManager::closeUI()
 .text._ZN2is7UISceneD2Ev
                0x00000000080099f8        0x4 ui_manager.o
                0x00000000080099f8                is::UIScene::~UIScene()
                0x00000000080099f8                is::UIScene::~UIScene()
 .text._ZN2is7UIScene6updateEv
                0x00000000080099fc        0x4 ui_scene.o
                0x00000000080099fc                is::UIScene::update()
 .text._ZN2is7UISceneC2Ev
                0x0000000008009a00        0xc ui_scene.o
                0x0000000008009a00                is::UIScene::UIScene()
                0x0000000008009a00                is::UIScene::UIScene()
 .text._ZN3_bn6assert9show_argsIA16_ciEEvPKcS4_S4_iRKT_RKT0_
                0x0000000008009a0c       0x58 common_info.o
                0x0000000008009a0c                void _bn::assert::show_args<char [16], int>(char const*, char const*, char const*, int, char const (&) [16], int const&)
 .text._ZN3_bn6assert9show_argsIA15_ciEEvPKcS4_S4_iRKT_RKT0_
                0x0000000008009a64       0x58 common_stats.o
                0x0000000008009a64                void _bn::assert::show_args<char [15], int>(char const*, char const*, char const*, int, char const (&) [15], int const&)
 .text._ZN2bn13ostringstream11append_argsIiJA4_ciEEEvRKT_DpRKT0_.isra.0
                0x0000000008009abc       0x24 bn_affine_bg_animate_actions.o
 .text._ZN3_bn6assert9show_argsIJA23_ciA4_ciEEEvPKcS5_S5_iDpRKT_
                0x0000000008009ae0       0x5c bn_affine_bg_animate_actions.o
                0x0000000008009ae0                void _bn::assert::show_args<char [23], int, char [4], int>(char const*, char const*, char const*, int, char const (&) [23], int const&, char const (&) [4], int const&)
 .text._ZN3_bn6assert9show_argsIA23_ciEEvPKcS4_S4_iRKT_RKT0_
                0x0000000008009b3c       0x58 bn_affine_bg_animate_actions.o
                0x0000000008009b3c                void _bn::assert::show_args<char [23], int>(char const*, char const*, char const*, int, char const (&) [23], int const&)
 .text._ZN3_bn6assert9show_argsIA24_ciEEvPKcS4_S4_iRKT_RKT0_
                0x0000000008009b94       0x58 bn_affine_bg_animate_actions.o
                0x0000000008009b94                void _bn::assert::show_args<char [24], int>(char const*, char const*, char const*, int, char const (&) [24], int const&)
 .text._ZN3_bn6assert9show_argsIA28_ciEEvPKcS4_S4_iRKT_RKT0_
                0x0000000008009bec       0x58 bn_affine_bg_animate_actions.o
                0x0000000008009bec                void _bn::assert::show_args<char [28], int>(char const*, char const*, char const*, int, char const (&) [28], int const&)
 .text._ZN2bn13audio_manager12_GLOBAL__N_111static_dataD2Ev
                0x0000000008009c44        0x4 bn_audio_manager.o
 .text._ZN2bn13audio_manager4initEv
                0x0000000008009c48       0x48 bn_audio_manager.o
                0x0000000008009c48                bn::audio_manager::init()
 .text._ZN2bn13audio_manager7disableEv
                0x0000000008009c90        0xc bn_audio_manager.o
                0x0000000008009c90                bn::audio_manager::disable()
 .text._ZN2bn13audio_manager10sound_dataEt
                0x0000000008009c9c       0x64 bn_audio_manager.o
                0x0000000008009c9c                bn::audio_manager::sound_data(unsigned short)
 .text._ZN2bn13audio_manager6updateEv
                0x0000000008009d00        0xc bn_audio_manager.o
                0x0000000008009d00                bn::audio_manager::update()
 .text._ZN2bn13audio_manager6commitEv
                0x0000000008009d0c        0xc bn_audio_manager.o
                0x0000000008009d0c                bn::audio_manager::commit()
 .text._ZN2bn13audio_manager4stopEv
                0x0000000008009d18       0x6c bn_audio_manager.o
                0x0000000008009d18                bn::audio_manager::stop()
 .text._ZN3_bn6assert9show_argsIA18_ciEEvPKcS4_S4_iRKT_RKT0_
                0x0000000008009d84       0x58 bn_audio_manager.o
                0x0000000008009d84                void _bn::assert::show_args<char [18], int>(char const*, char const*, char const*, int, char const (&) [18], int const&)
 .text._ZN3_bn6assert9show_argsIA14_ciEEvPKcS4_S4_iRKT_RKT0_
                0x0000000008009ddc       0x58 bn_audio_manager.o
                0x0000000008009ddc                void _bn::assert::show_args<char [14], int>(char const*, char const*, char const*, int, char const (&) [14], int const&)
 .text._ZN3_bn6assert9show_argsIA19_ciEEvPKcS4_S4_iRKT_RKT0_
                0x0000000008009e34       0x58 bn_audio_manager.o
                0x0000000008009e34                void _bn::assert::show_args<char [19], int>(char const*, char const*, char const*, int, char const (&) [19], int const&)
 .text._ZN3_bn6assert9show_argsIA26_ciEEvPKcS4_S4_iRKT_RKT0_
                0x0000000008009e8c       0x58 bn_audio_manager.o
                0x0000000008009e8c                void _bn::assert::show_args<char [26], int>(char const*, char const*, char const*, int, char const (&) [26], int const&)
 .text._ZN3_bn6assert9show_argsIA33_cEEvPKcS4_S4_iRKT_
                0x0000000008009ee4       0x50 bn_audio_manager.o
                0x0000000008009ee4                void _bn::assert::show_args<char [33]>(char const*, char const*, char const*, int, char const (&) [33])
 .text._ZNK2bn10music_item4playEv
                0x0000000008009f34       0x8c bn_audio_manager.o
                0x0000000008009f34                bn::music_item::play() const
 .text._ZN3_bn6assert9show_argsIA25_cEEvPKcS4_S4_iRKT_
                0x0000000008009fc0       0x50 bn_audio_manager.o
                0x0000000008009fc0                void _bn::assert::show_args<char [25]>(char const*, char const*, char const*, int, char const (&) [25])
 .text._ZN3_bn6assert9show_argsIA24_cEEvPKcS4_S4_iRKT_
                0x000000000800a010       0x50 bn_audio_manager.o
                0x000000000800a010                void _bn::assert::show_args<char [24]>(char const*, char const*, char const*, int, char const (&) [24])
 .text._ZN3_bn6assert9show_argsIA20_cEEvPKcS4_S4_iRKT_
                0x000000000800a060       0x50 bn_audio_manager.o
                0x000000000800a060                void _bn::assert::show_args<char [20]>(char const*, char const*, char const*, int, char const (&) [20])
 .text._ZN3_bn6assert9show_argsIA26_cEEvPKcS4_S4_iRKT_
                0x000000000800a0b0       0x50 bn_audio_manager.o
                0x000000000800a0b0                void _bn::assert::show_args<char [26]>(char const*, char const*, char const*, int, char const (&) [26])
 .text._ZN3_bn6assert9show_argsIA25_ciEEvPKcS4_S4_iRKT_RKT0_
                0x000000000800a100       0x58 bn_audio_manager.o
                0x000000000800a100                void _bn::assert::show_args<char [25], int>(char const*, char const*, char const*, int, char const (&) [25], int const&)
 .text._ZN2bn13audio_manager16execute_commandsEv
                0x000000000800a158      0x718 bn_audio_manager.o
                0x000000000800a158                bn::audio_manager::execute_commands()
 .text._ZN3_bn6assert9show_argsIA17_cEEvPKcS4_S4_iRKT_
                0x000000000800a870       0x50 bn_audio_manager.o
                0x000000000800a870                void _bn::assert::show_args<char [17]>(char const*, char const*, char const*, int, char const (&) [17])
 .text.startup._GLOBAL__sub_I__ZN2bn5audio16update_on_vblankEv
                0x000000000800a8c0       0x98 bn_audio_manager.o
 .text._ZN2bn18best_fit_allocator4freeEPv
                0x000000000800a958      0x110 bn_best_fit_allocator.o
                0x000000000800a958                bn::best_fit_allocator::free(void*)
 .text._ZN3_bn6assert9show_argsIA23_cEEvPKcS4_S4_iRKT_
                0x000000000800aa68       0x50 bn_best_fit_allocator.o
                0x000000000800aa68                void _bn::assert::show_args<char [23]>(char const*, char const*, char const*, int, char const (&) [23])
 .text._ZN2bn18best_fit_allocatorD2Ev
                0x000000000800aab8       0x34 bn_best_fit_allocator.o
                0x000000000800aab8                bn::best_fit_allocator::~best_fit_allocator()
                0x000000000800aab8                bn::best_fit_allocator::~best_fit_allocator()
 .text._ZN2bn18best_fit_allocator5allocEi
                0x000000000800aaec      0x15c bn_best_fit_allocator.o
                0x000000000800aaec                bn::best_fit_allocator::alloc(int)
 .text._ZN3_bn6assert9show_argsIA20_ciEEvPKcS4_S4_iRKT_RKT0_
                0x000000000800ac48       0x58 bn_best_fit_allocator.o
                0x000000000800ac48                void _bn::assert::show_args<char [20], int>(char const*, char const*, char const*, int, char const (&) [20], int const&)
 .text._ZN3_bn6assert9show_argsIA14_cEEvPKcS4_S4_iRKT_
                0x000000000800aca0       0x50 bn_best_fit_allocator.o
                0x000000000800aca0                void _bn::assert::show_args<char [14]>(char const*, char const*, char const*, int, char const (&) [14])
 .text._ZN3_bn6assert9show_argsIA21_cEEvPKcS4_S4_iRKT_
                0x000000000800acf0       0x50 bn_best_fit_allocator.o
                0x000000000800acf0                void _bn::assert::show_args<char [21]>(char const*, char const*, char const*, int, char const (&) [21])
 .text._ZN2bn18best_fit_allocator5resetEPvi
                0x000000000800ad40       0xbc bn_best_fit_allocator.o
                0x000000000800ad40                bn::best_fit_allocator::reset(void*, int)
 .text._ZN2bn17bg_blocks_manager12_GLOBAL__N_117_hw_commit_offsetEPKtjtPt
                0x000000000800adfc       0x90 bn_bg_blocks_manager.o
 .text._ZN2bn13ostringstream11append_argsIiJA4_ctEEEvRKT_DpRKT0_.isra.0
                0x000000000800ae8c       0x24 bn_bg_blocks_manager.o
 .text._ZN2bn13ostringstream11append_argsIiJA4_ciEEEvRKT_DpRKT0_.isra.0
                0x000000000800aeb0       0x24 bn_bg_blocks_manager.o
 .text._ZNK2bn18regular_bg_map_ptr2idEv
                0x000000000800aed4       0x18 bn_bg_blocks_manager.o
                0x000000000800aed4                bn::regular_bg_map_ptr::id() const
 .text._ZNK2bn18regular_bg_map_ptr10dimensionsEv
                0x000000000800aeec       0x20 bn_bg_blocks_manager.o
                0x000000000800aeec                bn::regular_bg_map_ptr::dimensions() const
 .text._ZNK2bn18regular_bg_map_ptr3bigEv
                0x000000000800af0c       0x18 bn_bg_blocks_manager.o
                0x000000000800af0c                bn::regular_bg_map_ptr::big() const
 .text._ZNK2bn20regular_bg_tiles_ptr3cbbEv
                0x000000000800af24       0x18 bn_bg_blocks_manager.o
                0x000000000800af24                bn::regular_bg_tiles_ptr::cbb() const
 .text._ZNK2bn17affine_bg_map_ptr2idEv
                0x000000000800af3c       0x18 bn_bg_blocks_manager.o
                0x000000000800af3c                bn::affine_bg_map_ptr::id() const
 .text._ZNK2bn17affine_bg_map_ptr10dimensionsEv
                0x000000000800af54       0x20 bn_bg_blocks_manager.o
                0x000000000800af54                bn::affine_bg_map_ptr::dimensions() const
 .text._ZNK2bn19affine_bg_tiles_ptr3cbbEv
                0x000000000800af74       0x18 bn_bg_blocks_manager.o
                0x000000000800af74                bn::affine_bg_tiles_ptr::cbb() const
 .text._ZN2bn17bg_blocks_manager10log_statusEv
                0x000000000800af8c      0x440 bn_bg_blocks_manager.o
                0x000000000800af8c                bn::bg_blocks_manager::log_status()
 .text._ZN2bn17bg_blocks_manager15decrease_usagesEi
                0x000000000800b3cc       0x98 bn_bg_blocks_manager.o
                0x000000000800b3cc                bn::bg_blocks_manager::decrease_usages(int)
 .text._ZN2bn18regular_bg_map_ptrD2Ev
                0x000000000800b464       0x18 bn_bg_blocks_manager.o
                0x000000000800b464                bn::regular_bg_map_ptr::~regular_bg_map_ptr()
                0x000000000800b464                bn::regular_bg_map_ptr::~regular_bg_map_ptr()
 .text._ZN2bn17affine_bg_map_ptrD2Ev
                0x000000000800b47c       0x18 bn_bg_blocks_manager.o
                0x000000000800b47c                bn::affine_bg_map_ptr::~affine_bg_map_ptr()
                0x000000000800b47c                bn::affine_bg_map_ptr::~affine_bg_map_ptr()
 .text._ZN2bn17bg_blocks_manager12_GLOBAL__N_111static_dataD2Ev
                0x000000000800b494       0x5c bn_bg_blocks_manager.o
 .text._ZN2bn17bg_blocks_manager12_GLOBAL__N_110items_list12insert_afterEiRKNS1_9item_typeE.constprop.0
                0x000000000800b4f0      0x268 bn_bg_blocks_manager.o
 .text._ZN2bn17bg_blocks_manager4initEv
                0x000000000800b758       0xbc bn_bg_blocks_manager.o
                0x000000000800b758                bn::bg_blocks_manager::init()
 .text._ZN2bn17bg_blocks_manager11must_commitEi
                0x000000000800b814       0x18 bn_bg_blocks_manager.o
                0x000000000800b814                bn::bg_blocks_manager::must_commit(int)
 .text._ZN2bn17bg_blocks_manager6updateEv
                0x000000000800b82c      0x258 bn_bg_blocks_manager.o
                0x000000000800b82c                bn::bg_blocks_manager::update()
 .text._ZN3_bn6assert9show_argsIA52_ctEEvPKcS4_S4_iRKT_RKT0_
                0x000000000800ba84       0x58 bn_bg_blocks_manager.o
                0x000000000800ba84                void _bn::assert::show_args<char [52], unsigned short>(char const*, char const*, char const*, int, char const (&) [52], unsigned short const&)
 .text._ZN3_bn6assert9show_argsIJA20_ciA4_ctEEEvPKcS5_S5_iDpRKT_
                0x000000000800badc       0x5c bn_bg_blocks_manager.o
                0x000000000800badc                void _bn::assert::show_args<char [20], int, char [4], unsigned short>(char const*, char const*, char const*, int, char const (&) [20], int const&, char const (&) [4], unsigned short const&)
 .text._ZN3_bn6assert9show_argsIJA22_ciA4_ciEEEvPKcS5_S5_iDpRKT_
                0x000000000800bb38       0x5c bn_bg_blocks_manager.o
                0x000000000800bb38                void _bn::assert::show_args<char [22], int, char [4], int>(char const*, char const*, char const*, int, char const (&) [22], int const&, char const (&) [4], int const&)
 .text._ZN3_bn6assert9show_argsIJA58_ciA4_ciEEEvPKcS5_S5_iDpRKT_
                0x000000000800bb94       0x5c bn_bg_blocks_manager.o
                0x000000000800bb94                void _bn::assert::show_args<char [58], int, char [4], int>(char const*, char const*, char const*, int, char const (&) [58], int const&, char const (&) [4], int const&)
 .text._ZN3_bn6assert9show_argsIA38_cEEvPKcS4_S4_iRKT_
                0x000000000800bbf0       0x50 bn_bg_blocks_manager.o
                0x000000000800bbf0                void _bn::assert::show_args<char [38]>(char const*, char const*, char const*, int, char const (&) [38])
 .text._ZN3_bn6assert9show_argsIA27_ciEEvPKcS4_S4_iRKT_RKT0_
                0x000000000800bc40       0x58 bn_bg_blocks_manager.o
                0x000000000800bc40                void _bn::assert::show_args<char [27], int>(char const*, char const*, char const*, int, char const (&) [27], int const&)
 .text._ZN2bn17bg_blocks_manager12_GLOBAL__N_110_hw_commitEPKtNS_16compression_typeEibPt
                0x000000000800bc98       0x6c bn_bg_blocks_manager.o
 .text._ZN3_bn6assert9show_argsIA22_ciEEvPKcS4_S4_iRKT_RKT0_
                0x000000000800bd04       0x58 bn_bg_blocks_manager.o
                0x000000000800bd04                void _bn::assert::show_args<char [22], int>(char const*, char const*, char const*, int, char const (&) [22], int const&)
 .text._ZN3_bn6assert9show_argsIA19_cEEvPKcS4_S4_iRKT_
                0x000000000800bd5c       0x50 bn_bg_blocks_manager.o
                0x000000000800bd5c                void _bn::assert::show_args<char [19]>(char const*, char const*, char const*, int, char const (&) [19])
 .text._ZN2bn17bg_blocks_manager12_GLOBAL__N_116_find_tiles_implEPKtNS_16compression_typeEib
                0x000000000800bdac      0x104 bn_bg_blocks_manager.o
 .text._ZN3_bn6assert9show_argsIJA32_cA15_cPKtA16_ciA17_ciA34_cN2bn11string_viewEEEEvPKcSC_SC_iDpRKT_
                0x000000000800beb0       0x94 bn_bg_blocks_manager.o
                0x000000000800beb0                void _bn::assert::show_args<char [32], char [15], unsigned short const*, char [16], int, char [17], int, char [34], bn::string_view>(char const*, char const*, char const*, int, char const (&) [32], char const (&) [15], unsigned short const* const&, char const (&) [16], int const&, char const (&) [17], int const&, char const (&) [34], bn::string_view const&)
 .text._ZN3_bn6assert9show_argsIJA30_cA13_cPKtA14_ciA15_ciA17_ciA34_cN2bn11string_viewEEEEvPKcSD_SD_iDpRKT_
                0x000000000800bf44       0xa8 bn_bg_blocks_manager.o
                0x000000000800bf44                void _bn::assert::show_args<char [30], char [13], unsigned short const*, char [14], int, char [15], int, char [17], int, char [34], bn::string_view>(char const*, char const*, char const*, int, char const (&) [30], char const (&) [13], unsigned short const* const&, char const (&) [14], int const&, char const (&) [15], int const&, char const (&) [17], int const&, char const (&) [34], bn::string_view const&)
 .text._ZN3_bn6assert9show_argsIA31_cEEvPKcS4_S4_iRKT_
                0x000000000800bfec       0x50 bn_bg_blocks_manager.o
                0x000000000800bfec                void _bn::assert::show_args<char [31]>(char const*, char const*, char const*, int, char const (&) [31])
 .text._ZN3_bn6assert9show_argsIJA37_ciA4_ciEEEvPKcS5_S5_iDpRKT_
                0x000000000800c03c       0x5c bn_bg_blocks_manager.o
                0x000000000800c03c                void _bn::assert::show_args<char [37], int, char [4], int>(char const*, char const*, char const*, int, char const (&) [37], int const&, char const (&) [4], int const&)
 .text._ZN3_bn6assert9show_argsIA22_cEEvPKcS4_S4_iRKT_
                0x000000000800c098       0x50 bn_bg_blocks_manager.o
                0x000000000800c098                void _bn::assert::show_args<char [22]>(char const*, char const*, char const*, int, char const (&) [22])
 .text._ZNK2bn17affine_bg_map_ptr5tilesEv
                0x000000000800c0e8       0x48 bn_bg_blocks_manager.o
                0x000000000800c0e8                bn::affine_bg_map_ptr::tiles() const
 .text._ZNK2bn18regular_bg_map_ptr5tilesEv
                0x000000000800c130       0x48 bn_bg_blocks_manager.o
                0x000000000800c130                bn::regular_bg_map_ptr::tiles() const
 .text._ZNK2bn18regular_bg_map_ptr3bppEv
                0x000000000800c178       0x4c bn_bg_blocks_manager.o
                0x000000000800c178                bn::regular_bg_map_ptr::bpp() const
 .text._ZN2bn17bg_blocks_manager21update_affine_map_rowEiii
                0x000000000800c1c4      0x164 bn_bg_blocks_manager.o
                0x000000000800c1c4                bn::bg_blocks_manager::update_affine_map_row(int, int, int)
 .text._ZN2bn17bg_blocks_manager28update_affine_map_bottom_rowEiii
                0x000000000800c328       0x2c bn_bg_blocks_manager.o
                0x000000000800c328                bn::bg_blocks_manager::update_affine_map_bottom_row(int, int, int)
 .text._ZN2bn17bg_blocks_manager23set_affine_map_positionEiii
                0x000000000800c354      0x210 bn_bg_blocks_manager.o
                0x000000000800c354                bn::bg_blocks_manager::set_affine_map_position(int, int, int)
 .text._ZN2bn17bg_blocks_manager21update_affine_map_colEiii
                0x000000000800c564      0x350 bn_bg_blocks_manager.o
                0x000000000800c564                bn::bg_blocks_manager::update_affine_map_col(int, int, int)
 .text._ZN2bn17bg_blocks_manager27update_affine_map_right_colEiii
                0x000000000800c8b4       0x2c bn_bg_blocks_manager.o
                0x000000000800c8b4                bn::bg_blocks_manager::update_affine_map_right_col(int, int, int)
 .text._ZN2bn17bg_blocks_manager22update_regular_map_rowEiii
                0x000000000800c8e0      0x17c bn_bg_blocks_manager.o
                0x000000000800c8e0                bn::bg_blocks_manager::update_regular_map_row(int, int, int)
 .text._ZN2bn17bg_blocks_manager22update_regular_map_colEiii
                0x000000000800ca5c      0x1f8 bn_bg_blocks_manager.o
                0x000000000800ca5c                bn::bg_blocks_manager::update_regular_map_col(int, int, int)
 .text._ZN2bn17bg_blocks_manager24set_regular_map_positionEiii
                0x000000000800cc54      0x200 bn_bg_blocks_manager.o
                0x000000000800cc54                bn::bg_blocks_manager::set_regular_map_position(int, int, int)
 .text._ZN2bn17bg_blocks_manager33set_regular_map_tiles_and_paletteEiONS_20regular_bg_tiles_ptrEONS_14bg_palette_ptrE
                0x000000000800ce54      0x2e8 bn_bg_blocks_manager.o
                0x000000000800ce54                bn::bg_blocks_manager::set_regular_map_tiles_and_palette(int, bn::regular_bg_tiles_ptr&&, bn::bg_palette_ptr&&)
 .text._ZN2bn17bg_blocks_manager21set_regular_map_tilesEiONS_20regular_bg_tiles_ptrE
                0x000000000800d13c      0x25c bn_bg_blocks_manager.o
                0x000000000800d13c                bn::bg_blocks_manager::set_regular_map_tiles(int, bn::regular_bg_tiles_ptr&&)
 .text._ZN2bn17bg_blocks_manager23set_regular_map_paletteEiONS_14bg_palette_ptrE
                0x000000000800d398      0x220 bn_bg_blocks_manager.o
                0x000000000800d398                bn::bg_blocks_manager::set_regular_map_palette(int, bn::bg_palette_ptr&&)
 .text._ZN2bn17bg_blocks_manager12_GLOBAL__N_122_find_regular_map_implERKNS_19regular_bg_map_itemEPKtRKNS_20regular_bg_tiles_ptrERKNS_14bg_palette_ptrE
                0x000000000800d5b8      0x284 bn_bg_blocks_manager.o
 .text._ZN2bn17bg_blocks_manager12_GLOBAL__N_112_commit_itemERKNS1_9item_typeEb
                0x000000000800d83c      0x1ac bn_bg_blocks_manager.o
 .text._ZN2bn17bg_blocks_manager19commit_uncompressedEb
                0x000000000800d9e8       0x58 bn_bg_blocks_manager.o
                0x000000000800d9e8                bn::bg_blocks_manager::commit_uncompressed(bool)
 .text._ZN2bn17bg_blocks_manager17commit_compressedEv
                0x000000000800da40       0x48 bn_bg_blocks_manager.o
                0x000000000800da40                bn::bg_blocks_manager::commit_compressed()
 .text._ZN2bn17bg_blocks_manager12_GLOBAL__N_112_create_itemEiibONS1_11create_dataE
                0x000000000800da88      0x3dc bn_bg_blocks_manager.o
 .text._ZN2bn17bg_blocks_manager12_GLOBAL__N_112_create_implEONS1_11create_dataE
                0x000000000800de64      0x1d4 bn_bg_blocks_manager.o
 .text._ZN2bn17bg_blocks_manager20create_regular_tilesERKNS_21regular_bg_tiles_itemEb
                0x000000000800e038      0x138 bn_bg_blocks_manager.o
                0x000000000800e038                bn::bg_blocks_manager::create_regular_tiles(bn::regular_bg_tiles_item const&, bool)
 .text._ZN2bn17bg_blocks_manager18create_regular_mapERKNS_19regular_bg_map_itemEPKtONS_20regular_bg_tiles_ptrEONS_14bg_palette_ptrEb
                0x000000000800e170      0x280 bn_bg_blocks_manager.o
                0x000000000800e170                bn::bg_blocks_manager::create_regular_map(bn::regular_bg_map_item const&, unsigned short const*, bn::regular_bg_tiles_ptr&&, bn::bg_palette_ptr&&, bool)
 .text._ZN2bn18regular_bg_map_ptr6createERKNS_15regular_bg_itemEi
                0x000000000800e3f0       0xcc bn_bg_blocks_manager.o
                0x000000000800e3f0                bn::regular_bg_map_ptr::create(bn::regular_bg_item const&, int)
 .text._ZN3_bn6assert9show_argsIA39_ciEEvPKcS4_S4_iRKT_RKT0_
                0x000000000800e4bc       0x58 bn_bg_blocks_manager.o
                0x000000000800e4bc                void _bn::assert::show_args<char [39], int>(char const*, char const*, char const*, int, char const (&) [39], int const&)
 .text.startup._GLOBAL__sub_I__ZN2bn7bg_maps16used_cells_countEv
                0x000000000800e514       0x88 bn_bg_blocks_manager.o
 .text._ZN2bn11bgs_manager12_GLOBAL__N_129_check_unique_regular_big_mapERNS1_9item_typeE
                0x000000000800e59c       0x68 bn_bgs_manager.o
 .text._ZN2bn11bgs_manager12_GLOBAL__N_111static_dataD2Ev
                0x000000000800e604       0x10 bn_bgs_manager.o
 .text._ZN2bn11bgs_manager12_GLOBAL__N_133_update_item_hw_affine_attributesERKNS1_9item_typeE
                0x000000000800e614       0x48 bn_bgs_manager.o
 .text._ZN2bn11bgs_manager4initEv
                0x000000000800e65c       0x8c bn_bgs_manager.o
                0x000000000800e65c                bn::bgs_manager::init()
 .text._ZN2bn11bgs_manager5hw_idEPv
                0x000000000800e6e8        0x8 bn_bgs_manager.o
                0x000000000800e6e8                bn::bgs_manager::hw_id(void*)
 .text._ZN2bn11bgs_manager11hw_positionEPv
                0x000000000800e6f0        0x4 bn_bgs_manager.o
                0x000000000800e6f0                bn::bgs_manager::hw_position(void*)
 .text._ZN2bn11bgs_manager14mat_attributesEPv
                0x000000000800e6f4        0x4 bn_bgs_manager.o
                0x000000000800e6f4                bn::bgs_manager::mat_attributes(void*)
 .text._ZN2bn11bgs_manager20update_windows_flagsEPj
                0x000000000800e6f8       0x7c bn_bgs_manager.o
                0x000000000800e6f8                bn::bgs_manager::update_windows_flags(unsigned int*)
 .text._ZN2bn11bgs_manager14update_camerasEv
                0x000000000800e774      0x14c bn_bgs_manager.o
                0x000000000800e774                bn::bgs_manager::update_cameras()
 .text._ZN2bn11bgs_manager28update_regular_map_tiles_cbbEii
                0x000000000800e8c0       0xa8 bn_bgs_manager.o
                0x000000000800e8c0                bn::bgs_manager::update_regular_map_tiles_cbb(int, int)
 .text._ZN2bn11bgs_manager30update_regular_map_palette_bppEiNS_8bpp_modeE
                0x000000000800e968       0xac bn_bgs_manager.o
                0x000000000800e968                bn::bgs_manager::update_regular_map_palette_bpp(int, bn::bpp_mode)
 .text._ZN2bn11bgs_manager36fill_hblank_effect_regular_positionsEiPKNS_7fixed_tILi12EEEPt
                0x000000000800ea14       0x38 bn_bgs_manager.o
                0x000000000800ea14                bn::bgs_manager::fill_hblank_effect_regular_positions(int, bn::fixed_t<12> const*, unsigned short*)
 .text._ZN2bn11bgs_manager45fill_hblank_effect_pivot_horizontal_positionsEPvPKNS_7fixed_tILi12EEEPj
                0x000000000800ea4c       0x24 bn_bgs_manager.o
                0x000000000800ea4c                bn::bgs_manager::fill_hblank_effect_pivot_horizontal_positions(void*, bn::fixed_t<12> const*, unsigned int*)
 .text._ZN2bn11bgs_manager43fill_hblank_effect_pivot_vertical_positionsEPvPKNS_7fixed_tILi12EEEPj
                0x000000000800ea70       0x24 bn_bgs_manager.o
                0x000000000800ea70                bn::bgs_manager::fill_hblank_effect_pivot_vertical_positions(void*, bn::fixed_t<12> const*, unsigned int*)
 .text._ZN2bn11bgs_manager6commitEb
                0x000000000800ea94       0x58 bn_bgs_manager.o
                0x000000000800ea94                bn::bgs_manager::commit(bool)
 .text._ZN2bn11bgs_manager4stopEv
                0x000000000800eaec       0x28 bn_bgs_manager.o
                0x000000000800eaec                bn::bgs_manager::stop()
 .text._ZN3_bn6assert9show_argsIA17_ciEEvPKcS4_S4_iRKT_RKT0_
                0x000000000800eb14       0x58 bn_bgs_manager.o
                0x000000000800eb14                void _bn::assert::show_args<char [17], int>(char const*, char const*, char const*, int, char const (&) [17], int const&)
 .text._ZN3_bn6assert9show_argsIA30_cEEvPKcS4_S4_iRKT_
                0x000000000800eb6c       0x50 bn_bgs_manager.o
                0x000000000800eb6c                void _bn::assert::show_args<char [30]>(char const*, char const*, char const*, int, char const (&) [30])
 .text._ZN3_bn6assert9show_argsIA27_cEEvPKcS4_S4_iRKT_
                0x000000000800ebbc       0x50 bn_bgs_manager.o
                0x000000000800ebbc                void _bn::assert::show_args<char [27]>(char const*, char const*, char const*, int, char const (&) [27])
 .text._ZN3_bn6assert9show_argsIA46_cEEvPKcS4_S4_iRKT_
                0x000000000800ec0c       0x50 bn_bgs_manager.o
                0x000000000800ec0c                void _bn::assert::show_args<char [46]>(char const*, char const*, char const*, int, char const (&) [46])
 .text._ZN2bn11bgs_manager15rebuild_handlesEv.part.0
                0x000000000800ec5c      0x1a8 bn_bgs_manager.o
 .text._ZN2bn11bgs_manager37fill_hblank_effect_regular_attributesEPvPKNS_21regular_bg_attributesEPt
                0x000000000800ee04      0x100 bn_bgs_manager.o
                0x000000000800ee04                bn::bgs_manager::fill_hblank_effect_regular_attributes(void*, bn::regular_bg_attributes const*, unsigned short*)
 .text._ZN2bn11bgs_manager6updateEv
                0x000000000800ef04      0x164 bn_bgs_manager.o
                0x000000000800ef04                bn::bgs_manager::update()
 .text._ZN2bn11bgs_manager15commit_big_mapsEv
                0x000000000800f068      0x1d0 bn_bgs_manager.o
                0x000000000800f068                bn::bgs_manager::commit_big_maps()
 .text._ZN2bn11bgs_manager12_GLOBAL__N_19item_type18update_regular_mapEv
                0x000000000800f238      0x1bc bn_bgs_manager.o
 .text._ZN2bn11bgs_manager36fill_hblank_effect_affine_attributesEPvPKNS_20affine_bg_attributesEPt
                0x000000000800f3f4      0x104 bn_bgs_manager.o
                0x000000000800f3f4                bn::bgs_manager::fill_hblank_effect_affine_attributes(void*, bn::affine_bg_attributes const*, unsigned short*)
 .text._ZN2bn18regular_bg_builder11release_mapEv
                0x000000000800f4f8       0x6c bn_bgs_manager.o
                0x000000000800f4f8                bn::regular_bg_builder::release_map()
 .text._ZN2bn11bgs_manager11regular_mapEPv
                0x000000000800f564       0x34 bn_bgs_manager.o
                0x000000000800f564                bn::bgs_manager::regular_map(void*)
 .text._ZN2bn11bgs_manager10affine_mapEPv
                0x000000000800f598       0x34 bn_bgs_manager.o
                0x000000000800f598                bn::bgs_manager::affine_map(void*)
 .text._ZN2bn11bgs_manager12_GLOBAL__N_112_insert_itemERNS1_9item_typeE
                0x000000000800f5cc      0x100 bn_bgs_manager.o
 .text._ZN3_bn6assert9show_argsIA13_cEEvPKcS4_S4_iRKT_
                0x000000000800f6cc       0x50 bn_bgs_manager.o
                0x000000000800f6cc                void _bn::assert::show_args<char [13]>(char const*, char const*, char const*, int, char const (&) [13])
 .text._ZN2bn11bgs_manager6createEONS_18regular_bg_builderE
                0x000000000800f71c      0x1ec bn_bgs_manager.o
                0x000000000800f71c                bn::bgs_manager::create(bn::regular_bg_builder&&)
 .text._ZNK2bn15regular_bg_item9create_bgENS_7fixed_tILi12EEES2_
                0x000000000800f908       0x78 bn_bgs_manager.o
                0x000000000800f908                bn::regular_bg_item::create_bg(bn::fixed_t<12>, bn::fixed_t<12>) const
 .text._ZN2bn5eraseIPNS_11bgs_manager12_GLOBAL__N_19item_typeEEENS_7ivectorIT_E9size_typeERS7_RKS6_.constprop.0.isra.0
                0x000000000800f980      0x150 bn_bgs_manager.o
 .text._ZN2bn11bgs_manager15decrease_usagesEPv
                0x000000000800fad0       0xa8 bn_bgs_manager.o
                0x000000000800fad0                bn::bgs_manager::decrease_usages(void*)
 .text._ZN2bn14regular_bg_ptrD2Ev
                0x000000000800fb78       0x18 bn_bgs_manager.o
                0x000000000800fb78                bn::regular_bg_ptr::~regular_bg_ptr()
                0x000000000800fb78                bn::regular_bg_ptr::~regular_bg_ptr()
 .text._ZN2bn14regular_bg_ptr11set_z_orderEi
                0x000000000800fb90       0x70 bn_bgs_manager.o
                0x000000000800fb90                bn::regular_bg_ptr::set_z_order(int)
 .text._ZN2bn14regular_bg_ptr12set_priorityEi
                0x000000000800fc00       0x68 bn_bgs_manager.o
                0x000000000800fc00                bn::regular_bg_ptr::set_priority(int)
 .text.startup._GLOBAL__sub_I__ZN2bn3bgs16used_items_countEv
                0x000000000800fc68       0x90 bn_bgs_manager.o
 .text._ZN2bn10camera_ptrD2Ev
                0x000000000800fcf8       0x38 bn_cameras_manager.o
                0x000000000800fcf8                bn::camera_ptr::~camera_ptr()
                0x000000000800fcf8                bn::camera_ptr::~camera_ptr()
 .text._ZNK2bn10camera_ptr8positionEv
                0x000000000800fd30       0x14 bn_cameras_manager.o
                0x000000000800fd30                bn::camera_ptr::position() const
 .text._ZN2bn15cameras_manager4initEv
                0x000000000800fd44       0x24 bn_cameras_manager.o
                0x000000000800fd44                bn::cameras_manager::init()
 .text._ZN2bn15cameras_manager6updateEv
                0x000000000800fd68       0x28 bn_cameras_manager.o
                0x000000000800fd68                bn::cameras_manager::update()
 .text.startup._GLOBAL__sub_I__ZN2bn7cameras16used_items_countEv
                0x000000000800fd90       0x24 bn_cameras_manager.o
 .text._ZN2bn4core12_GLOBAL__N_14stopEb
                0x000000000800fdb4       0x58 bn_core.o
 .text._ZN2bn4core12_GLOBAL__N_111update_implEv
                0x000000000800fe0c      0x114 bn_core.o
 .text._ZN2bn4core6updateEv
                0x000000000800ff20       0x6c bn_core.o
                0x000000000800ff20                bn::core::update()
 .text._ZN2bn4core4initERKNS_8optionalINS_5colorEEERKNS_11string_viewE
                0x000000000800ff8c      0x12c bn_core.o
                0x000000000800ff8c                bn::core::init(bn::optional<bn::color> const&, bn::string_view const&)
 .text._ZN2bn4core4initEv
                0x00000000080100b8       0x24 bn_core.o
                0x00000000080100b8                bn::core::init()
 .text._ZN2bn4core9on_vblankEv
                0x00000000080100dc       0x2c bn_core.o
                0x00000000080100dc                bn::core::on_vblank()
 .text._ZN2bn11string_viewC2EPKc
                0x0000000008010108       0x40 bn_core.o
                0x0000000008010108                bn::string_view::string_view(char const*)
                0x0000000008010108                bn::string_view::string_view(char const*)
 .text._ZN3_bn6assert12_GLOBAL__N_110_show_implEPKcS3_S3_iRKN2bn11string_viewE
                0x0000000008010148       0x80 bn_core.o
 .text._ZN3_bn6assert4showEPKcS2_S2_iRKN2bn12istring_baseE
                0x00000000080101c8       0x18 bn_core.o
                0x00000000080101c8                _bn::assert::show(char const*, char const*, char const*, int, bn::istring_base const&)
 .text.startup._GLOBAL__sub_I__ZN2bn4core4initEv
                0x00000000080101e0       0x4c bn_core.o
 .text._ZN2bn15display_manager12_GLOBAL__N_111static_dataD2Ev
                0x000000000801022c       0x34 bn_display_manager.o
 .text._ZN2bn15display_manager12_GLOBAL__N_134_update_rect_windows_hw_boundariesEi
                0x0000000008010260       0x80 bn_display_manager.o
 .text._ZN2bn15display_manager4initEv
                0x00000000080102e0       0xa4 bn_display_manager.o
                0x00000000080102e0                bn::display_manager::init()
 .text._ZN2bn15display_manager8set_modeEi
                0x0000000008010384       0x1c bn_display_manager.o
                0x0000000008010384                bn::display_manager::set_mode(int)
 .text._ZN2bn15display_manager14set_bg_enabledEib
                0x00000000080103a0       0x18 bn_display_manager.o
                0x00000000080103a0                bn::display_manager::set_bg_enabled(int, bool)
 .text._ZN2bn15display_manager15disable_all_bgsEv
                0x00000000080103b8       0x14 bn_display_manager.o
                0x00000000080103b8                bn::display_manager::disable_all_bgs()
 .text._ZN2bn15display_manager36fill_mosaic_hblank_effect_attributesEPKNS_17mosaic_attributesEPt
                0x00000000080103cc       0xb4 bn_display_manager.o
                0x00000000080103cc                bn::display_manager::fill_mosaic_hblank_effect_attributes(bn::mosaic_attributes const*, unsigned short*)
 .text._ZN2bn15display_manager27set_blending_top_bg_enabledEib
                0x0000000008010480       0x20 bn_display_manager.o
                0x0000000008010480                bn::display_manager::set_blending_top_bg_enabled(int, bool)
 .text._ZN2bn15display_manager30set_blending_bottom_bg_enabledEib
                0x00000000080104a0       0x20 bn_display_manager.o
                0x00000000080104a0                bn::display_manager::set_blending_bottom_bg_enabled(int, bool)
 .text._ZN2bn15display_manager32blending_transparency_top_weightEv
                0x00000000080104c0       0x18 bn_display_manager.o
                0x00000000080104c0                bn::display_manager::blending_transparency_top_weight()
 .text._ZN2bn15display_manager35blending_transparency_bottom_weightEv
                0x00000000080104d8       0x28 bn_display_manager.o
                0x00000000080104d8                bn::display_manager::blending_transparency_bottom_weight()
 .text._ZN2bn15display_manager51fill_blending_transparency_hblank_effect_attributesEPKNS_32blending_transparency_attributesEPt
                0x0000000008010500       0x30 bn_display_manager.o
                0x0000000008010500                bn::display_manager::fill_blending_transparency_hblank_effect_attributes(bn::blending_transparency_attributes const*, unsigned short*)
 .text._ZN2bn15display_manager21blending_fade_enabledEv
                0x0000000008010530        0xc bn_display_manager.o
                0x0000000008010530                bn::display_manager::blending_fade_enabled()
 .text._ZN2bn15display_manager39fill_blending_fade_hblank_effect_alphasEPKNS_19blending_fade_alphaEPt
                0x000000000801053c       0x24 bn_display_manager.o
                0x000000000801053c                bn::display_manager::fill_blending_fade_hblank_effect_alphas(bn::blending_fade_alpha const*, unsigned short*)
 .text._ZN2bn15display_manager26update_windows_visible_bgsEv
                0x0000000008010560       0x14 bn_display_manager.o
                0x0000000008010560                bn::display_manager::update_windows_visible_bgs()
 .text._ZN2bn15display_manager36rect_window_hw_horizontal_boundariesEi
                0x0000000008010574       0x14 bn_display_manager.o
                0x0000000008010574                bn::display_manager::rect_window_hw_horizontal_boundaries(int)
 .text._ZN2bn15display_manager34rect_window_hw_vertical_boundariesEi
                0x0000000008010588       0x14 bn_display_manager.o
                0x0000000008010588                bn::display_manager::rect_window_hw_vertical_boundaries(int)
 .text._ZN2bn15display_manager52fill_rect_window_hblank_effect_horizontal_boundariesERKSt4pairIiiEPKS1_INS_7fixed_tILi12EEES6_EPt
                0x000000000801059c      0x13c bn_display_manager.o
                0x000000000801059c                bn::display_manager::fill_rect_window_hblank_effect_horizontal_boundaries(std::pair<int, int> const&, std::pair<bn::fixed_t<12>, bn::fixed_t<12> > const*, unsigned short*)
 .text._ZN2bn15display_manager50fill_rect_window_hblank_effect_vertical_boundariesERKSt4pairIiiEPKS1_INS_7fixed_tILi12EEES6_EPt
                0x00000000080106d8      0x13c bn_display_manager.o
                0x00000000080106d8                bn::display_manager::fill_rect_window_hblank_effect_vertical_boundaries(std::pair<int, int> const&, std::pair<bn::fixed_t<12>, bn::fixed_t<12> > const*, unsigned short*)
 .text._ZN2bn15display_manager36fill_green_swap_hblank_effect_statesEPKbPt
                0x0000000008010814       0x38 bn_display_manager.o
                0x0000000008010814                bn::display_manager::fill_green_swap_hblank_effect_states(bool const*, unsigned short*)
 .text._ZN2bn15display_manager14update_camerasEv
                0x000000000801084c       0x40 bn_display_manager.o
                0x000000000801084c                bn::display_manager::update_cameras()
 .text._ZN2bn15display_manager6updateEv
                0x000000000801088c      0x268 bn_display_manager.o
                0x000000000801088c                bn::display_manager::update()
 .text._ZN2bn15display_manager6commitEv
                0x0000000008010af4      0x12c bn_display_manager.o
                0x0000000008010af4                bn::display_manager::commit()
 .text._ZN2bn15display_manager4stopEv
                0x0000000008010c20       0x28 bn_display_manager.o
                0x0000000008010c20                bn::display_manager::stop()
 .text._ZN3_bn6assert9show_argsIA66_cEEvPKcS4_S4_iRKT_
                0x0000000008010c48       0x50 bn_display_manager.o
                0x0000000008010c48                void _bn::assert::show_args<char [66]>(char const*, char const*, char const*, int, char const (&) [66])
 .text.startup._GLOBAL__sub_I__ZNK2bn6window7show_bgERKNS_14regular_bg_ptrE
                0x0000000008010c98       0xa4 bn_display_manager.o
 .text._ZN2bn12gpio_manager5sleepEv
                0x0000000008010d3c       0x28 bn_gpio_manager.o
                0x0000000008010d3c                bn::gpio_manager::sleep()
 .text._ZN2bn22hblank_effects_manager12_GLOBAL__N_19item_type18_output_values_ptrEv
                0x0000000008010d64       0x40 bn_hblank_effects_manager.o
 .text._ZN2bn22hblank_effects_manager7disableEv
                0x0000000008010da4       0x24 bn_hblank_effects_manager.o
                0x0000000008010da4                bn::hblank_effects_manager::disable()
 .text._ZN2bn22hblank_effects_manager4stopEv
                0x0000000008010dc8       0x38 bn_hblank_effects_manager.o
                0x0000000008010dc8                bn::hblank_effects_manager::stop()
 .text._ZN2bn22hblank_effects_manager6commitEv
                0x0000000008010e00       0x88 bn_hblank_effects_manager.o
                0x0000000008010e00                bn::hblank_effects_manager::commit()
 .text._ZN2bn22hblank_effects_manager12_GLOBAL__N_110_is_uint32ENS0_12handler_typeE
                0x0000000008010e88       0x64 bn_hblank_effects_manager.o
 .text._ZN2bn22hblank_effects_manager12_GLOBAL__N_19item_type12check_updateEv
                0x0000000008010eec     0x16a4 bn_hblank_effects_manager.o
 .text._ZN3_bn6assert9show_argsIA18_cEEvPKcS4_S4_iRKT_
                0x0000000008012590       0x50 bn_hblank_effects_manager.o
                0x0000000008012590                void _bn::assert::show_args<char [18]>(char const*, char const*, char const*, int, char const (&) [18])
 .text._ZN2bn22hblank_effects_manager6updateEv
                0x00000000080125e0      0x1ec bn_hblank_effects_manager.o
                0x00000000080125e0                bn::hblank_effects_manager::update()
 .text._ZN2bn22hblank_effects_manager4initEv
                0x00000000080127cc      0x190 bn_hblank_effects_manager.o
                0x00000000080127cc                bn::hblank_effects_manager::init()
 .text.startup._GLOBAL__sub_I__ZN2bn4hbes10used_countEv
                0x000000000801295c       0xe8 bn_hblank_effects_manager.o
 .text._ZN2bn12hdma_manager4initEv
                0x0000000008012a44       0x40 bn_hdma_manager.o
                0x0000000008012a44                bn::hdma_manager::init()
 .text._ZN2bn12hdma_manager10force_stopEv
                0x0000000008012a84       0x3c bn_hdma_manager.o
                0x0000000008012a84                bn::hdma_manager::force_stop()
 .text._ZN2bn12hdma_manager7disableEv
                0x0000000008012ac0       0x30 bn_hdma_manager.o
                0x0000000008012ac0                bn::hdma_manager::disable()
 .text._ZN2bn12hdma_manager6updateEv
                0x0000000008012af0       0x6c bn_hdma_manager.o
                0x0000000008012af0                bn::hdma_manager::update()
 .text._ZN2bn12hdma_manager6commitEb
                0x0000000008012b5c      0x120 bn_hdma_manager.o
                0x0000000008012b5c                bn::hdma_manager::commit(bool)
 .text.startup._GLOBAL__sub_I__ZN2bn4hdma7runningEv
                0x0000000008012c7c       0x34 bn_hdma_manager.o
 .text._ZN2bn6keypad9a_pressedEv
                0x0000000008012cb0       0x10 bn_keypad_manager.o
                0x0000000008012cb0                bn::keypad::a_pressed()
 .text._ZN2bn6keypad9b_pressedEv
                0x0000000008012cc0       0x10 bn_keypad_manager.o
                0x0000000008012cc0                bn::keypad::b_pressed()
 .text._ZN2bn6keypad13start_pressedEv
                0x0000000008012cd0       0x10 bn_keypad_manager.o
                0x0000000008012cd0                bn::keypad::start_pressed()
 .text._ZN2bn6keypad10right_heldEv
                0x0000000008012ce0       0x10 bn_keypad_manager.o
                0x0000000008012ce0                bn::keypad::right_held()
 .text._ZN2bn6keypad9left_heldEv
                0x0000000008012cf0       0x10 bn_keypad_manager.o
                0x0000000008012cf0                bn::keypad::left_held()
 .text._ZN2bn6keypad7up_heldEv
                0x0000000008012d00       0x10 bn_keypad_manager.o
                0x0000000008012d00                bn::keypad::up_held()
 .text._ZN2bn6keypad9down_heldEv
                0x0000000008012d10       0x10 bn_keypad_manager.o
                0x0000000008012d10                bn::keypad::down_held()
 .text._ZN2bn14keypad_manager4stopEv
                0x0000000008012d20        0x4 bn_keypad_manager.o
                0x0000000008012d20                bn::keypad_manager::stop()
 .text._ZN2bn14keypad_manager6updateEv
                0x0000000008012d24       0xa8 bn_keypad_manager.o
                0x0000000008012d24                bn::keypad_manager::update()
 .text._ZN2bn14keypad_manager4initERKNS_11string_viewE
                0x0000000008012dcc       0x64 bn_keypad_manager.o
                0x0000000008012dcc                bn::keypad_manager::init(bn::string_view const&)
 .text._ZN3_bn6assert9show_argsIA16_cEEvPKcS4_S4_iRKT_
                0x0000000008012e30       0x50 bn_keypad_manager.o
                0x0000000008012e30                void _bn::assert::show_args<char [16]>(char const*, char const*, char const*, int, char const (&) [16])
 .text._ZN2bn12link_manager4initEv
                0x0000000008012e80        0xc bn_link_manager.o
                0x0000000008012e80                bn::link_manager::init()
 .text._ZN2bn12link_manager6activeEv
                0x0000000008012e8c        0xc bn_link_manager.o
                0x0000000008012e8c                bn::link_manager::active()
 .text._ZN2bn12link_manager7disableEv
                0x0000000008012e98       0x18 bn_link_manager.o
                0x0000000008012e98                bn::link_manager::disable()
 .text._ZN2bn14memory_manager12_GLOBAL__N_111static_dataD2Ev
                0x0000000008012eb0       0x10 bn_memory_manager.o
 .text._ZdlPvj  0x0000000008012ec0       0x18 bn_memory_manager.o
                0x0000000008012ec0                operator delete(void*, unsigned int)
 .text._ZN2bn14memory_manager4initEv
                0x0000000008012ed8       0x2c bn_memory_manager.o
                0x0000000008012ed8                bn::memory_manager::init()
 .text._ZN3_bn6assert9show_argsIA35_cjEEvPKcS4_S4_iRKT_RKT0_
                0x0000000008012f04       0x58 bn_memory_manager.o
                0x0000000008012f04                void _bn::assert::show_args<char [35], unsigned int>(char const*, char const*, char const*, int, char const (&) [35], unsigned int const&)
 .text._Znwj    0x0000000008012f5c       0x40 bn_memory_manager.o
                0x0000000008012f5c                operator new(unsigned int)
 .text.startup._GLOBAL__sub_I__Znwj
                0x0000000008012f9c       0x20 bn_memory_manager.o
 .text._ZN2bn16palettes_manager12_GLOBAL__N_111static_dataD2Ev
                0x0000000008012fbc        0x4 bn_palettes_manager.o
 .text._ZN2bn2hw8palettes9grayscaleEPKNS_5colorEiiPS2_.part.0
                0x0000000008012fc0       0x40 bn_palettes_manager.o
 .text._ZN2bn11bg_palettes21set_transparent_colorENS_5colorE
                0x0000000008013000       0x40 bn_palettes_manager.o
                0x0000000008013000                bn::bg_palettes::set_transparent_color(bn::color)
 .text._ZN2bn14bg_palette_ptrC2ERKS0_
                0x0000000008013040       0x2c bn_palettes_manager.o
                0x0000000008013040                bn::bg_palette_ptr::bg_palette_ptr(bn::bg_palette_ptr const&)
                0x0000000008013040                bn::bg_palette_ptr::bg_palette_ptr(bn::bg_palette_ptr const&)
 .text._ZNK2bn14bg_palette_ptr3bppEv
                0x000000000801306c       0x20 bn_palettes_manager.o
                0x000000000801306c                bn::bg_palette_ptr::bpp() const
 .text._ZN2bn18sprite_palette_ptrC2ERKS0_
                0x000000000801308c       0x1c bn_palettes_manager.o
                0x000000000801308c                bn::sprite_palette_ptr::sprite_palette_ptr(bn::sprite_palette_ptr const&)
                0x000000000801308c                bn::sprite_palette_ptr::sprite_palette_ptr(bn::sprite_palette_ptr const&)
 .text._ZNK2bn18sprite_palette_ptr3bppEv
                0x00000000080130a8       0x1c bn_palettes_manager.o
                0x00000000080130a8                bn::sprite_palette_ptr::bpp() const
 .text._ZNK2bn13palettes_bank10log_statusEv
                0x00000000080130c4      0x188 bn_palettes_manager.o
                0x00000000080130c4                bn::palettes_bank::log_status() const
 .text._ZN2bn13palettes_bank10find_bpp_4ERKNS_4spanIKNS_5colorEEEt
                0x000000000801324c      0x11c bn_palettes_manager.o
                0x000000000801324c                bn::palettes_bank::find_bpp_4(bn::span<bn::color const> const&, unsigned short)
 .text._ZNK2bn13palettes_bank20retrieve_commit_dataEv
                0x0000000008013368       0x4c bn_palettes_manager.o
                0x0000000008013368                bn::palettes_bank::retrieve_commit_data() const
 .text._ZNK2bn13palettes_bank21_apply_global_effectsEiPNS_5colorE
                0x00000000080133b4      0x13c bn_palettes_manager.o
                0x00000000080133b4                bn::palettes_bank::_apply_global_effects(int, bn::color*) const
 .text._ZNK2bn13palettes_bank25fill_hblank_effect_colorsEPKNS_5colorEPt
                0x00000000080134f0       0x30 bn_palettes_manager.o
                0x00000000080134f0                bn::palettes_bank::fill_hblank_effect_colors(bn::color const*, unsigned short*) const
 .text._ZNK2bn13palettes_bank7palette13apply_effectsEiPNS_5colorE
                0x0000000008013520       0xbc bn_palettes_manager.o
                0x0000000008013520                bn::palettes_bank::palette::apply_effects(int, bn::color*) const
 .text._ZNK2bn13palettes_bank25fill_hblank_effect_colorsEiPKNS_5colorEPt
                0x00000000080135dc       0x44 bn_palettes_manager.o
                0x00000000080135dc                bn::palettes_bank::fill_hblank_effect_colors(int, bn::color const*, unsigned short*) const
 .text._ZN2bn13palettes_bank15_update_paletteEi
                0x0000000008013620       0x74 bn_palettes_manager.o
                0x0000000008013620                bn::palettes_bank::_update_palette(int)
 .text._ZN2bn13palettes_bank6updateEv
                0x0000000008013694      0x134 bn_palettes_manager.o
                0x0000000008013694                bn::palettes_bank::update()
 .text._ZN2bn13palettes_bankC2Ev
                0x00000000080137c8       0xd4 bn_palettes_manager.o
                0x00000000080137c8                bn::palettes_bank::palettes_bank()
                0x00000000080137c8                bn::palettes_bank::palettes_bank()
 .text._ZN2bn16palettes_manager4initERKNS_8optionalINS_5colorEEE
                0x000000000801389c      0x184 bn_palettes_manager.o
                0x000000000801389c                bn::palettes_manager::init(bn::optional<bn::color> const&)
 .text._ZN2bn16palettes_manager20sprite_palettes_bankEv
                0x0000000008013a20        0x8 bn_palettes_manager.o
                0x0000000008013a20                bn::palettes_manager::sprite_palettes_bank()
 .text._ZN2bn16palettes_manager16bg_palettes_bankEv
                0x0000000008013a28        0x8 bn_palettes_manager.o
                0x0000000008013a28                bn::palettes_manager::bg_palettes_bank()
 .text._ZN2bn16palettes_manager6updateEv
                0x0000000008013a30       0x20 bn_palettes_manager.o
                0x0000000008013a30                bn::palettes_manager::update()
 .text._ZN2bn16palettes_manager6commitEb
                0x0000000008013a50      0x108 bn_palettes_manager.o
                0x0000000008013a50                bn::palettes_manager::commit(bool)
 .text._ZN2bn16palettes_manager4stopEv
                0x0000000008013b58       0x20 bn_palettes_manager.o
                0x0000000008013b58                bn::palettes_manager::stop()
 .text._ZN3_bn6assert9show_argsIA35_cEEvPKcS4_S4_iRKT_
                0x0000000008013b78       0x50 bn_palettes_manager.o
                0x0000000008013b78                void _bn::assert::show_args<char [35]>(char const*, char const*, char const*, int, char const (&) [35])
 .text._ZN2bn13palettes_bank11colors_hashERKNS_4spanIKNS_5colorEEE
                0x0000000008013bc8       0x48 bn_palettes_manager.o
                0x0000000008013bc8                bn::palettes_bank::colors_hash(bn::span<bn::color const> const&)
 .text._ZN3_bn6assert9show_argsIJA43_ciA36_cA42_cEEEvPKcS6_S6_iDpRKT_
                0x0000000008013c10       0x68 bn_palettes_manager.o
                0x0000000008013c10                void _bn::assert::show_args<char [43], int, char [36], char [42]>(char const*, char const*, char const*, int, char const (&) [43], int const&, char const (&) [36], char const (&) [42])
 .text._ZN2bn13palettes_bank12create_bpp_8ERKNS_4spanIKNS_5colorEEENS_16compression_typeEb
                0x0000000008013c78      0x230 bn_palettes_manager.o
                0x0000000008013c78                bn::palettes_bank::create_bpp_8(bn::span<bn::color const> const&, bn::compression_type, bool)
 .text._ZNK2bn19sprite_palette_item10decompressENS_4spanINS_5colorEEE
                0x0000000008013ea8      0x174 bn_palettes_manager.o
                0x0000000008013ea8                bn::sprite_palette_item::decompress(bn::span<bn::color>) const
 .text._ZNK2bn15bg_palette_item10decompressENS_4spanINS_5colorEEE
                0x000000000801401c      0x174 bn_palettes_manager.o
                0x000000000801401c                bn::bg_palette_item::decompress(bn::span<bn::color>) const
 .text._ZN2bn14iunordered_mapItsNS_15identity_hasherENS_8equal_toItEEE21insert_or_assign_hashEjOSt4pairIKtsE.isra.0
                0x0000000008014190      0x10c bn_palettes_manager.o
 .text._ZN2bn13palettes_bank12create_bpp_4ERKNS_4spanIKNS_5colorEEEtb
                0x000000000801429c      0x174 bn_palettes_manager.o
                0x000000000801429c                bn::palettes_bank::create_bpp_4(bn::span<bn::color const> const&, unsigned short, bool)
 .text._ZN2bn12_GLOBAL__N_112_create_implERKNS_15bg_palette_itemEb
                0x0000000008014410       0x94 bn_palettes_manager.o
 .text._ZN2bn14bg_palette_ptr6createERKNS_15bg_palette_itemE
                0x00000000080144a4       0x54 bn_palettes_manager.o
                0x00000000080144a4                bn::bg_palette_ptr::create(bn::bg_palette_item const&)
 .text._ZNK2bn15bg_palette_item14create_paletteEv
                0x00000000080144f8       0x10 bn_palettes_manager.o
                0x00000000080144f8                bn::bg_palette_item::create_palette() const
 .text._ZN2bn12_GLOBAL__N_112_create_implERKNS_19sprite_palette_itemEb
                0x0000000008014508       0x7c bn_palettes_manager.o
 .text._ZNK2bn19sprite_palette_item14create_paletteEv
                0x0000000008014584       0x48 bn_palettes_manager.o
                0x0000000008014584                bn::sprite_palette_item::create_palette() const
 .text._ZN2bn13palettes_bank30_erase_bpp_4_indexes_map_indexEt
                0x00000000080145cc      0x1e0 bn_palettes_manager.o
                0x00000000080145cc                bn::palettes_bank::_erase_bpp_4_indexes_map_index(unsigned short)
 .text._ZN2bn13palettes_bank15decrease_usagesEi
                0x00000000080147ac       0x80 bn_palettes_manager.o
                0x00000000080147ac                bn::palettes_bank::decrease_usages(int)
 .text._ZN2bn14bg_palette_ptraSERKS0_
                0x000000000801482c       0x4c bn_palettes_manager.o
                0x000000000801482c                bn::bg_palette_ptr::operator=(bn::bg_palette_ptr const&)
 .text._ZN2bn14bg_palette_ptrD2Ev
                0x0000000008014878       0x20 bn_palettes_manager.o
                0x0000000008014878                bn::bg_palette_ptr::~bg_palette_ptr()
                0x0000000008014878                bn::bg_palette_ptr::~bg_palette_ptr()
 .text._ZN2bn18sprite_palette_ptrD2Ev
                0x0000000008014898       0x20 bn_palettes_manager.o
                0x0000000008014898                bn::sprite_palette_ptr::~sprite_palette_ptr()
                0x0000000008014898                bn::sprite_palette_ptr::~sprite_palette_ptr()
 .text.startup._GLOBAL__sub_I__ZN2bn11bg_palettes17used_colors_countEv
                0x00000000080148b8       0x34 bn_palettes_manager.o
 .text._ZN2bn26sprite_affine_mats_manager12_GLOBAL__N_119_sprite_double_sizeILi32ELi16EEEbiiiii
                0x00000000080148ec       0x84 bn_sprite_affine_mats_manager.o
 .text._ZN2bn26sprite_affine_mats_manager12_GLOBAL__N_119_sprite_double_sizeILi16ELi32EEEbiiiii
                0x0000000008014970       0x84 bn_sprite_affine_mats_manager.o
 .text._ZNK2bn26sprite_affine_mats_manager12_GLOBAL__N_19item_type18sprite_double_sizeEiRKNS_17sprite_shape_sizeE
                0x00000000080149f4      0x1c0 bn_sprite_affine_mats_manager.o
 .text._ZN2bn26sprite_affine_mats_manager12_GLOBAL__N_111static_dataD2Ev
                0x0000000008014bb4       0x44 bn_sprite_affine_mats_manager.o
 .text._ZNK2bn21sprite_affine_mat_ptr15horizontal_flipEv
                0x0000000008014bf8       0x18 bn_sprite_affine_mats_manager.o
                0x0000000008014bf8                bn::sprite_affine_mat_ptr::horizontal_flip() const
 .text._ZNK2bn21sprite_affine_mat_ptr13vertical_flipEv
                0x0000000008014c10       0x18 bn_sprite_affine_mats_manager.o
                0x0000000008014c10                bn::sprite_affine_mat_ptr::vertical_flip() const
 .text._ZNK2bn21sprite_affine_mat_ptr16flipped_identityEv
                0x0000000008014c28       0x14 bn_sprite_affine_mats_manager.o
                0x0000000008014c28                bn::sprite_affine_mat_ptr::flipped_identity() const
 .text._ZN2bn26sprite_affine_mats_manager13attach_spriteEiRNS_24intrusive_list_node_typeE
                0x0000000008014c3c       0x2c bn_sprite_affine_mats_manager.o
                0x0000000008014c3c                bn::sprite_affine_mats_manager::attach_sprite(int, bn::intrusive_list_node_type&)
 .text._ZN2bn26sprite_affine_mats_manager18sprite_double_sizeEiRKNS_17sprite_shape_sizeE
                0x0000000008014c68       0x48 bn_sprite_affine_mats_manager.o
                0x0000000008014c68                bn::sprite_affine_mats_manager::sprite_double_size(int, bn::sprite_shape_size const&)
 .text._ZN2bn26sprite_affine_mats_manager20retrieve_commit_dataEv
                0x0000000008014cb0       0x38 bn_sprite_affine_mats_manager.o
                0x0000000008014cb0                bn::sprite_affine_mats_manager::retrieve_commit_data()
 .text._ZN3_bn6assert9show_argsIA37_cEEvPKcS4_S4_iRKT_
                0x0000000008014ce8       0x50 bn_sprite_affine_mats_manager.o
                0x0000000008014ce8                void _bn::assert::show_args<char [37]>(char const*, char const*, char const*, int, char const (&) [37])
 .text._ZN2bn26sprite_affine_mats_manager15decrease_usagesEi.part.0
                0x0000000008014d38       0x70 bn_sprite_affine_mats_manager.o
 .text._ZN2bn21sprite_affine_mat_ptrD2Ev
                0x0000000008014da8       0x34 bn_sprite_affine_mats_manager.o
                0x0000000008014da8                bn::sprite_affine_mat_ptr::~sprite_affine_mat_ptr()
                0x0000000008014da8                bn::sprite_affine_mat_ptr::~sprite_affine_mat_ptr()
 .text._ZN2bn26sprite_affine_mats_manager6updateEv
                0x0000000008014ddc      0x310 bn_sprite_affine_mats_manager.o
                0x0000000008014ddc                bn::sprite_affine_mats_manager::update()
 .text._ZN2bn26sprite_affine_mats_manager4initEPv
                0x00000000080150ec      0x108 bn_sprite_affine_mats_manager.o
                0x00000000080150ec                bn::sprite_affine_mats_manager::init(void*)
 .text._ZN2bn26sprite_affine_mats_manager14dettach_spriteEiRNS_24intrusive_list_node_typeE
                0x00000000080151f4       0x4c bn_sprite_affine_mats_manager.o
                0x00000000080151f4                bn::sprite_affine_mats_manager::dettach_sprite(int, bn::intrusive_list_node_type&)
 .text.startup._GLOBAL__sub_I__ZN2bn18sprite_affine_mats10used_countEv
                0x0000000008015240       0xb4 bn_sprite_affine_mats_manager.o
 .text._ZN2bn22isprite_animate_action9_set_refsERNS_10sprite_ptrERNS_17sprite_tiles_itemERNS_7ivectorItEE
                0x00000000080152f4        0x4 bn_sprite_animate_actions.o
                0x00000000080152f4                bn::isprite_animate_action::_set_refs(bn::sprite_ptr&, bn::sprite_tiles_item&, bn::ivector<unsigned short>&)
 .text._ZN2bn22isprite_animate_action16set_wait_updatesEi
                0x00000000080152f8       0x68 bn_sprite_animate_actions.o
                0x00000000080152f8                bn::isprite_animate_action::set_wait_updates(int)
 .text._ZN3_bn6assert9show_argsIA33_ciEEvPKcS4_S4_iRKT_RKT0_
                0x0000000008015360       0x58 bn_sprite_animate_actions.o
                0x0000000008015360                void _bn::assert::show_args<char [33], int>(char const*, char const*, char const*, int, char const (&) [33], int const&)
 .text._ZN2bn22isprite_animate_action24_assign_graphics_indexesERKNS_4spanIKtEE
                0x00000000080153b8       0x84 bn_sprite_animate_actions.o
                0x00000000080153b8                bn::isprite_animate_action::_assign_graphics_indexes(bn::span<unsigned short const> const&)
 .text._ZN2bn22isprite_animate_action6updateEv
                0x000000000801543c       0xb8 bn_sprite_animate_actions.o
                0x000000000801543c                bn::isprite_animate_action::update()
 .text._ZN2bn15sprites_manager12_GLOBAL__N_132_always_update_indexes_to_commitERKNS_20sprites_manager_itemE
                0x00000000080154f4       0x48 bn_sprites_manager.o
 .text._ZN2bn15sprites_manager12_GLOBAL__N_111static_dataD2Ev
                0x000000000801553c       0x44 bn_sprites_manager.o
 .text._ZN2bn13ostringstream11append_argsIiJA4_ciEEEvRKT_DpRKT0_.isra.0
                0x0000000008015580       0x24 bn_sprites_manager.o
 .text._ZN2bn15sprites_manager12_GLOBAL__N_123_update_item_dimensionsERNS_20sprites_manager_itemE
                0x00000000080155a4       0xcc bn_sprites_manager.o
 .text._ZN2bn10sprite_ptrC2ERKS0_
                0x0000000008015670        0xc bn_sprites_manager.o
                0x0000000008015670                bn::sprite_ptr::sprite_ptr(bn::sprite_ptr const&)
                0x0000000008015670                bn::sprite_ptr::sprite_ptr(bn::sprite_ptr const&)
 .text._ZN2bn10sprite_ptr12set_positionENS_7fixed_tILi12EEES2_
                0x000000000801567c       0x6c bn_sprites_manager.o
                0x000000000801567c                bn::sprite_ptr::set_position(bn::fixed_t<12>, bn::fixed_t<12>)
 .text._ZN2bn10sprite_ptr12set_positionERKNS_13fixed_point_tILi12EEE
                0x00000000080156e8       0x78 bn_sprites_manager.o
                0x00000000080156e8                bn::sprite_ptr::set_position(bn::fixed_point_t<12> const&)
 .text._ZN2bn15sprites_manager4initEv
                0x0000000008015760       0xd0 bn_sprites_manager.o
                0x0000000008015760                bn::sprites_manager::init()
 .text._ZN2bn15sprites_manager5hw_idEPv
                0x0000000008015830        0x8 bn_sprites_manager.o
                0x0000000008015830                bn::sprites_manager::hw_id(void*)
 .text._ZN2bn15sprites_manager5shapeEPv
                0x0000000008015838        0x8 bn_sprites_manager.o
                0x0000000008015838                bn::sprites_manager::shape(void*)
 .text._ZN2bn15sprites_manager4sizeEPv
                0x0000000008015840        0x8 bn_sprites_manager.o
                0x0000000008015840                bn::sprites_manager::size(void*)
 .text._ZN2bn15sprites_manager10shape_sizeEPv
                0x0000000008015848       0x14 bn_sprites_manager.o
                0x0000000008015848                bn::sprites_manager::shape_size(void*)
 .text._ZN2bn15sprites_manager11hw_positionEPv
                0x000000000801585c        0x4 bn_sprites_manager.o
                0x000000000801585c                bn::sprites_manager::hw_position(void*)
 .text._ZN2bn15sprites_manager9view_modeEPv
                0x0000000008015860        0xc bn_sprites_manager.o
                0x0000000008015860                bn::sprites_manager::view_mode(void*)
 .text._ZN2bn15sprites_manager10affine_matEPv
                0x000000000801586c        0x4 bn_sprites_manager.o
                0x000000000801586c                bn::sprites_manager::affine_mat(void*)
 .text._ZN2bn15sprites_manager39fill_hblank_effect_horizontal_positionsEPviPKNS_7fixed_tILi12EEEPt
                0x0000000008015870       0x44 bn_sprites_manager.o
                0x0000000008015870                bn::sprites_manager::fill_hblank_effect_horizontal_positions(void*, int, bn::fixed_t<12> const*, unsigned short*)
 .text._ZN2bn15sprites_manager37fill_hblank_effect_vertical_positionsEPviPKNS_7fixed_tILi12EEEPt
                0x00000000080158b4       0x44 bn_sprites_manager.o
                0x00000000080158b4                bn::sprites_manager::fill_hblank_effect_vertical_positions(void*, int, bn::fixed_t<12> const*, unsigned short*)
 .text._ZN2bn15sprites_manager35fill_hblank_effect_first_attributesEiNS_12sprite_shapeENS_8bpp_modeEiPKNS_23sprite_first_attributesEPt
                0x00000000080158f8      0x108 bn_sprites_manager.o
                0x00000000080158f8                bn::sprites_manager::fill_hblank_effect_first_attributes(int, bn::sprite_shape, bn::bpp_mode, int, bn::sprite_first_attributes const*, unsigned short*)
 .text._ZN2bn15sprites_manager44fill_hblank_effect_regular_second_attributesEPviNS_11sprite_sizeEPKNS_32sprite_regular_second_attributesEPt
                0x0000000008015a00       0x60 bn_sprites_manager.o
                0x0000000008015a00                bn::sprites_manager::fill_hblank_effect_regular_second_attributes(void*, int, bn::sprite_size, bn::sprite_regular_second_attributes const*, unsigned short*)
 .text._ZN2bn15sprites_manager43fill_hblank_effect_affine_second_attributesEPviNS_11sprite_sizeEPKNS_31sprite_affine_second_attributesEPt
                0x0000000008015a60       0x58 bn_sprites_manager.o
                0x0000000008015a60                bn::sprites_manager::fill_hblank_effect_affine_second_attributes(void*, int, bn::sprite_size, bn::sprite_affine_second_attributes const*, unsigned short*)
 .text._ZN2bn15sprites_manager14update_camerasEv
                0x0000000008015ab8       0x20 bn_sprites_manager.o
                0x0000000008015ab8                bn::sprites_manager::update_cameras()
 .text._ZN2bn15sprites_manager23update_auto_double_sizeEPv
                0x0000000008015ad8       0x2c bn_sprites_manager.o
                0x0000000008015ad8                bn::sprites_manager::update_auto_double_size(void*)
 .text._ZN2bn15sprites_manager6commitEb
                0x0000000008015b04       0xa4 bn_sprites_manager.o
                0x0000000008015b04                bn::sprites_manager::commit(bool)
 .text._ZN3_bn6assert9show_argsIA54_cEEvPKcS4_S4_iRKT_
                0x0000000008015ba8       0x50 bn_sprites_manager.o
                0x0000000008015ba8                void _bn::assert::show_args<char [54]>(char const*, char const*, char const*, int, char const (&) [54])
 .text._ZNK2bn17sprite_shape_size5widthEv
                0x0000000008015bf8       0xd4 bn_sprites_manager.o
                0x0000000008015bf8                bn::sprite_shape_size::width() const
 .text._ZNK2bn17sprite_shape_size6heightEv
                0x0000000008015ccc       0xd8 bn_sprites_manager.o
                0x0000000008015ccc                bn::sprite_shape_size::height() const
 .text._ZN2bn15sprites_manager12_GLOBAL__N_118_remove_affine_matERNS_20sprites_manager_itemE
                0x0000000008015da4       0xe8 bn_sprites_manager.o
 .text._ZN2bn15sprites_manager42remove_identity_affine_mat_when_not_neededEPv
                0x0000000008015e8c        0xc bn_sprites_manager.o
                0x0000000008015e8c                bn::sprites_manager::remove_identity_affine_mat_when_not_needed(void*)
 .text._ZN2bn14sprite_builder15release_paletteEv
                0x0000000008015e98       0x6c bn_sprites_manager.o
                0x0000000008015e98                bn::sprite_builder::release_palette()
 .text._ZN2bn14sprite_builder13release_tilesEv
                0x0000000008015f04       0x6c bn_sprites_manager.o
                0x0000000008015f04                bn::sprite_builder::release_tiles()
 .text._ZN2bn15sprites_manager7paletteEPv
                0x0000000008015f70       0x34 bn_sprites_manager.o
                0x0000000008015f70                bn::sprites_manager::palette(void*)