Archive member included to satisfy reference by file (symbol)

/opt/devkitpro/devkitARM/bin/../lib/gcc/arm-none-eabi/12.1.0/thumb/libgcc.a(_call_via_rX.o)
                              mm_main_gba.o (_call_via_r1)
/opt/devkitpro/devkitARM/bin/../lib/gcc/arm-none-eabi/12.1.0/thumb/libgcc.a(_aeabi_ldivmod.o)
                              bn_hw_text.o (__aeabi_ldivmod)
/opt/devkitpro/devkitARM/bin/../lib/gcc/arm-none-eabi/12.1.0/thumb/libgcc.a(_aeabi_uldivmod.o)
                              bn_hw_text.o (__aeabi_uldivmod)
/opt/devkitpro/devkitARM/bin/../lib/gcc/arm-none-eabi/12.1.0/thumb/libgcc.a(_udivmoddi4.o)
                              /opt/devkitpro/devkitARM/bin/../lib/gcc/arm-none-eabi/12.1.0/thumb/libgcc.a(_aeabi_ldivmod.o) (__udivmoddi4)

Discarded input sections

 .text          0x0000000000000000        0x0 /opt/devkitpro/devkitARM/bin/../lib/gcc/arm-none-eabi/12.1.0/../../../../arm-none-eabi/lib/thumb/gba_crt0.o
 .data          0x0000000000000000        0x0 /opt/devkitpro/devkitARM/bin/../lib/gcc/arm-none-eabi/12.1.0/../../../../arm-none-eabi/lib/thumb/gba_crt0.o
 .bss           0x0000000000000000        0x0 /opt/devkitpro/devkitARM/bin/../lib/gcc/arm-none-eabi/12.1.0/../../../../arm-none-eabi/lib/thumb/gba_crt0.o
 .text          0x0000000000000000        0x0 /opt/devkitpro/devkitARM/bin/../lib/gcc/arm-none-eabi/12.1.0/thumb/crti.o
 .data          0x0000000000000000        0x0 /opt/devkitpro/devkitARM/bin/../lib/gcc/arm-none-eabi/12.1.0/thumb/crti.o
 .bss           0x0000000000000000        0x0 /opt/devkitpro/devkitARM/bin/../lib/gcc/arm-none-eabi/12.1.0/thumb/crti.o
 .text          0x0000000000000000        0x0 /opt/devkitpro/devkitARM/bin/../lib/gcc/arm-none-eabi/12.1.0/thumb/crtbegin.o
 .data          0x0000000000000000        0x0 /opt/devkitpro/devkitARM/bin/../lib/gcc/arm-none-eabi/12.1.0/thumb/crtbegin.o
 .bss           0x0000000000000000        0x0 /opt/devkitpro/devkitARM/bin/../lib/gcc/arm-none-eabi/12.1.0/thumb/crtbegin.o
 .rodata.all_implied_fbits
                0x0000000000000000       0x24 /opt/devkitpro/devkitARM/bin/../lib/gcc/arm-none-eabi/12.1.0/thumb/crtbegin.o
 .text          0x0000000000000000        0x0 _bn_audio_soundbank.bin.o
 .data          0x0000000000000000        0x0 _bn_audio_soundbank.bin.o
 .bss           0x0000000000000000        0x0 _bn_audio_soundbank.bin.o
 .text          0x0000000000000000        0x0 home_icon_bn_gfx.o
 .data          0x0000000000000000        0x0 home_icon_bn_gfx.o
 .bss           0x0000000000000000        0x0 home_icon_bn_gfx.o
 .text          0x0000000000000000        0x0 rock_wall_hole_bn_gfx.o
 .data          0x0000000000000000        0x0 rock_wall_hole_bn_gfx.o
 .bss           0x0000000000000000        0x0 rock_wall_hole_bn_gfx.o
 .text          0x0000000000000000        0x0 ice_tile_bn_gfx.o
 .data          0x0000000000000000        0x0 ice_tile_bn_gfx.o
 .bss           0x0000000000000000        0x0 ice_tile_bn_gfx.o
 .rodata        0x0000000000000000      0x160 ice_tile_bn_gfx.o
 .text          0x0000000000000000        0x0 pause_scene_bn_gfx.o
 .data          0x0000000000000000        0x0 pause_scene_bn_gfx.o
 .bss           0x0000000000000000        0x0 pause_scene_bn_gfx.o
 .text          0x0000000000000000        0x0 level_button_bn_gfx.o
 .data          0x0000000000000000        0x0 level_button_bn_gfx.o
 .bss           0x0000000000000000        0x0 level_button_bn_gfx.o
 .text          0x0000000000000000        0x0 credits_bg_bn_gfx.o
 .data          0x0000000000000000        0x0 credits_bg_bn_gfx.o
 .bss           0x0000000000000000        0x0 credits_bg_bn_gfx.o
 .text          0x0000000000000000        0x0 frozen_underline_m1_bn_gfx.o
 .data          0x0000000000000000        0x0 frozen_underline_m1_bn_gfx.o
 .bss           0x0000000000000000        0x0 frozen_underline_m1_bn_gfx.o
 .rodata        0x0000000000000000      0x480 frozen_underline_m1_bn_gfx.o
 .text          0x0000000000000000        0x0 title_scene_bn_gfx.o
 .data          0x0000000000000000        0x0 title_scene_bn_gfx.o
 .bss           0x0000000000000000        0x0 title_scene_bn_gfx.o
 .text          0x0000000000000000        0x0 floor_title_bg_bn_gfx.o
 .data          0x0000000000000000        0x0 floor_title_bg_bn_gfx.o
 .bss           0x0000000000000000        0x0 floor_title_bg_bn_gfx.o
 .text          0x0000000000000000        0x0 stairs_sheet_bn_gfx.o
 .data          0x0000000000000000        0x0 stairs_sheet_bn_gfx.o
 .bss           0x0000000000000000        0x0 stairs_sheet_bn_gfx.o
 .text          0x0000000000000000        0x0 menu_pointer_bn_gfx.o
 .data          0x0000000000000000        0x0 menu_pointer_bn_gfx.o
 .bss           0x0000000000000000        0x0 menu_pointer_bn_gfx.o
 .text          0x0000000000000000        0x0 level_select_bg_bn_gfx.o
 .data          0x0000000000000000        0x0 level_select_bg_bn_gfx.o
 .bss           0x0000000000000000        0x0 level_select_bg_bn_gfx.o
[...]
Memory Configuration

Name             Origin             Length             Attributes
rom              0x0000000008000000 0x0000000002000000
iwram            0x0000000003000000 0x0000000000008000
ewram            0x0000000002000000 0x0000000000040000
*default*        0x0000000000000000 0xffffffffffffffff

Linker script and memory map

                0x0000000008000000                __text_start = ORIGIN (rom)
                0x0000000002040000                __eheap_end = (ORIGIN (ewram) + LENGTH (ewram))
                0x0000000003000000                __iwram_start = ORIGIN (iwram)
                0x0000000003008000                __iwram_top = (ORIGIN (iwram) + LENGTH (iwram))
                0x0000000003007fa0                __sp_irq = (__iwram_top - 0x60)
                0x0000000003007f00                __sp_usr = (__sp_irq - 0xa0)
                0x0000000003007ff8                __irq_flags = 0x3007ff8
                0x0000000008000000                . = __text_start

.crt0           0x0000000008000000      0x210
 *(.crt0)
 .crt0          0x0000000008000000      0x210 /opt/devkitpro/devkitARM/bin/../lib/gcc/arm-none-eabi/12.1.0/../../../../arm-none-eabi/lib/thumb/gba_crt0.o
                0x0000000008000000                _start
                0x00000000080000c4                __boot_method
                0x00000000080000c5                __slave_number
                0x00000000080000e0                start_vector
                0x0000000008000210                . = ALIGN (0x4)

.init           0x0000000008000210        0xc
 *(SORT_NONE(.init))
 .init          0x0000000008000210        0x4 /opt/devkitpro/devkitARM/bin/../lib/gcc/arm-none-eabi/12.1.0/thumb/crti.o
                0x0000000008000210                _init
 .init          0x0000000008000214        0x8 /opt/devkitpro/devkitARM/bin/../lib/gcc/arm-none-eabi/12.1.0/thumb/crtn.o

.plt            0x000000000800021c        0x0
 *(.plt)
                0x000000000800021c                . = ALIGN (0x4)

.text           0x0000000008000220    0x230b0
 *(EXCLUDE_FILE(*.iwram*) .text*)
 .text.__do_global_dtors_aux
                0x0000000008000220       0x2c /opt/devkitpro/devkitARM/bin/../lib/gcc/arm-none-eabi/12.1.0/thumb/crtbegin.o
 .text.frame_dummy
                0x000000000800024c       0x24 /opt/devkitpro/devkitARM/bin/../lib/gcc/arm-none-eabi/12.1.0/thumb/crtbegin.o
 .text._ZN3_bn6assert9show_argsIA16_ciEEvPKcS4_S4_iRKT_RKT0_
                0x0000000008000270       0x58 multi_level_scene.o
                0x0000000008000270                void _bn::assert::show_args<char [16], int>(char const*, char const*, char const*, int, char const (&) [16], int const&)
 .text._ZN3_bn6assert9show_argsIJA19_ciA4_ciEEEvPKcS5_S5_iDpRKT_
                0x00000000080002c8       0x6c multi_level_scene.o
                0x00000000080002c8                void _bn::assert::show_args<char [19], int, char [4], int>(char const*, char const*, char const*, int, char const (&) [19], int const&, char const (&) [4], int const&)
 .text._ZL15getSceneDetailsi
                0x0000000008000334     0x28bc multi_level_scene.o
 .text._ZN15MultiLevelSceneC2E14MultiSceneInfo
                0x0000000008002bf0      0x180 multi_level_scene.o
                0x0000000008002bf0                MultiLevelScene::MultiLevelScene(MultiSceneInfo)
                0x0000000008002bf0                MultiLevelScene::MultiLevelScene(MultiSceneInfo)
 .text._ZN3_bn6assert9show_argsIA24_cEEvPKcS4_S4_iRKT_
                0x0000000008002d70       0x50 multi_level_scene.o
                0x0000000008002d70                void _bn::assert::show_args<char [24]>(char const*, char const*, char const*, int, char const (&) [24])
 .text._ZN15MultiLevelScene17loadPreviousFloorEv
                0x0000000008002dc0      0x2e4 multi_level_scene.o
                0x0000000008002dc0                MultiLevelScene::loadPreviousFloor()
 .text._ZN15MultiLevelScene13loadNextFloorEv
                0x00000000080030a4      0x2e4 multi_level_scene.o
                0x00000000080030a4                MultiLevelScene::loadNextFloor()
 .text._ZN15MultiLevelScene6updateEv
                0x0000000008003388       0x60 multi_level_scene.o
                0x0000000008003388                MultiLevelScene::update()
 .text._ZN3_bn6assert9show_argsIJA16_ciA4_ciEEEvPKcS5_S5_iDpRKT_
                0x00000000080033e8       0x6c title_scene.o
                0x00000000080033e8                void _bn::assert::show_args<char [16], int, char [4], int>(char const*, char const*, char const*, int, char const (&) [16], int const&, char const (&) [4], int const&)
 .text._ZN10TitleScene21updatePointerPositionEv
                0x0000000008003454       0x8c title_scene.o
                0x0000000008003454                TitleScene::updatePointerPosition()
 .text._ZN10TitleScene6updateEv
                0x00000000080034e0       0x84 title_scene.o
                0x00000000080034e0                TitleScene::update()
 .text._ZN3_bn6assert9show_argsIA15_cEEvPKcS4_S4_iRKT_
                0x0000000008003564       0x50 title_scene.o
                0x0000000008003564                void _bn::assert::show_args<char [15]>(char const*, char const*, char const*, int, char const (&) [15])
 .text._ZN10TitleSceneC2E8SaveData
                0x00000000080035b4      0x254 title_scene.o
                0x00000000080035b4                TitleScene::TitleScene(SaveData)
                0x00000000080035b4                TitleScene::TitleScene(SaveData)
 .text.startup._GLOBAL__sub_I__ZN10TitleSceneC2E8SaveData
                0x0000000008003808       0x90 title_scene.o
 .text._ZN5Scene12getMaxBoundsEv
                0x0000000008003898       0x18 scene.o
                0x0000000008003898                Scene::getMaxBounds()
 .text._ZN5Scene12setMaxBoundsEN2bn13fixed_point_tILi12EEE
                0x00000000080038b0       0x1c scene.o
                0x00000000080038b0                Scene::setMaxBounds(bn::fixed_point_t<12>)
 .text._ZN5Scene17setPlayerPositionEN2bn13fixed_point_tILi12EEE
                0x00000000080038cc       0x2c scene.o
                0x00000000080038cc                Scene::setPlayerPosition(bn::fixed_point_t<12>)
 .text._ZN5Scene17getPlayerPositionEv
                0x00000000080038f8       0x30 scene.o
                0x00000000080038f8                Scene::getPlayerPosition()
 .text._ZN3_bn6assert9show_argsIA22_cEEvPKcS4_S4_iRKT_
                0x0000000008003928       0x50 scene.o
                0x0000000008003928                void _bn::assert::show_args<char [22]>(char const*, char const*, char const*, int, char const (&) [22])
 .text._ZN5Scene15getNextObstacleE9Direction
                0x0000000008003978      0x38c scene.o
                0x0000000008003978                Scene::getNextObstacle(Direction)
 .text._ZN5Scene8getInputEv
                0x0000000008003d04      0x264 scene.o
                0x0000000008003d04                Scene::getInput()
 .text._ZN5Scene6updateEv
                0x0000000008003f68      0x1ec scene.o
                0x0000000008003f68                Scene::update()
 .text._ZN2bn13ostringstream6appendILi12EEEvNS_7fixed_tIXT_EEE
                0x0000000008004154       0xa0 scene.o
                0x0000000008004154                void bn::ostringstream::append<12>(bn::fixed_t<12>)
 .text._ZN5SceneC2E9SceneInfo
                0x00000000080041f4      0x6f0 scene.o
                0x00000000080041f4                Scene::Scene(SceneInfo)
                0x00000000080041f4                Scene::Scene(SceneInfo)
 .text.startup._GLOBAL__sub_I__ZN5SceneC2E9SceneInfo
                0x00000000080048e4       0x90 scene.o
 .text._ZN15FloorTitleSceneC2EN2bn6stringILi32EEE
                0x0000000008004974       0xcc floor_title_scene.o
                0x0000000008004974                FloorTitleScene::FloorTitleScene(bn::string<32>)
                0x0000000008004974                FloorTitleScene::FloorTitleScene(bn::string<32>)
 .text._ZN15FloorTitleScene6updateEv
                0x0000000008004a40        0xc floor_title_scene.o
                0x0000000008004a40                FloorTitleScene::update()
 .text._ZN10EventSceneC2E9SceneInfo14EventSceneInfo
                0x0000000008004a4c      0x1f4 event_scene.o
                0x0000000008004a4c                EventScene::EventScene(SceneInfo, EventSceneInfo)
                0x0000000008004a4c                EventScene::EventScene(SceneInfo, EventSceneInfo)
 .text._ZN10EventScene6updateEv
                0x0000000008004c40        0xc event_scene.o
                0x0000000008004c40                EventScene::update()
 .text._ZN6Player12setDirectionE9Direction.part.0
                0x0000000008004c4c       0x34 player.o
 .text._ZN6PlayerC2EN2bn13fixed_point_tILi12EEE9Direction
                0x0000000008004c80      0x22c player.o
                0x0000000008004c80                Player::Player(bn::fixed_point_t<12>, Direction)
                0x0000000008004c80                Player::Player(bn::fixed_point_t<12>, Direction)
 .text._ZN6Player12setDirectionE9Direction
                0x0000000008004eac       0x3c player.o
                0x0000000008004eac                Player::setDirection(Direction)
 .text._ZN6Player11getPositionEv
                0x0000000008004ee8       0x10 player.o
                0x0000000008004ee8                Player::getPosition()
 .text._ZN6Player11setPositionEN2bn13fixed_point_tILi12EEE
                0x0000000008004ef8       0x24 player.o
                0x0000000008004ef8                Player::setPosition(bn::fixed_point_t<12>)
 .text._ZN6Player8isMovingEv
                0x0000000008004f1c        0x4 player.o
                0x0000000008004f1c                Player::isMoving()
 .text._ZN6Player4moveE9Direction
                0x0000000008004f20       0xa0 player.o
                0x0000000008004f20                Player::move(Direction)
 .text._ZN6Player6updateEv
                0x0000000008004fc0       0x14 player.o
                0x0000000008004fc0                Player::update()
 .text._ZN6Player20playFallingAnimationEv
                0x0000000008004fd4       0x88 player.o
                0x0000000008004fd4                Player::playFallingAnimation()
 .text._ZN6Player12setMoveLimitEN2bn13fixed_point_tILi12EEE
                0x000000000800505c      0x1b8 player.o
                0x000000000800505c                Player::setMoveLimit(bn::fixed_point_t<12>)
 .text.startup._GLOBAL__sub_I__ZN6PlayerC2EN2bn13fixed_point_tILi12EEE9Direction
                0x0000000008005214       0x90 player.o
 .text._ZN12CreditsSceneC2Ev
                0x00000000080052a4       0x1c credits_scene.o
                0x00000000080052a4                CreditsScene::CreditsScene()
                0x00000000080052a4                CreditsScene::CreditsScene()
 .text._ZN12CreditsScene6updateEv
                0x00000000080052c0       0x10 credits_scene.o
                0x00000000080052c0                CreditsScene::update()
 .text._ZN8Obstacle11getPositionEv
                0x00000000080052d0       0x10 obstacle.o
                0x00000000080052d0                Obstacle::getPosition()
 .text._ZN8Obstacle7getTypeEv
                0x00000000080052e0        0x4 obstacle.o
                0x00000000080052e0                Obstacle::getType()
 .text._ZN8Obstacle13isTransparentEv
                0x00000000080052e4        0x4 obstacle.o
                0x00000000080052e4                Obstacle::isTransparent()
 .text._ZN8Obstacle11isDestroyedEv
                0x00000000080052e8        0x4 obstacle.o
                0x00000000080052e8                Obstacle::isDestroyed()
 .text._ZN8Obstacle15getStopPositionE9Direction
                0x00000000080052ec       0x70 obstacle.o
                0x00000000080052ec                Obstacle::getStopPosition(Direction)
 .text._ZN8Obstacle10setDestroyEv
                0x000000000800535c       0x88 obstacle.o
                0x000000000800535c                Obstacle::setDestroy()
 .text._ZN8Obstacle10loadSpriteE12ObstacleType
                0x00000000080053e4      0x5b4 obstacle.o
                0x00000000080053e4                Obstacle::loadSprite(ObstacleType)
 .text._ZN8ObstacleC2E12ObstacleInfo
                0x0000000008005998       0x48 obstacle.o
                0x0000000008005998                Obstacle::Obstacle(ObstacleInfo)
                0x0000000008005998                Obstacle::Obstacle(ObstacleInfo)
 .text.startup._GLOBAL__sub_I__ZN8ObstacleC2E12ObstacleInfo
                0x00000000080059e0       0x90 obstacle.o
 .text._ZN11PauseWindow6updateEv
                0x0000000008005a70       0x78 pause_window.o
                0x0000000008005a70                PauseWindow::update()
 .text._ZN11PauseWindowC2Ev
                0x0000000008005ae8      0x1b0 pause_window.o
                0x0000000008005ae8                PauseWindow::PauseWindow()
                0x0000000008005ae8                PauseWindow::PauseWindow()
 .text._ZN12SceneManager12readSaveDataEv
                0x0000000008005c98       0xc8 scene_manager.o
                0x0000000008005c98                SceneManager::readSaveData()
 .text._ZN12SceneManager14loadTitleSceneEv
                0x0000000008005d60       0xcc scene_manager.o
                0x0000000008005d60                SceneManager::loadTitleScene()
 .text._ZN12SceneManagerC2Ev
                0x0000000008005e2c       0xc4 scene_manager.o
                0x0000000008005e2c                SceneManager::SceneManager()
                0x0000000008005e2c                SceneManager::SceneManager()
 .text._ZN12SceneManager20loadLevelSelectSceneEv
                0x0000000008005ef0       0xd0 scene_manager.o
                0x0000000008005ef0                SceneManager::loadLevelSelectScene()
 .text._ZN12SceneManager13loadPauseMenuEv
                0x0000000008005fc0       0x74 scene_manager.o
                0x0000000008005fc0                SceneManager::loadPauseMenu()
 .text._ZN12SceneManager18updateCreditsSceneEv
                0x0000000008006034       0x68 scene_manager.o
                0x0000000008006034                SceneManager::updateCreditsScene()
 .text._ZL15getSceneDetailsi
                0x000000000800609c     0x28bc scene_manager.o
 .text._ZN12SceneManager19loadFloorTitleSceneEv
                0x0000000008008958      0x114 scene_manager.o
                0x0000000008008958                SceneManager::loadFloorTitleScene()
 .text._ZN12SceneManager16updateTitleSceneEv
                0x0000000008008a6c      0x178 scene_manager.o
                0x0000000008008a6c                SceneManager::updateTitleScene()
 .text._ZN12SceneManager22updateLevelSelectSceneEv
                0x0000000008008be4       0xdc scene_manager.o
                0x0000000008008be4                SceneManager::updateLevelSelectScene()
 .text._ZN12SceneManager15updatePauseMenuEv
                0x0000000008008cc0      0x344 scene_manager.o
                0x0000000008008cc0                SceneManager::updatePauseMenu()
 .text._ZN12SceneManager9loadSceneEv
                0x0000000008009004      0x5bc scene_manager.o
                0x0000000008009004                SceneManager::loadScene()
 .text._ZN12SceneManager21updateFloorTitleSceneEv
                0x00000000080095c0       0xa0 scene_manager.o
                0x00000000080095c0                SceneManager::updateFloorTitleScene()
 .text._ZN12SceneManager16updateFloorSceneEv
                0x0000000008009660      0x370 scene_manager.o
                0x0000000008009660                SceneManager::updateFloorScene()
 .text._ZN12SceneManager6updateEv
                0x00000000080099d0       0x50 scene_manager.o
                0x00000000080099d0                SceneManager::update()
 .text._ZL15getSceneDetailsi
                0x0000000008009a20     0x28bc level_select_scene.o
 .text._ZN16LevelSelectSceneC2E8SaveData
                0x000000000800c2dc      0x298 level_select_scene.o
                0x000000000800c2dc                LevelSelectScene::LevelSelectScene(SaveData)
                0x000000000800c2dc                LevelSelectScene::LevelSelectScene(SaveData)
 .text._ZN16LevelSelectScene15updateFloorNameEv
                0x000000000800c574       0x7c level_select_scene.o
                0x000000000800c574                LevelSelectScene::updateFloorName()
 .text._ZN16LevelSelectScene6updateEv
                0x000000000800c5f0       0xd0 level_select_scene.o
                0x000000000800c5f0                LevelSelectScene::update()
 .text.startup._GLOBAL__sub_I__ZN16LevelSelectSceneC2E8SaveData
                0x000000000800c6c0       0x90 level_select_scene.o
 .text.startup.main
                0x000000000800c750       0x20 main.o
                0x000000000800c750                main
 .text._ZN3_bn6assert9show_argsIA15_ciEEvPKcS4_S4_iRKT_RKT0_
                0x000000000800c770       0x58 common_stats.o
                0x000000000800c770                void _bn::assert::show_args<char [15], int>(char const*, char const*, char const*, int, char const (&) [15], int const&)
 .text._ZN2bn13ostringstream11append_argsIiJA4_ciEEEvRKT_DpRKT0_.isra.0
                0x000000000800c7c8       0x24 bn_affine_bg_animate_actions.o
 .text._ZN3_bn6assert9show_argsIJA23_ciA4_ciEEEvPKcS5_S5_iDpRKT_
                0x000000000800c7ec       0x5c bn_affine_bg_animate_actions.o
                0x000000000800c7ec                void _bn::assert::show_args<char [23], int, char [4], int>(char const*, char const*, char const*, int, char const (&) [23], int const&, char const (&) [4], int const&)
 .text._ZN3_bn6assert9show_argsIA23_ciEEvPKcS4_S4_iRKT_RKT0_
                0x000000000800c848       0x58 bn_affine_bg_animate_actions.o
                0x000000000800c848                void _bn::assert::show_args<char [23], int>(char const*, char const*, char const*, int, char const (&) [23], int const&)
 .text._ZN3_bn6assert9show_argsIA24_ciEEvPKcS4_S4_iRKT_RKT0_
                0x000000000800c8a0       0x58 bn_affine_bg_animate_actions.o
                0x000000000800c8a0                void _bn::assert::show_args<char [24], int>(char const*, char const*, char const*, int, char const (&) [24], int const&)
 .text._ZN3_bn6assert9show_argsIA28_ciEEvPKcS4_S4_iRKT_RKT0_
                0x000000000800c8f8       0x58 bn_affine_bg_animate_actions.o
                0x000000000800c8f8                void _bn::assert::show_args<char [28], int>(char const*, char const*, char const*, int, char const (&) [28], int const&)
 .text._ZN2bn15display_manager12_GLOBAL__N_111static_dataD2Ev
                0x000000000800c950       0x34 bn_display_manager.o
 .text._ZN2bn15display_manager12_GLOBAL__N_134_update_rect_windows_hw_boundariesEi
                0x000000000800c984       0x80 bn_display_manager.o
 .text._ZN2bn15display_manager4initEv
                0x000000000800ca04       0xa4 bn_display_manager.o
                0x000000000800ca04                bn::display_manager::init()
 .text._ZN2bn15display_manager8set_modeEi
                0x000000000800caa8       0x1c bn_display_manager.o
                0x000000000800caa8                bn::display_manager::set_mode(int)
 .text._ZN2bn15display_manager14set_bg_enabledEib
                0x000000000800cac4       0x18 bn_display_manager.o
                0x000000000800cac4                bn::display_manager::set_bg_enabled(int, bool)
 .text._ZN2bn15display_manager15disable_all_bgsEv
                0x000000000800cadc       0x14 bn_display_manager.o
                0x000000000800cadc                bn::display_manager::disable_all_bgs()
 .text._ZN2bn15display_manager36fill_mosaic_hblank_effect_attributesEPKNS_17mosaic_attributesEPt
                0x000000000800caf0       0xb4 bn_display_manager.o
                0x000000000800caf0                bn::display_manager::fill_mosaic_hblank_effect_attributes(bn::mosaic_attributes const*, unsigned short*)
 .text._ZN2bn15display_manager27set_blending_top_bg_enabledEib
                0x000000000800cba4       0x20 bn_display_manager.o
                0x000000000800cba4                bn::display_manager::set_blending_top_bg_enabled(int, bool)
 .text._ZN2bn15display_manager30set_blending_bottom_bg_enabledEib
                0x000000000800cbc4       0x20 bn_display_manager.o
                0x000000000800cbc4                bn::display_manager::set_blending_bottom_bg_enabled(int, bool)
 .text._ZN2bn15display_manager32blending_transparency_top_weightEv
                0x000000000800cbe4       0x18 bn_display_manager.o
                0x000000000800cbe4                bn::display_manager::blending_transparency_top_weight()
 .text._ZN2bn15display_manager35blending_transparency_bottom_weightEv
                0x000000000800cbfc       0x28 bn_display_manager.o
                0x000000000800cbfc                bn::display_manager::blending_transparency_bottom_weight()
 .text._ZN2bn15display_manager51fill_blending_transparency_hblank_effect_attributesEPKNS_32blending_transparency_attributesEPt
                0x000000000800cc24       0x30 bn_display_manager.o
                0x000000000800cc24                bn::display_manager::fill_blending_transparency_hblank_effect_attributes(bn::blending_transparency_attributes const*, unsigned short*)
 .text._ZN2bn15display_manager21blending_fade_enabledEv
                0x000000000800cc54        0xc bn_display_manager.o
                0x000000000800cc54                bn::display_manager::blending_fade_enabled()
 .text._ZN2bn15display_manager39fill_blending_fade_hblank_effect_alphasEPKNS_19blending_fade_alphaEPt
                0x000000000800cc60       0x24 bn_display_manager.o
                0x000000000800cc60                bn::display_manager::fill_blending_fade_hblank_effect_alphas(bn::blending_fade_alpha const*, unsigned short*)
 .text._ZN2bn15display_manager26update_windows_visible_bgsEv
                0x000000000800cc84       0x14 bn_display_manager.o
                0x000000000800cc84                bn::display_manager::update_windows_visible_bgs()
 .text._ZN2bn15display_manager36rect_window_hw_horizontal_boundariesEi
                0x000000000800cc98       0x14 bn_display_manager.o
                0x000000000800cc98                bn::display_manager::rect_window_hw_horizontal_boundaries(int)
 .text._ZN2bn15display_manager34rect_window_hw_vertical_boundariesEi
                0x000000000800ccac       0x14 bn_display_manager.o
                0x000000000800ccac                bn::display_manager::rect_window_hw_vertical_boundaries(int)
 .text._ZN2bn15display_manager52fill_rect_window_hblank_effect_horizontal_boundariesERKNS_4pairIiiEEPKNS1_INS_7fixed_tILi12EEES6_EEPt
                0x000000000800ccc0      0x13c bn_display_manager.o
                0x000000000800ccc0                bn::display_manager::fill_rect_window_hblank_effect_horizontal_boundaries(bn::pair<int, int> const&, bn::pair<bn::fixed_t<12>, bn::fixed_t<12> > const*, unsigned short*)
 .text._ZN2bn15display_manager50fill_rect_window_hblank_effect_vertical_boundariesERKNS_4pairIiiEEPKNS1_INS_7fixed_tILi12EEES6_EEPt
                0x000000000800cdfc      0x13c bn_display_manager.o
                0x000000000800cdfc                bn::display_manager::fill_rect_window_hblank_effect_vertical_boundaries(bn::pair<int, int> const&, bn::pair<bn::fixed_t<12>, bn::fixed_t<12> > const*, unsigned short*)
 .text._ZN2bn15display_manager36fill_green_swap_hblank_effect_statesEPKbPt
                0x000000000800cf38       0x38 bn_display_manager.o
                0x000000000800cf38                bn::display_manager::fill_green_swap_hblank_effect_states(bool const*, unsigned short*)
 .text._ZN2bn15display_manager14update_camerasEv
                0x000000000800cf70       0x40 bn_display_manager.o
                0x000000000800cf70                bn::display_manager::update_cameras()
 .text._ZN2bn15display_manager6updateEv
                0x000000000800cfb0      0x268 bn_display_manager.o
                0x000000000800cfb0                bn::display_manager::update()
 .text._ZN2bn15display_manager6commitEv
                0x000000000800d218      0x12c bn_display_manager.o
                0x000000000800d218                bn::display_manager::commit()
 .text._ZN2bn15display_manager4stopEv
                0x000000000800d344       0x28 bn_display_manager.o
                0x000000000800d344                bn::display_manager::stop()
 .text._ZN3_bn6assert9show_argsIA66_cEEvPKcS4_S4_iRKT_
                0x000000000800d36c       0x50 bn_display_manager.o
                0x000000000800d36c                void _bn::assert::show_args<char [66]>(char const*, char const*, char const*, int, char const (&) [66])
 .text.startup._GLOBAL__sub_I__ZNK2bn6window7show_bgERKNS_14regular_bg_ptrE
                0x000000000800d3bc       0xa4 bn_display_manager.o
 .text._ZN2bn18best_fit_allocator4freeEPv
                0x000000000800d460      0x110 bn_best_fit_allocator.o
                0x000000000800d460                bn::best_fit_allocator::free(void*)
 .text._ZN3_bn6assert9show_argsIA23_cEEvPKcS4_S4_iRKT_
                0x000000000800d570       0x50 bn_best_fit_allocator.o
                0x000000000800d570                void _bn::assert::show_args<char [23]>(char const*, char const*, char const*, int, char const (&) [23])
 .text._ZN2bn18best_fit_allocatorD2Ev
                0x000000000800d5c0       0x34 bn_best_fit_allocator.o
                0x000000000800d5c0                bn::best_fit_allocator::~best_fit_allocator()
                0x000000000800d5c0                bn::best_fit_allocator::~best_fit_allocator()
 .text._ZN2bn18best_fit_allocator5allocEi
                0x000000000800d5f4      0x15c bn_best_fit_allocator.o
                0x000000000800d5f4                bn::best_fit_allocator::alloc(int)
 .text._ZN3_bn6assert9show_argsIA14_ciEEvPKcS4_S4_iRKT_RKT0_
                0x000000000800d750       0x58 bn_best_fit_allocator.o
                0x000000000800d750                void _bn::assert::show_args<char [14], int>(char const*, char const*, char const*, int, char const (&) [14], int const&)
 .text._ZN3_bn6assert9show_argsIA20_ciEEvPKcS4_S4_iRKT_RKT0_
                0x000000000800d7a8       0x58 bn_best_fit_allocator.o
                0x000000000800d7a8                void _bn::assert::show_args<char [20], int>(char const*, char const*, char const*, int, char const (&) [20], int const&)
 .text._ZN3_bn6assert9show_argsIA14_cEEvPKcS4_S4_iRKT_
                0x000000000800d800       0x50 bn_best_fit_allocator.o
                0x000000000800d800                void _bn::assert::show_args<char [14]>(char const*, char const*, char const*, int, char const (&) [14])
 .text._ZN3_bn6assert9show_argsIA21_cEEvPKcS4_S4_iRKT_
                0x000000000800d850       0x50 bn_best_fit_allocator.o
                0x000000000800d850                void _bn::assert::show_args<char [21]>(char const*, char const*, char const*, int, char const (&) [21])
 .text._ZN2bn18best_fit_allocator5resetEPvi
                0x000000000800d8a0       0xbc bn_best_fit_allocator.o
                0x000000000800d8a0                bn::best_fit_allocator::reset(void*, int)
 .text._ZN3_bn6assert9show_argsIA19_ciEEvPKcS4_S4_iRKT_RKT0_
                0x000000000800d95c       0x58 bn_best_fit_allocator.o
                0x000000000800d95c                void _bn::assert::show_args<char [19], int>(char const*, char const*, char const*, int, char const (&) [19], int const&)
 .text._ZN2bn13ostringstreamC2ERNS_12istring_baseE
                0x000000000800d9b4        0x8 bn_sstream.o
                0x000000000800d9b4                bn::ostringstream::ostringstream(bn::istring_base&)
                0x000000000800d9b4                bn::ostringstream::ostringstream(bn::istring_base&)
 .text._ZNK2bn13ostringstream4sizeEv
                0x000000000800d9bc        0x8 bn_sstream.o
                0x000000000800d9bc                bn::ostringstream::size() const
 .text._ZN2bn13ostringstream6appendERKNS_12istring_baseE
                0x000000000800d9c4       0x68 bn_sstream.o
                0x000000000800d9c4                bn::ostringstream::append(bn::istring_base const&)
 .text._ZN2bn13ostringstream6appendEPKc
                0x000000000800da2c       0x88 bn_sstream.o
                0x000000000800da2c                bn::ostringstream::append(char const*)
 .text._ZN2bn7istring6appendEPKc.isra.0
                0x000000000800dab4       0x88 bn_sstream.o
 .text._ZN2bn13ostringstream6appendEi
                0x000000000800db3c       0x9c bn_sstream.o
                0x000000000800db3c                bn::ostringstream::append(int)
 .text._ZN3_bn6assert9show_argsIA26_ciEEvPKcS4_S4_iRKT_RKT0_
                0x000000000800dbd8       0x54 bn_sstream.o
                0x000000000800dbd8                void _bn::assert::show_args<char [26], int>(char const*, char const*, char const*, int, char const (&) [26], int const&)
 .text._ZN2bn13ostringstream6appendERKNS_11string_viewE
                0x000000000800dc2c       0x94 bn_sstream.o
                0x000000000800dc2c                bn::ostringstream::append(bn::string_view const&)
 .text._ZN2bn13ostringstream6appendEj
                0x000000000800dcc0       0x9c bn_sstream.o
                0x000000000800dcc0                bn::ostringstream::append(unsigned int)
 .text._ZN2bn13ostringstream6appendEPKv
                0x000000000800dd5c       0xe8 bn_sstream.o
                0x000000000800dd5c                bn::ostringstream::append(void const*)
 .text._ZN2bn13ostringstream16_append_fractionEji
                0x000000000800de44       0xfc bn_sstream.o
                0x000000000800de44                bn::ostringstream::_append_fraction(unsigned int, int)
 .text._ZN2bn13ostringstream6appendEc
                0x000000000800df40       0x44 bn_sstream.o
                0x000000000800df40                bn::ostringstream::append(char)
 .text._ZN2bn11bgs_manager12_GLOBAL__N_129_check_unique_regular_big_mapERNS1_9item_typeE
                0x000000000800df84       0x68 bn_bgs_manager.o
 .text._ZN2bn11bgs_manager12_GLOBAL__N_111static_dataD2Ev
                0x000000000800dfec       0x10 bn_bgs_manager.o
 .text._ZN2bn11bgs_manager12_GLOBAL__N_133_update_item_hw_affine_attributesERKNS1_9item_typeE
                0x000000000800dffc       0x48 bn_bgs_manager.o
 .text._ZN2bn11bgs_manager4initEv
                0x000000000800e044       0x8c bn_bgs_manager.o
                0x000000000800e044                bn::bgs_manager::init()
 .text._ZN2bn11bgs_manager5hw_idEPv
                0x000000000800e0d0        0x8 bn_bgs_manager.o
                0x000000000800e0d0                bn::bgs_manager::hw_id(void*)
 .text._ZN2bn11bgs_manager11hw_positionEPv
                0x000000000800e0d8        0x4 bn_bgs_manager.o
                0x000000000800e0d8                bn::bgs_manager::hw_position(void*)
 .text._ZN2bn11bgs_manager14mat_attributesEPv
                0x000000000800e0dc        0x4 bn_bgs_manager.o
                0x000000000800e0dc                bn::bgs_manager::mat_attributes(void*)
 .text._ZN2bn11bgs_manager20update_windows_flagsEPj
                0x000000000800e0e0       0x7c bn_bgs_manager.o
                0x000000000800e0e0                bn::bgs_manager::update_windows_flags(unsigned int*)
 .text._ZN2bn11bgs_manager14update_camerasEv
                0x000000000800e15c      0x14c bn_bgs_manager.o
                0x000000000800e15c                bn::bgs_manager::update_cameras()
 .text._ZN2bn11bgs_manager28update_regular_map_tiles_cbbEii
                0x000000000800e2a8       0xa8 bn_bgs_manager.o
                0x000000000800e2a8                bn::bgs_manager::update_regular_map_tiles_cbb(int, int)
 .text._ZN2bn11bgs_manager30update_regular_map_palette_bppEiNS_8bpp_modeE
                0x000000000800e350       0xac bn_bgs_manager.o
                0x000000000800e350                bn::bgs_manager::update_regular_map_palette_bpp(int, bn::bpp_mode)
 .text._ZN2bn11bgs_manager36fill_hblank_effect_regular_positionsEiPKNS_7fixed_tILi12EEEPt
                0x000000000800e3fc       0x38 bn_bgs_manager.o
                0x000000000800e3fc                bn::bgs_manager::fill_hblank_effect_regular_positions(int, bn::fixed_t<12> const*, unsigned short*)
 .text._ZN2bn11bgs_manager45fill_hblank_effect_pivot_horizontal_positionsEPvPKNS_7fixed_tILi12EEEPj
                0x000000000800e434       0x24 bn_bgs_manager.o
                0x000000000800e434                bn::bgs_manager::fill_hblank_effect_pivot_horizontal_positions(void*, bn::fixed_t<12> const*, unsigned int*)
 .text._ZN2bn11bgs_manager43fill_hblank_effect_pivot_vertical_positionsEPvPKNS_7fixed_tILi12EEEPj
                0x000000000800e458       0x24 bn_bgs_manager.o
                0x000000000800e458                bn::bgs_manager::fill_hblank_effect_pivot_vertical_positions(void*, bn::fixed_t<12> const*, unsigned int*)
 .text._ZN2bn11bgs_manager6commitEb
                0x000000000800e47c       0x58 bn_bgs_manager.o
                0x000000000800e47c                bn::bgs_manager::commit(bool)
 .text._ZN2bn11bgs_manager4stopEv
                0x000000000800e4d4       0x28 bn_bgs_manager.o
                0x000000000800e4d4                bn::bgs_manager::stop()
 .text._ZN3_bn6assert9show_argsIA18_ciEEvPKcS4_S4_iRKT_RKT0_
                0x000000000800e4fc       0x58 bn_bgs_manager.o
                0x000000000800e4fc                void _bn::assert::show_args<char [18], int>(char const*, char const*, char const*, int, char const (&) [18], int const&)
 .text._ZN3_bn6assert9show_argsIA17_ciEEvPKcS4_S4_iRKT_RKT0_
                0x000000000800e554       0x58 bn_bgs_manager.o
                0x000000000800e554                void _bn::assert::show_args<char [17], int>(char const*, char const*, char const*, int, char const (&) [17], int const&)
 .text._ZN3_bn6assert9show_argsIA30_cEEvPKcS4_S4_iRKT_
                0x000000000800e5ac       0x50 bn_bgs_manager.o
                0x000000000800e5ac                void _bn::assert::show_args<char [30]>(char const*, char const*, char const*, int, char const (&) [30])
 .text._ZN3_bn6assert9show_argsIA33_cEEvPKcS4_S4_iRKT_
                0x000000000800e5fc       0x50 bn_bgs_manager.o
                0x000000000800e5fc                void _bn::assert::show_args<char [33]>(char const*, char const*, char const*, int, char const (&) [33])
 .text._ZN3_bn6assert9show_argsIA27_cEEvPKcS4_S4_iRKT_
                0x000000000800e64c       0x50 bn_bgs_manager.o
                0x000000000800e64c                void _bn::assert::show_args<char [27]>(char const*, char const*, char const*, int, char const (&) [27])
 .text._ZN3_bn6assert9show_argsIA46_cEEvPKcS4_S4_iRKT_
                0x000000000800e69c       0x50 bn_bgs_manager.o
                0x000000000800e69c                void _bn::assert::show_args<char [46]>(char const*, char const*, char const*, int, char const (&) [46])
 .text._ZN3_bn6assert9show_argsIA31_cEEvPKcS4_S4_iRKT_
                0x000000000800e6ec       0x50 bn_bgs_manager.o
                0x000000000800e6ec                void _bn::assert::show_args<char [31]>(char const*, char const*, char const*, int, char const (&) [31])
 .text._ZN2bn11bgs_manager15rebuild_handlesEv.part.0
                0x000000000800e73c      0x1a8 bn_bgs_manager.o
 .text._ZN3_bn6assert9show_argsIA25_cN2bn7fixed_tILi12EEEEEvPKcS7_S7_iRKT_RKT0_
                0x000000000800e8e4       0x58 bn_bgs_manager.o
                0x000000000800e8e4                void _bn::assert::show_args<char [25], bn::fixed_t<12> >(char const*, char const*, char const*, int, char const (&) [25], bn::fixed_t<12> const&)
 .text._ZN2bn11bgs_manager37fill_hblank_effect_regular_attributesEPvPKNS_21regular_bg_attributesEPt
                0x000000000800e93c      0x100 bn_bgs_manager.o
                0x000000000800e93c                bn::bgs_manager::fill_hblank_effect_regular_attributes(void*, bn::regular_bg_attributes const*, unsigned short*)
 .text._ZN2bn11bgs_manager6updateEv
                0x000000000800ea3c      0x164 bn_bgs_manager.o
                0x000000000800ea3c                bn::bgs_manager::update()
 .text._ZN2bn11bgs_manager15commit_big_mapsEv
                0x000000000800eba0      0x1d4 bn_bgs_manager.o
                0x000000000800eba0                bn::bgs_manager::commit_big_maps()
 .text._ZN2bn11bgs_manager12_GLOBAL__N_19item_type18update_regular_mapEv
                0x000000000800ed74      0x1bc bn_bgs_manager.o
 .text._ZN2bn11bgs_manager36fill_hblank_effect_affine_attributesEPvPKNS_20affine_bg_attributesEPt
                0x000000000800ef30      0x104 bn_bgs_manager.o
                0x000000000800ef30                bn::bgs_manager::fill_hblank_effect_affine_attributes(void*, bn::affine_bg_attributes const*, unsigned short*)
 .text._ZN2bn18regular_bg_builder11release_mapEv
                0x000000000800f034       0x78 bn_bgs_manager.o
                0x000000000800f034                bn::regular_bg_builder::release_map()
 .text._ZN2bn11bgs_manager11regular_mapEPv
                0x000000000800f0ac       0x34 bn_bgs_manager.o
                0x000000000800f0ac                bn::bgs_manager::regular_map(void*)
 .text._ZN2bn11bgs_manager10affine_mapEPv
                0x000000000800f0e0       0x34 bn_bgs_manager.o
                0x000000000800f0e0                bn::bgs_manager::affine_map(void*)
 .text._ZN3_bn6assert9show_argsIA17_cEEvPKcS4_S4_iRKT_
                0x000000000800f114       0x50 bn_bgs_manager.o
                0x000000000800f114                void _bn::assert::show_args<char [17]>(char const*, char const*, char const*, int, char const (&) [17])
 .text._ZN2bn11bgs_manager12_GLOBAL__N_112_insert_itemERNS1_9item_typeE
                0x000000000800f164      0x100 bn_bgs_manager.o
 .text._ZN3_bn6assert9show_argsIA13_cEEvPKcS4_S4_iRKT_
                0x000000000800f264       0x50 bn_bgs_manager.o
                0x000000000800f264                void _bn::assert::show_args<char [13]>(char const*, char const*, char const*, int, char const (&) [13])
 .text._ZN2bn11bgs_manager6createEONS_18regular_bg_builderE
                0x000000000800f2b4      0x1ec bn_bgs_manager.o
                0x000000000800f2b4                bn::bgs_manager::create(bn::regular_bg_builder&&)
 .text._ZNK2bn15regular_bg_item9create_bgENS_7fixed_tILi12EEES2_
                0x000000000800f4a0       0x78 bn_bgs_manager.o
                0x000000000800f4a0                bn::regular_bg_item::create_bg(bn::fixed_t<12>, bn::fixed_t<12>) const
 .text._ZN2bn5eraseIPNS_11bgs_manager12_GLOBAL__N_19item_typeEEENS_7ivectorIT_E9size_typeERS7_RKS6_.constprop.0.isra.0
                0x000000000800f518      0x150 bn_bgs_manager.o
 .text._ZN2bn11bgs_manager15decrease_usagesEPv
                0x000000000800f668       0xa8 bn_bgs_manager.o
                0x000000000800f668                bn::bgs_manager::decrease_usages(void*)
 .text._ZN2bn14regular_bg_ptrD2Ev
                0x000000000800f710       0x18 bn_bgs_manager.o
                0x000000000800f710                bn::regular_bg_ptr::~regular_bg_ptr()
                0x000000000800f710                bn::regular_bg_ptr::~regular_bg_ptr()
 .text._ZN2bn14regular_bg_ptr11set_z_orderEi
                0x000000000800f728       0x70 bn_bgs_manager.o
                0x000000000800f728                bn::regular_bg_ptr::set_z_order(int)
 .text._ZN2bn14regular_bg_ptr12set_priorityEi
                0x000000000800f798       0x68 bn_bgs_manager.o
                0x000000000800f798                bn::regular_bg_ptr::set_priority(int)
 .text.startup._GLOBAL__sub_I__ZN2bn3bgs16used_items_countEv
                0x000000000800f800       0x90 bn_bgs_manager.o
 .text._ZN2bn15sprites_manager12_GLOBAL__N_132_always_update_indexes_to_commitERKNS_20sprites_manager_itemE
                0x000000000800f890       0x48 bn_sprites_manager.o
 .text._ZN2bn15sprites_manager12_GLOBAL__N_111static_dataD2Ev
                0x000000000800f8d8       0x44 bn_sprites_manager.o
 .text._ZN2bn13ostringstream11append_argsIiJA4_ciEEEvRKT_DpRKT0_.isra.0
                0x000000000800f91c       0x24 bn_sprites_manager.o
 .text._ZN2bn15sprites_manager12_GLOBAL__N_123_update_item_dimensionsERNS_20sprites_manager_itemE
                0x000000000800f940       0xcc bn_sprites_manager.o
 .text._ZN2bn10sprite_ptrC2ERKS0_
                0x000000000800fa0c        0xc bn_sprites_manager.o
                0x000000000800fa0c                bn::sprite_ptr::sprite_ptr(bn::sprite_ptr const&)
                0x000000000800fa0c                bn::sprite_ptr::sprite_ptr(bn::sprite_ptr const&)
 .text._ZN2bn10sprite_ptr5set_xENS_7fixed_tILi12EEE
                0x000000000800fa18       0x48 bn_sprites_manager.o
                0x000000000800fa18                bn::sprite_ptr::set_x(bn::fixed_t<12>)
 .text._ZN2bn10sprite_ptr12set_positionENS_7fixed_tILi12EEES2_
                0x000000000800fa60       0x6c bn_sprites_manager.o
                0x000000000800fa60                bn::sprite_ptr::set_position(bn::fixed_t<12>, bn::fixed_t<12>)
 .text._ZN2bn10sprite_ptr12set_positionERKNS_13fixed_point_tILi12EEE
                0x000000000800facc       0x78 bn_sprites_manager.o
                0x000000000800facc                bn::sprite_ptr::set_position(bn::fixed_point_t<12> const&)
 .text._ZN2bn15sprites_manager4initEv
                0x000000000800fb44       0xd0 bn_sprites_manager.o
                0x000000000800fb44                bn::sprites_manager::init()
 .text._ZN2bn15sprites_manager5hw_idEPv
                0x000000000800fc14        0x8 bn_sprites_manager.o
                0x000000000800fc14                bn::sprites_manager::hw_id(void*)
 .text._ZN2bn15sprites_manager5shapeEPv
                0x000000000800fc1c        0x8 bn_sprites_manager.o
                0x000000000800fc1c                bn::sprites_manager::shape(void*)
 .text._ZN2bn15sprites_manager4sizeEPv
                0x000000000800fc24        0x8 bn_sprites_manager.o
                0x000000000800fc24                bn::sprites_manager::size(void*)
 .text._ZN2bn15sprites_manager10shape_sizeEPv
                0x000000000800fc2c       0x14 bn_sprites_manager.o
                0x000000000800fc2c                bn::sprites_manager::shape_size(void*)
 .text._ZN2bn15sprites_manager11hw_positionEPv
                0x000000000800fc40        0x4 bn_sprites_manager.o
                0x000000000800fc40                bn::sprites_manager::hw_position(void*)
 .text._ZN2bn15sprites_manager9view_modeEPv
                0x000000000800fc44        0xc bn_sprites_manager.o
                0x000000000800fc44                bn::sprites_manager::view_mode(void*)
 .text._ZN2bn15sprites_manager10affine_matEPv
                0x000000000800fc50        0x4 bn_sprites_manager.o
                0x000000000800fc50                bn::sprites_manager::affine_mat(void*)
 .text._ZN2bn15sprites_manager39fill_hblank_effect_horizontal_positionsEPviPKNS_7fixed_tILi12EEEPt
                0x000000000800fc54       0x44 bn_sprites_manager.o
                0x000000000800fc54                bn::sprites_manager::fill_hblank_effect_horizontal_positions(void*, int, bn::fixed_t<12> const*, unsigned short*)
 .text._ZN2bn15sprites_manager37fill_hblank_effect_vertical_positionsEPviPKNS_7fixed_tILi12EEEPt
                0x000000000800fc98       0x44 bn_sprites_manager.o
                0x000000000800fc98                bn::sprites_manager::fill_hblank_effect_vertical_positions(void*, int, bn::fixed_t<12> const*, unsigned short*)
 .text._ZN2bn15sprites_manager35fill_hblank_effect_first_attributesEiNS_12sprite_shapeENS_8bpp_modeEiPKNS_23sprite_first_attributesEPt
                0x000000000800fcdc      0x108 bn_sprites_manager.o
                0x000000000800fcdc                bn::sprites_manager::fill_hblank_effect_first_attributes(int, bn::sprite_shape, bn::bpp_mode, int, bn::sprite_first_attributes const*, unsigned short*)
 .text._ZN2bn15sprites_manager44fill_hblank_effect_regular_second_attributesEPviNS_11sprite_sizeEPKNS_32sprite_regular_second_attributesEPt
                0x000000000800fde4       0x60 bn_sprites_manager.o
                0x000000000800fde4                bn::sprites_manager::fill_hblank_effect_regular_second_attributes(void*, int, bn::sprite_size, bn::sprite_regular_second_attributes const*, unsigned short*)
 .text._ZN2bn15sprites_manager43fill_hblank_effect_affine_second_attributesEPviNS_11sprite_sizeEPKNS_31sprite_affine_second_attributesEPt
                0x000000000800fe44       0x58 bn_sprites_manager.o
                0x000000000800fe44                bn::sprites_manager::fill_hblank_effect_affine_second_attributes(void*, int, bn::sprite_size, bn::sprite_affine_second_attributes const*, unsigned short*)
 .text._ZN2bn15sprites_manager14update_camerasEv
                0x000000000800fe9c       0x20 bn_sprites_manager.o
                0x000000000800fe9c                bn::sprites_manager::update_cameras()
 .text._ZN2bn15sprites_manager23update_auto_double_sizeEPv
                0x000000000800febc       0x2c bn_sprites_manager.o
                0x000000000800febc                bn::sprites_manager::update_auto_double_size(void*)
 .text._ZN2bn15sprites_manager6commitEb
                0x000000000800fee8       0xa4 bn_sprites_manager.o
                0x000000000800fee8                bn::sprites_manager::commit(bool)
 .text._ZN3_bn6assert9show_argsIA54_cEEvPKcS4_S4_iRKT_
                0x000000000800ff8c       0x50 bn_sprites_manager.o
                0x000000000800ff8c                void _bn::assert::show_args<char [54]>(char const*, char const*, char const*, int, char const (&) [54])
 .text._ZNK2bn17sprite_shape_size11tiles_countENS_8bpp_modeE
                0x000000000800ffdc      0x154 bn_sprites_manager.o
                0x000000000800ffdc                bn::sprite_shape_size::tiles_count(bn::bpp_mode) const
 .text._ZN2bn15sprites_manager12_GLOBAL__N_118_remove_affine_matERNS_20sprites_manager_itemE
                0x0000000008010130       0xe8 bn_sprites_manager.o
 .text._ZN2bn15sprites_manager42remove_identity_affine_mat_when_not_neededEPv
                0x0000000008010218        0xc bn_sprites_manager.o
                0x0000000008010218                bn::sprites_manager::remove_identity_affine_mat_when_not_needed(void*)
 .text._ZN2bn14sprite_builder15release_paletteEv
                0x0000000008010224       0x78 bn_sprites_manager.o
                0x0000000008010224                bn::sprite_builder::release_palette()
 .text._ZN2bn14sprite_builder13release_tilesEv
                0x000000000801029c       0x78 bn_sprites_manager.o
                0x000000000801029c                bn::sprite_builder::release_tiles()
 .text._ZN2bn15sprites_manager7paletteEPv
                0x0000000008010314       0x34 bn_sprites_manager.o
                0x0000000008010314                bn::sprites_manager::palette(void*)
 .text._ZN3_bn6assert9show_argsIA27_chEEvPKcS4_S4_iRKT_RKT0_
                0x0000000008010348       0x58 bn_sprites_manager.o
                0x0000000008010348                void _bn::assert::show_args<char [27], unsigned char>(char const*, char const*, char const*, int, char const (&) [27], unsigned char const&)
 .text._ZN2bn20sprites_manager_item13_builder_initERKNS_14sprite_builderE
                0x00000000080103a0      0x36c bn_sprites_manager.o
                0x00000000080103a0                bn::sprites_manager_item::_builder_init(bn::sprite_builder const&)
 .text._ZN3_bn6assert9show_argsIA37_cEEvPKcS4_S4_iRKT_
                0x000000000801070c       0x50 bn_sprites_manager.o
                0x000000000801070c                void _bn::assert::show_args<char [37]>(char const*, char const*, char const*, int, char const (&) [37])
 .text._ZN2bn14sprite_builder11set_z_orderEi
                0x000000000801075c       0x48 bn_sprites_manager.o
                0x000000000801075c                bn::sprite_builder::set_z_order(int)
 .text._ZN3_bn6assert9show_argsIJA22_ciA4_ciEEEvPKcS5_S5_iDpRKT_
                0x00000000080107a4       0x5c bn_sprites_manager.o
                0x00000000080107a4                void _bn::assert::show_args<char [22], int, char [4], int>(char const*, char const*, char const*, int, char const (&) [22], int const&, char const (&) [4], int const&)
 .text._ZN2bn14sprite_builderC2ERKNS_17sprite_shape_sizeENS_16sprite_tiles_ptrENS_18sprite_palette_ptrE
                0x0000000008010800      0x118 bn_sprites_manager.o
                0x0000000008010800                bn::sprite_builder::sprite_builder(bn::sprite_shape_size const&, bn::sprite_tiles_ptr, bn::sprite_palette_ptr)
                0x0000000008010800                bn::sprite_builder::sprite_builder(bn::sprite_shape_size const&, bn::sprite_tiles_ptr, bn::sprite_palette_ptr)
 .text._ZN2bn15sprites_manager9set_tilesEPvONS_16sprite_tiles_ptrE
                0x0000000008010918      0x134 bn_sprites_manager.o
                0x0000000008010918                bn::sprites_manager::set_tiles(void*, bn::sprite_tiles_ptr&&)
 .text._ZN2bn10sprite_ptr9set_tilesEONS_16sprite_tiles_ptrE
                0x0000000008010a4c       0x10 bn_sprites_manager.o
                0x0000000008010a4c                bn::sprite_ptr::set_tiles(bn::sprite_tiles_ptr&&)
 .text._ZN2bn10sprite_ptr9set_tilesERKNS_17sprite_tiles_itemEi
                0x0000000008010a5c       0x80 bn_sprites_manager.o
                0x0000000008010a5c                bn::sprite_ptr::set_tiles(bn::sprite_tiles_item const&, int)
 .text._ZN3_bn6assert9show_argsIA22_ciEEvPKcS4_S4_iRKT_RKT0_
                0x0000000008010adc       0x58 bn_sprites_manager.o
                0x0000000008010adc                void _bn::assert::show_args<char [22], int>(char const*, char const*, char const*, int, char const (&) [22], int const&)
 .text._ZN2bn14sprite_builder15set_bg_priorityEi
                0x0000000008010b34       0x38 bn_sprites_manager.o
                0x0000000008010b34                bn::sprite_builder::set_bg_priority(int)
 .text._ZN2bn15sprites_manager6updateEv
                0x0000000008010b6c      0x160 bn_sprites_manager.o
                0x0000000008010b6c                bn::sprites_manager::update()
 .text._ZN3_bn6assert9show_argsIA19_cEEvPKcS4_S4_iRKT_
                0x0000000008010ccc       0x50 bn_sprites_manager.o
                0x0000000008010ccc                void _bn::assert::show_args<char [19]>(char const*, char const*, char const*, int, char const (&) [19])
 .text._ZN3_bn6assert9show_argsIA33_ciEEvPKcS4_S4_iRKT_RKT0_
                0x0000000008010d1c       0x58 bn_sprites_manager.o
                0x0000000008010d1c                void _bn::assert::show_args<char [33], int>(char const*, char const*, char const*, int, char const (&) [33], int const&)
 .text._ZN3_bn6assert9show_argsIJA27_ciA4_ciEEEvPKcS5_S5_iDpRKT_
                0x0000000008010d74       0x5c bn_sprites_manager.o
                0x0000000008010d74                void _bn::assert::show_args<char [27], int, char [4], int>(char const*, char const*, char const*, int, char const (&) [27], int const&, char const (&) [4], int const&)
 .text._ZN2bn15sprites_manager35fill_hblank_effect_third_attributesENS_17sprite_shape_sizeEPKNS_23sprite_third_attributesEPt
                0x0000000008010dd0       0xb4 bn_sprites_manager.o
                0x0000000008010dd0                bn::sprites_manager::fill_hblank_effect_third_attributes(bn::sprite_shape_size, bn::sprite_third_attributes const*, unsigned short*)
 .text._ZN2bn14sorted_sprites6sorter6insertERNS_20sprites_manager_itemE
                0x0000000008010e84      0x170 bn_sprites_manager.o
                0x0000000008010e84                bn::sorted_sprites::sorter::insert(bn::sprites_manager_item&)
 .text._ZN2bn15sprites_manager6createEONS_14sprite_builderE
                0x0000000008010ff4      0x180 bn_sprites_manager.o
                0x0000000008010ff4                bn::sprites_manager::create(bn::sprite_builder&&)
 .text._ZN2bn10sprite_ptr6createEONS_14sprite_builderE
                0x0000000008011174       0x14 bn_sprites_manager.o
                0x0000000008011174                bn::sprite_ptr::create(bn::sprite_builder&&)
 .text._ZN2bn15sprites_manager6createERKNS_13fixed_point_tILi12EEERKNS_17sprite_shape_sizeEONS_16sprite_tiles_ptrEONS_18sprite_palette_ptrE
                0x0000000008011188      0x1e4 bn_sprites_manager.o
                0x0000000008011188                bn::sprites_manager::create(bn::fixed_point_t<12> const&, bn::sprite_shape_size const&, bn::sprite_tiles_ptr&&, bn::sprite_palette_ptr&&)
 .text._ZNK2bn11sprite_item13create_spriteERKNS_13fixed_point_tILi12EEE
                0x000000000801136c       0x40 bn_sprites_manager.o
                0x000000000801136c                bn::sprite_item::create_sprite(bn::fixed_point_t<12> const&) const
 .text._ZNK2bn11sprite_item13create_spriteENS_7fixed_tILi12EEES2_
                0x00000000080113ac       0x44 bn_sprites_manager.o
                0x00000000080113ac                bn::sprite_item::create_sprite(bn::fixed_t<12>, bn::fixed_t<12>) const
 .text._ZN2bn15sprites_manager15set_bg_priorityEPvi
                0x00000000080113f0      0x144 bn_sprites_manager.o
                0x00000000080113f0                bn::sprites_manager::set_bg_priority(void*, int)
 .text._ZN2bn10sprite_ptr15set_bg_priorityEi
                0x0000000008011534       0x10 bn_sprites_manager.o
                0x0000000008011534                bn::sprite_ptr::set_bg_priority(int)
 .text._ZN2bn15sprites_manager15decrease_usagesEPv
                0x0000000008011544      0x180 bn_sprites_manager.o
                0x0000000008011544                bn::sprites_manager::decrease_usages(void*)
 .text._ZN2bn10sprite_ptraSERKS0_
                0x00000000080116c4       0x28 bn_sprites_manager.o
                0x00000000080116c4                bn::sprite_ptr::operator=(bn::sprite_ptr const&)
 .text._ZN2bn10sprite_ptrD2Ev
                0x00000000080116ec       0x18 bn_sprites_manager.o
                0x00000000080116ec                bn::sprite_ptr::~sprite_ptr()
                0x00000000080116ec                bn::sprite_ptr::~sprite_ptr()
 .text._ZN2bn10sprite_ptr11set_z_orderEi
                0x0000000008011704      0x148 bn_sprites_manager.o
                0x0000000008011704                bn::sprite_ptr::set_z_order(int)
 .text.startup._GLOBAL__sub_I__ZN2bn7sprites16used_items_countEv
                0x000000000801184c       0xac bn_sprites_manager.o
 .text._ZN2bn14memory_manager12_GLOBAL__N_111static_dataD2Ev
                0x00000000080118f8       0x10 bn_memory_manager.o
 .text._ZdlPvj  0x0000000008011908       0x18 bn_memory_manager.o
                0x0000000008011908                operator delete(void*, unsigned int)
 .text._ZN2bn14memory_manager4initEv
                0x0000000008011920       0x2c bn_memory_manager.o
                0x0000000008011920                bn::memory_manager::init()
 .text._ZN3_bn6assert9show_argsIA35_cjEEvPKcS4_S4_iRKT_RKT0_
                0x000000000801194c       0x58 bn_memory_manager.o
                0x000000000801194c                void _bn::assert::show_args<char [35], unsigned int>(char const*, char const*, char const*, int, char const (&) [35], unsigned int const&)
 .text._Znwj    0x00000000080119a4       0x40 bn_memory_manager.o
                0x00000000080119a4                operator new(unsigned int)
 .text._ZN3_bn6assert9show_argsIA27_ciEEvPKcS4_S4_iRKT_RKT0_
                0x00000000080119e4       0x58 bn_memory_manager.o
                0x00000000080119e4                void _bn::assert::show_args<char [27], int>(char const*, char const*, char const*, int, char const (&) [27], int const&)
 .text.startup._GLOBAL__sub_I__Znwj
                0x0000000008011a3c       0x20 bn_memory_manager.o
 .text._ZN2bn12hdma_manager4initEv
                0x0000000008011a5c       0x40 bn_hdma_manager.o
                0x0000000008011a5c                bn::hdma_manager::init()
 .text._ZN2bn12hdma_manager10force_stopEv
                0x0000000008011a9c       0x3c bn_hdma_manager.o
                0x0000000008011a9c                bn::hdma_manager::force_stop()
 .text._ZN2bn12hdma_manager7disableEv
                0x0000000008011ad8       0x30 bn_hdma_manager.o
                0x0000000008011ad8                bn::hdma_manager::disable()
 .text._ZN2bn12hdma_manager6updateEv
                0x0000000008011b08       0x6c bn_hdma_manager.o
                0x0000000008011b08                bn::hdma_manager::update()
 .text._ZN2bn12hdma_manager6commitEb
                0x0000000008011b74      0x120 bn_hdma_manager.o
                0x0000000008011b74                bn::hdma_manager::commit(bool)
 .text.startup._GLOBAL__sub_I__ZN2bn4hdma7runningEv
                0x0000000008011c94       0x34 bn_hdma_manager.o
 .text._ZN2bn12gpio_manager5sleepEv
                0x0000000008011cc8       0x28 bn_gpio_manager.o
                0x0000000008011cc8                bn::gpio_manager::sleep()
 .text._ZN2bn21sprite_text_generator5_initEv
                0x0000000008011cf0      0x1ac bn_sprite_text_generator.o
                0x0000000008011cf0                bn::sprite_text_generator::_init()
 .text._ZN2bn21sprite_text_generatorC2ERKNS_11sprite_fontE
                0x0000000008011e9c       0x2c bn_sprite_text_generator.o
                0x0000000008011e9c                bn::sprite_text_generator::sprite_text_generator(bn::sprite_font const&)
                0x0000000008011e9c                bn::sprite_text_generator::sprite_text_generator(bn::sprite_font const&)
 .text._ZN3_bn6assert9show_argsIJA25_ciA4_ctEEEvPKcS5_S5_iDpRKT_
                0x0000000008011ec8       0x6c bn_sprite_text_generator.o
                0x0000000008011ec8                void _bn::assert::show_args<char [25], int, char [4], unsigned short>(char const*, char const*, char const*, int, char const (&) [25], int const&, char const (&) [4], unsigned short const&)
 .text._ZN2bn14utf8_characterC2ERKc
                0x0000000008011f34      0x140 bn_sprite_text_generator.o
                0x0000000008011f34                bn::utf8_character::utf8_character(char const&)
                0x0000000008011f34                bn::utf8_character::utf8_character(char const&)
 .text._ZN2bn12_GLOBAL__N_115_graphics_indexEcRKNS_23utf8_characters_map_refEPKcRi.part.0
                0x0000000008012074       0x8c bn_sprite_text_generator.o
 .text._ZN3_bn6assert9show_argsIA25_cEEvPKcS4_S4_iRKT_
                0x0000000008012100       0x50 bn_sprite_text_generator.o
                0x0000000008012100                void _bn::assert::show_args<char [25]>(char const*, char const*, char const*, int, char const (&) [25])
 .text._ZN3_bn6assert9show_argsIJA20_ccA9_cN2bn11string_viewEA2_cEEEvPKcS8_S8_iDpRKT_
                0x0000000008012150       0x70 bn_sprite_text_generator.o
                0x0000000008012150                void _bn::assert::show_args<char [20], char, char [9], bn::string_view, char [2]>(char const*, char const*, char const*, int, char const (&) [20], char const&, char const (&) [9], bn::string_view const&, char const (&) [2])
 .text._ZNK2bn21sprite_text_generator5widthERKNS_11string_viewE
                0x00000000080121c0      0x244 bn_sprite_text_generator.o
                0x00000000080121c0                bn::sprite_text_generator::width(bn::string_view const&) const
 .text._ZN3_bn6assert9show_argsIA39_ciEEvPKcS4_S4_iRKT_RKT0_
                0x0000000008012404       0x58 bn_sprite_text_generator.o
                0x0000000008012404                void _bn::assert::show_args<char [39], int>(char const*, char const*, char const*, int, char const (&) [39], int const&)
 .text._ZN3_bn6assert9show_argsIA55_cEEvPKcS4_S4_iRKT_
                0x000000000801245c       0x50 bn_sprite_text_generator.o
                0x000000000801245c                void _bn::assert::show_args<char [55]>(char const*, char const*, char const*, int, char const (&) [55])
 .text._ZN2bn12_GLOBAL__N_120_build_sprite_assertILNS_11sprite_sizeE2EEEPNS_4tileERKNS_21sprite_text_generatorERKNS_18sprite_palette_ptrERKNS_13fixed_point_tILi12EEERNS_7ivectorINS_10sprite_ptrEEE
                0x00000000080124ac      0x1b4 bn_sprite_text_generator.o
 .text._ZN2bn12_GLOBAL__N_120_build_sprite_assertILNS_11sprite_sizeE1EEEPNS_4tileERKNS_21sprite_text_generatorERKNS_18sprite_palette_ptrERKNS_13fixed_point_tILi12EEERNS_7ivectorINS_10sprite_ptrEEE
                0x0000000008012660      0x1b4 bn_sprite_text_generator.o
 .text._ZN2bn12_GLOBAL__N_19_generateILb0EEEbRKNS_21sprite_text_generatorERKNS_13fixed_point_tILi12EEERKNS_11string_viewERKNS_23utf8_characters_map_refEiibRNS_7ivectorINS_10sprite_ptrEEE.isra.0
                0x0000000008012814     0x11f4 bn_sprite_text_generator.o
 .text._ZNK2bn21sprite_text_generator8generateENS_7fixed_tILi12EEES2_RKNS_11string_viewERNS_7ivectorINS_10sprite_ptrEEE
                0x0000000008013a08       0x3c bn_sprite_text_generator.o
                0x0000000008013a08                bn::sprite_text_generator::generate(bn::fixed_t<12>, bn::fixed_t<12>, bn::string_view const&, bn::ivector<bn::sprite_ptr>&) const
 .text._ZN2bn22isprite_animate_action9_set_refsERNS_10sprite_ptrERNS_17sprite_tiles_itemERNS_7ivectorItEE
                0x0000000008013a44        0x4 bn_sprite_animate_actions.o
                0x0000000008013a44                bn::isprite_animate_action::_set_refs(bn::sprite_ptr&, bn::sprite_tiles_item&, bn::ivector<unsigned short>&)
 .text._ZN2bn22isprite_animate_action7_assignERKS0_
                0x0000000008013a48       0x10 bn_sprite_animate_actions.o
                0x0000000008013a48                bn::isprite_animate_action::_assign(bn::isprite_animate_action const&)
 .text._ZN2bn22isprite_animate_action16set_wait_updatesEi
                0x0000000008013a58       0x68 bn_sprite_animate_actions.o
                0x0000000008013a58                bn::isprite_animate_action::set_wait_updates(int)
 .text._ZN2bn22isprite_animate_action24_assign_graphics_indexesERKNS_4spanIKtEE
                0x0000000008013ac0       0x84 bn_sprite_animate_actions.o
                0x0000000008013ac0                bn::isprite_animate_action::_assign_graphics_indexes(bn::span<unsigned short const> const&)
 .text._ZN2bn22isprite_animate_action6updateEv
                0x0000000008013b44       0xb8 bn_sprite_animate_actions.o
                0x0000000008013b44                bn::isprite_animate_action::update()
 .text._ZN2bn18igeneric_pool_baseC2EPci
                0x0000000008013bfc       0x10 bn_translation_unit.o
                0x0000000008013bfc                bn::igeneric_pool_base::igeneric_pool_base(char*, int)
                0x0000000008013bfc                bn::igeneric_pool_base::igeneric_pool_base(char*, int)
 .text._ZN2bn18igeneric_pool_base5_freeEPc
                0x0000000008013c0c       0x10 bn_translation_unit.o
                0x0000000008013c0c                bn::igeneric_pool_base::_free(char*)
 .text._ZN2bn3logERKNS_12istring_baseE
                0x0000000008013c1c       0x58 bn_translation_unit.o
                0x0000000008013c1c                bn::log(bn::istring_base const&)
 .text._ZN3_bn4sram11unsafe_readEPvii
                0x0000000008013c74       0x18 bn_translation_unit.o
                0x0000000008013c74                _bn::sram::unsafe_read(void*, int, int)
 .text._ZN3_bn4sram12unsafe_writeEPKvii
                0x0000000008013c8c       0x18 bn_translation_unit.o
                0x0000000008013c8c                _bn::sram::unsafe_write(void const*, int, int)
 .text._ZN2bn5timerC2Ev
                0x0000000008013ca4       0x24 bn_translation_unit.o
                0x0000000008013ca4                bn::timer::timer()
                0x0000000008013ca4                bn::timer::timer()
 .text._ZNK2bn5timer13elapsed_ticksEv
                0x0000000008013cc8       0x3c bn_translation_unit.o
                0x0000000008013cc8                bn::timer::elapsed_ticks() const
 .text._ZN2bn5timer7restartEv
                0x0000000008013d04       0x24 bn_translation_unit.o
                0x0000000008013d04                bn::timer::restart()
 .text._ZN3_bn6assert9show_argsIA18_cEEvPKcS4_S4_iRKT_
                0x0000000008013d28       0x50 bn_translation_unit.o
                0x0000000008013d28                void _bn::assert::show_args<char [18]>(char const*, char const*, char const*, int, char const (&) [18])
 .text._ZN2bn18igeneric_pool_baseD2Ev
                0x0000000008013d78       0x30 bn_translation_unit.o
                0x0000000008013d78                bn::igeneric_pool_base::~igeneric_pool_base()
                0x0000000008013d78                bn::igeneric_pool_base::~igeneric_pool_base()
 .text._ZN2bn18igeneric_pool_base9_allocateEv
                0x0000000008013da8       0x48 bn_translation_unit.o
                0x0000000008013da8                bn::igeneric_pool_base::_allocate()
 .text._ZN2bn13audio_manager12_GLOBAL__N_111static_dataD2Ev
                0x0000000008013df0        0x4 bn_audio_manager.o
 .text._ZN2bn13audio_manager4initEv
                0x0000000008013df4       0x48 bn_audio_manager.o
                0x0000000008013df4                bn::audio_manager::init()
 .text._ZN2bn13audio_manager7disableEv
                0x0000000008013e3c        0xc bn_audio_manager.o
                0x0000000008013e3c                bn::audio_manager::disable()
 .text._ZN2bn13audio_manager10sound_dataEt
                0x0000000008013e48       0x64 bn_audio_manager.o
                0x0000000008013e48                bn::audio_manager::sound_data(unsigned short)
 .text._ZN2bn13audio_manager6updateEv
                0x0000000008013eac        0xc bn_audio_manager.o
                0x0000000008013eac                bn::audio_manager::update()
 .text._ZN2bn13audio_manager6commitEv
                0x0000000008013eb8        0xc bn_audio_manager.o
                0x0000000008013eb8                bn::audio_manager::commit()
 .text._ZN2bn13audio_manager4stopEv
                0x0000000008013ec4       0x6c bn_audio_manager.o
                0x0000000008013ec4                bn::audio_manager::stop()
 .text._ZN3_bn6assert9show_argsIA26_cEEvPKcS4_S4_iRKT_
                0x0000000008013f30       0x50 bn_audio_manager.o
                0x0000000008013f30                void _bn::assert::show_args<char [26]>(char const*, char const*, char const*, int, char const (&) [26])
 .text._ZNK2bn10music_item4playENS_7fixed_tILi12EEE
                0x0000000008013f80       0xb8 bn_audio_manager.o
                0x0000000008013f80                bn::music_item::play(bn::fixed_t<12>) const
 .text._ZN3_bn6assert9show_argsIA25_ciEEvPKcS4_S4_iRKT_RKT0_
                0x0000000008014038       0x58 bn_audio_manager.o
                0x0000000008014038                void _bn::assert::show_args<char [25], int>(char const*, char const*, char const*, int, char const (&) [25], int const&)
 .text._ZN2bn13audio_manager16execute_commandsEv
                0x0000000008014090      0x71c bn_audio_manager.o
                0x0000000008014090                bn::audio_manager::execute_commands()
 .text.startup._GLOBAL__sub_I__ZN2bn5audio16update_on_vblankEv
                0x00000000080147ac       0x98 bn_audio_manager.o
 .text._ZN2bn26sprite_affine_mats_manager12_GLOBAL__N_119_sprite_double_sizeILi32ELi16EEEbiiiii
                0x0000000008014844       0x84 bn_sprite_affine_mats_manager.o
 .text._ZN2bn26sprite_affine_mats_manager12_GLOBAL__N_119_sprite_double_sizeILi16ELi32EEEbiiiii
                0x00000000080148c8       0x84 bn_sprite_affine_mats_manager.o
 .text._ZNK2bn26sprite_affine_mats_manager12_GLOBAL__N_19item_type18sprite_double_sizeEiRKNS_17sprite_shape_sizeE
                0x000000000801494c      0x1c0 bn_sprite_affine_mats_manager.o
 .text._ZN2bn26sprite_affine_mats_manager12_GLOBAL__N_111static_dataD2Ev
                0x0000000008014b0c       0x44 bn_sprite_affine_mats_manager.o
 .text._ZN2bn21sprite_affine_mat_ptrC2ERKS0_
                0x0000000008014b50       0x20 bn_sprite_affine_mats_manager.o
                0x0000000008014b50                bn::sprite_affine_mat_ptr::sprite_affine_mat_ptr(bn::sprite_affine_mat_ptr const&)
                0x0000000008014b50                bn::sprite_affine_mat_ptr::sprite_affine_mat_ptr(bn::sprite_affine_mat_ptr const&)
 .text._ZNK2bn21sprite_affine_mat_ptr15horizontal_flipEv
                0x0000000008014b70       0x18 bn_sprite_affine_mats_manager.o
                0x0000000008014b70                bn::sprite_affine_mat_ptr::horizontal_flip() const
 .text._ZNK2bn21sprite_affine_mat_ptr13vertical_flipEv
                0x0000000008014b88       0x18 bn_sprite_affine_mats_manager.o
                0x0000000008014b88                bn::sprite_affine_mat_ptr::vertical_flip() const
 .text._ZNK2bn21sprite_affine_mat_ptr16flipped_identityEv
                0x0000000008014ba0       0x14 bn_sprite_affine_mats_manager.o
                0x0000000008014ba0                bn::sprite_affine_mat_ptr::flipped_identity() const
 .text._ZN2bn26sprite_affine_mats_manager13attach_spriteEiRNS_24intrusive_list_node_typeE
                0x0000000008014bb4       0x2c bn_sprite_affine_mats_manager.o
                0x0000000008014bb4                bn::sprite_affine_mats_manager::attach_sprite(int, bn::intrusive_list_node_type&)
 .text._ZN2bn26sprite_affine_mats_manager18sprite_double_sizeEiRKNS_17sprite_shape_sizeE
                0x0000000008014be0       0x48 bn_sprite_affine_mats_manager.o
                0x0000000008014be0                bn::sprite_affine_mats_manager::sprite_double_size(int, bn::sprite_shape_size const&)
 .text._ZN2bn26sprite_affine_mats_manager20retrieve_commit_dataEv
                0x0000000008014c28       0x38 bn_sprite_affine_mats_manager.o
                0x0000000008014c28                bn::sprite_affine_mats_manager::retrieve_commit_data()
 .text._ZN3_bn6assert9show_argsIA16_cEEvPKcS4_S4_iRKT_
                0x0000000008014c60       0x50 bn_sprite_affine_mats_manager.o
                0x0000000008014c60                void _bn::assert::show_args<char [16]>(char const*, char const*, char const*, int, char const (&) [16])
 .text._ZN2bn26sprite_affine_mats_manager15decrease_usagesEi.part.0
                0x0000000008014cb0       0x70 bn_sprite_affine_mats_manager.o
 .text._ZN2bn21sprite_affine_mat_ptrD2Ev
                0x0000000008014d20       0x34 bn_sprite_affine_mats_manager.o
                0x0000000008014d20                bn::sprite_affine_mat_ptr::~sprite_affine_mat_ptr()
                0x0000000008014d20                bn::sprite_affine_mat_ptr::~sprite_affine_mat_ptr()
 .text._ZN2bn26sprite_affine_mats_manager6updateEv
                0x0000000008014d54      0x310 bn_sprite_affine_mats_manager.o
                0x0000000008014d54                bn::sprite_affine_mats_manager::update()
 .text._ZN2bn26sprite_affine_mats_manager4initEPv
                0x0000000008015064      0x108 bn_sprite_affine_mats_manager.o
                0x0000000008015064                bn::sprite_affine_mats_manager::init(void*)
 .text._ZN2bn26sprite_affine_mats_manager14dettach_spriteEiRNS_24intrusive_list_node_typeE
                0x000000000801516c       0x4c bn_sprite_affine_mats_manager.o
                0x000000000801516c                bn::sprite_affine_mats_manager::dettach_sprite(int, bn::intrusive_list_node_type&)
 .text.startup._GLOBAL__sub_I__ZN2bn18sprite_affine_mats10used_countEv
                0x00000000080151b8       0xb4 bn_sprite_affine_mats_manager.o
 .text._ZN2bn12link_manager4initEv
                0x000000000801526c        0xc bn_link_manager.o
                0x000000000801526c                bn::link_manager::init()
 .text._ZN2bn12link_manager6activeEv
                0x0000000008015278        0xc bn_link_manager.o
                0x0000000008015278                bn::link_manager::active()
 .text._ZN2bn12link_manager7disableEv
                0x0000000008015284       0x18 bn_link_manager.o
                0x0000000008015284                bn::link_manager::disable()
 .text._ZN2bn16palettes_manager12_GLOBAL__N_111static_dataD2Ev
                0x000000000801529c        0x4 bn_palettes_manager.o
 .text._ZN2bn2hw8palettes9grayscaleEPKNS_5colorEiiPS2_.part.0
                0x00000000080152a0       0x40 bn_palettes_manager.o
 .text._ZN2bn13ostringstream11append_argsIiJA4_ciEEEvRKT_DpRKT0_.isra.0
                0x00000000080152e0       0x24 bn_palettes_manager.o
 .text._ZN2bn11bg_palettes21set_transparent_colorENS_5colorE
                0x0000000008015304       0x40 bn_palettes_manager.o
                0x0000000008015304                bn::bg_palettes::set_transparent_color(bn::color)
 .text._ZN2bn14bg_palette_ptrC2ERKS0_
                0x0000000008015344       0x2c bn_palettes_manager.o
                0x0000000008015344                bn::bg_palette_ptr::bg_palette_ptr(bn::bg_palette_ptr const&)
                0x0000000008015344                bn::bg_palette_ptr::bg_palette_ptr(bn::bg_palette_ptr const&)
 .text._ZNK2bn14bg_palette_ptr3bppEv
                0x0000000008015370       0x20 bn_palettes_manager.o
                0x0000000008015370                bn::bg_palette_ptr::bpp() const
 .text._ZN2bn18sprite_palette_ptrC2ERKS0_
                0x0000000008015390       0x1c bn_palettes_manager.o
                0x0000000008015390                bn::sprite_palette_ptr::sprite_palette_ptr(bn::sprite_palette_ptr const&)
                0x0000000008015390                bn::sprite_palette_ptr::sprite_palette_ptr(bn::sprite_palette_ptr const&)
 .text._ZNK2bn18sprite_palette_ptr3bppEv
                0x00000000080153ac       0x1c bn_palettes_manager.o
                0x00000000080153ac                bn::sprite_palette_ptr::bpp() const
 .text._ZNK2bn13palettes_bank10log_statusEv
                0x00000000080153c8      0x188 bn_palettes_manager.o
                0x00000000080153c8                bn::palettes_bank::log_status() const
 .text._ZN2bn13palettes_bank10find_bpp_4ERKNS_4spanIKNS_5colorEEEt
                0x0000000008015550      0x11c bn_palettes_manager.o
                0x0000000008015550                bn::palettes_bank::find_bpp_4(bn::span<bn::color const> const&, unsigned short)
 .text._ZNK2bn13palettes_bank20retrieve_commit_dataEv
                0x000000000801566c       0x4c bn_palettes_manager.o
                0x000000000801566c                bn::palettes_bank::retrieve_commit_data() const
 .text._ZNK2bn13palettes_bank21_apply_global_effectsEiPNS_5colorE
                0x00000000080156b8      0x13c bn_palettes_manager.o
                0x00000000080156b8                bn::palettes_bank::_apply_global_effects(int, bn::color*) const
 .text._ZNK2bn13palettes_bank25fill_hblank_effect_colorsEPKNS_5colorEPt
                0x00000000080157f4       0x30 bn_palettes_manager.o
                0x00000000080157f4                bn::palettes_bank::fill_hblank_effect_colors(bn::color const*, unsigned short*) const
 .text._ZNK2bn13palettes_bank7palette13apply_effectsEiPNS_5colorE
                0x0000000008015824       0xbc bn_palettes_manager.o
                0x0000000008015824                bn::palettes_bank::palette::apply_effects(int, bn::color*) const
 .text._ZNK2bn13palettes_bank25fill_hblank_effect_colorsEiPKNS_5colorEPt
                0x00000000080158e0       0x44 bn_palettes_manager.o
                0x00000000080158e0                bn::palettes_bank::fill_hblank_effect_colors(int, bn::color const*, unsigned short*) const
 .text._ZN2bn13palettes_bank15_update_paletteEi
                0x0000000008015924       0x6c bn_palettes_manager.o
                0x0000000008015924                bn::palettes_bank::_update_palette(int)
 .text._ZN2bn13palettes_bank6updateEv
                0x0000000008015990      0x130 bn_palettes_manager.o
                0x0000000008015990                bn::palettes_bank::update()
 .text._ZN2bn13palettes_bankC2Ev
                0x0000000008015ac0       0xd4 bn_palettes_manager.o
                0x0000000008015ac0                bn::palettes_bank::palettes_bank()
                0x0000000008015ac0                bn::palettes_bank::palettes_bank()
 .text._ZN2bn16palettes_manager4initERKNS_8optionalINS_5colorEEE
                0x0000000008015b94      0x184 bn_palettes_manager.o
                0x0000000008015b94                bn::palettes_manager::init(bn::optional<bn::color> const&)
 .text._ZN2bn16palettes_manager20sprite_palettes_bankEv
                0x0000000008015d18        0x8 bn_palettes_manager.o
                0x0000000008015d18                bn::palettes_manager::sprite_palettes_bank()
 .text._ZN2bn16palettes_manager16bg_palettes_bankEv
                0x0000000008015d20        0x8 bn_palettes_manager.o
                0x0000000008015d20                bn::palettes_manager::bg_palettes_bank()
 .text._ZN2bn16palettes_manager6updateEv
                0x0000000008015d28       0x20 bn_palettes_manager.o
                0x0000000008015d28                bn::palettes_manager::update()
 .text._ZN2bn16palettes_manager6commitEb
                0x0000000008015d48      0x108 bn_palettes_manager.o
                0x0000000008015d48                bn::palettes_manager::commit(bool)
 .text._ZN2bn16palettes_manager4stopEv
                0x0000000008015e50       0x20 bn_palettes_manager.o
                0x0000000008015e50                bn::palettes_manager::stop()
 .text._ZN3_bn6assert9show_argsIJA58_ciA4_ciEEEvPKcS5_S5_iDpRKT_
                0x0000000008015e70       0x5c bn_palettes_manager.o
                0x0000000008015e70                void _bn::assert::show_args<char [58], int, char [4], int>(char const*, char const*, char const*, int, char const (&) [58], int const&, char const (&) [4], int const&)
 .text._ZN3_bn6assert9show_argsIA35_cEEvPKcS4_S4_iRKT_
                0x0000000008015ecc       0x50 bn_palettes_manager.o
                0x0000000008015ecc                void _bn::assert::show_args<char [35]>(char const*, char const*, char const*, int, char const (&) [35])
 .text._ZN2bn13palettes_bank11colors_hashERKNS_4spanIKNS_5colorEEE
                0x0000000008015f1c       0x48 bn_palettes_manager.o
                0x0000000008015f1c                bn::palettes_bank::colors_hash(bn::span<bn::color const> const&)
 .text._ZN3_bn6assert9show_argsIJA43_ciA36_cA42_cEEEvPKcS6_S6_iDpRKT_
                0x0000000008015f64       0x68 bn_palettes_manager.o
                0x0000000008015f64                void _bn::assert::show_args<char [43], int, char [36], char [42]>(char const*, char const*, char const*, int, char const (&) [43], int const&, char const (&) [36], char const (&) [42])
 .text._ZN2bn13palettes_bank12create_bpp_8ERKNS_4spanIKNS_5colorEEENS_16compression_typeEb
                0x0000000008015fcc      0x22c bn_palettes_manager.o
                0x0000000008015fcc                bn::palettes_bank::create_bpp_8(bn::span<bn::color const> const&, bn::compression_type, bool)
 .text._ZN3_bn6assert9show_argsIJA37_ciA4_ciEEEvPKcS5_S5_iDpRKT_
                0x00000000080161f8       0x5c bn_palettes_manager.o
                0x00000000080161f8                void _bn::assert::show_args<char [37], int, char [4], int>(char const*, char const*, char const*, int, char const (&) [37], int const&, char const (&) [4], int const&)
 .text._ZNK2bn15bg_palette_item10decompressENS_4spanINS_5colorEEE
                0x0000000008016254      0x174 bn_palettes_manager.o
                0x0000000008016254                bn::bg_palette_item::decompress(bn::span<bn::color>) const
 .text._ZNK2bn19sprite_palette_item10decompressENS_4spanINS_5colorEEE
                0x00000000080163c8      0x174 bn_palettes_manager.o
                0x00000000080163c8                bn::sprite_palette_item::decompress(bn::span<bn::color>) const
 .text._ZN2bn13palettes_bank12create_bpp_4ERKNS_4spanIKNS_5colorEEEtb
                0x000000000801653c      0x298 bn_palettes_manager.o
                0x000000000801653c                bn::palettes_bank::create_bpp_4(bn::span<bn::color const> const&, unsigned short, bool)
 .text._ZN2bn12_GLOBAL__N_112_create_implERKNS_15bg_palette_itemEb
                0x00000000080167d4       0x94 bn_palettes_manager.o
 .text._ZN2bn14bg_palette_ptr6createERKNS_15bg_palette_itemE
                0x0000000008016868       0x54 bn_palettes_manager.o
                0x0000000008016868                bn::bg_palette_ptr::create(bn::bg_palette_item const&)
 .text._ZNK2bn15bg_palette_item14create_paletteEv
                0x00000000080168bc       0x10 bn_palettes_manager.o
                0x00000000080168bc                bn::bg_palette_item::create_palette() const
 .text._ZN2bn12_GLOBAL__N_112_create_implERKNS_19sprite_palette_itemEb
                0x00000000080168cc       0x7c bn_palettes_manager.o
 .text._ZNK2bn19sprite_palette_item14create_paletteEv
                0x0000000008016948       0x48 bn_palettes_manager.o
                0x0000000008016948                bn::sprite_palette_item::create_palette() const
 .text._ZN2bn14iunordered_mapItsNS_15identity_hasherENS_8equal_toItEEE5eraseERKNS4_14const_iteratorE.isra.0
                0x0000000008016990      0x1b4 bn_palettes_manager.o
 .text._ZN2bn13palettes_bank15decrease_usagesEi.part.0
                0x0000000008016b44       0xdc bn_palettes_manager.o
 .text._ZN2bn18sprite_palette_ptrD2Ev
                0x0000000008016c20       0x30 bn_palettes_manager.o
                0x0000000008016c20                bn::sprite_palette_ptr::~sprite_palette_ptr()
                0x0000000008016c20                bn::sprite_palette_ptr::~sprite_palette_ptr()
 .text._ZN2bn14bg_palette_ptrD2Ev
                0x0000000008016c50       0x3c bn_palettes_manager.o
                0x0000000008016c50                bn::bg_palette_ptr::~bg_palette_ptr()
                0x0000000008016c50                bn::bg_palette_ptr::~bg_palette_ptr()
 .text._ZN2bn14bg_palette_ptraSERKS0_
                0x0000000008016c8c       0x5c bn_palettes_manager.o
                0x0000000008016c8c                bn::bg_palette_ptr::operator=(bn::bg_palette_ptr const&)
 .text.startup._GLOBAL__sub_I__ZN2bn11bg_palettes17used_colors_countEv
                0x0000000008016ce8       0x34 bn_palettes_manager.o
 .text._ZN2bn4core12_GLOBAL__N_14stopEb
                0x0000000008016d1c       0x54 bn_core.o
 .text._ZN2bn4core12_GLOBAL__N_111update_implEv
                0x0000000008016d70      0x104 bn_core.o
 .text._ZN2bn11string_viewC2EPKc
                0x0000000008016e74       0x1c bn_core.o
                0x0000000008016e74                bn::string_view::string_view(char const*)
                0x0000000008016e74                bn::string_view::string_view(char const*)
 .text._ZN3_bn6assert12_GLOBAL__N_110_show_implEPKcS3_S3_iRKN2bn11string_viewE
                0x0000000008016e90       0x80 bn_core.o
 .text._ZN2bn4core6updateEv
                0x0000000008016f10       0x68 bn_core.o
                0x0000000008016f10                bn::core::update()
 .text._ZN2bn4core4initERKNS_8optionalINS_5colorEEERKNS_11string_viewE
                0x0000000008016f78      0x128 bn_core.o
                0x0000000008016f78                bn::core::init(bn::optional<bn::color> const&, bn::string_view const&)
 .text._ZN2bn4core4initEv
                0x00000000080170a0       0x24 bn_core.o
                0x00000000080170a0                bn::core::init()
 .text._ZN2bn4core9on_vblankEv
                0x00000000080170c4       0x2c bn_core.o
                0x00000000080170c4                bn::core::on_vblank()
 .text._ZN3_bn6assert4showEPKcS2_S2_iRKN2bn12istring_baseE
                0x00000000080170f0       0x18 bn_core.o
                0x00000000080170f0                _bn::assert::show(char const*, char const*, char const*, int, bn::istring_base const&)
 .text.startup._GLOBAL__sub_I__ZN2bn4core4initEv
                0x0000000008017108       0x4c bn_core.o
 .text._ZN2bn10camera_ptrD2Ev
                0x0000000008017154       0x38 bn_cameras_manager.o
                0x0000000008017154                bn::camera_ptr::~camera_ptr()
                0x0000000008017154                bn::camera_ptr::~camera_ptr()
 .text._ZNK2bn10camera_ptr8positionEv
                0x000000000801718c       0x14 bn_cameras_manager.o
                0x000000000801718c                bn::camera_ptr::position() const
 .text._ZN2bn15cameras_manager4initEv
                0x00000000080171a0       0x24 bn_cameras_manager.o
                0x00000000080171a0                bn::cameras_manager::init()
 .text._ZN2bn15cameras_manager6updateEv
                0x00000000080171c4       0x28 bn_cameras_manager.o
                0x00000000080171c4                bn::cameras_manager::update()
 .text.startup._GLOBAL__sub_I__ZN2bn7cameras16used_items_countEv
                0x00000000080171ec       0x24 bn_cameras_manager.o
 .text._ZNK2bn16sprite_tiles_ptr2idEv
                0x0000000008017210       0x18 bn_sprite_tiles_manager.o
                0x0000000008017210                bn::sprite_tiles_ptr::id() const
 .text._ZNK2bn16sprite_tiles_ptr11tiles_countEv
                0x0000000008017228       0x18 bn_sprite_tiles_manager.o
                0x0000000008017228                bn::sprite_tiles_ptr::tiles_count() const
 .text._ZN2bn20sprite_tiles_manager10log_statusEv
                0x0000000008017240      0x1ec bn_sprite_tiles_manager.o
                0x0000000008017240                bn::sprite_tiles_manager::log_status()
 .text._ZN2bn20sprite_tiles_manager19commit_uncompressedEb
                0x000000000801742c       0xdc bn_sprite_tiles_manager.o
                0x000000000801742c                bn::sprite_tiles_manager::commit_uncompressed(bool)
 .text._ZN3_bn6assert9show_argsIJA44_cPKN2bn4tileEA4_cS6_EEEvPKcS9_S9_iDpRKT_
                0x0000000008017508       0x6c bn_sprite_tiles_manager.o
                0x0000000008017508                void _bn::assert::show_args<char [44], bn::tile const*, char [4], bn::tile const*>(char const*, char const*, char const*, int, char const (&) [44], bn::tile const* const&, char const (&) [4], bn::tile const* const&)
 .text._ZN3_bn6assert9show_argsIJA46_ciA4_cjEEEvPKcS5_S5_iDpRKT_
                0x0000000008017574       0x6c bn_sprite_tiles_manager.o
                0x0000000008017574                void _bn::assert::show_args<char [46], int, char [4], unsigned int>(char const*, char const*, char const*, int, char const (&) [46], int const&, char const (&) [4], unsigned int const&)
 .text._ZN2bn20sprite_tiles_manager12_GLOBAL__N_110_hw_commitEPKNS_4tileENS_16compression_typeEii
                0x00000000080175e0       0x9c bn_sprite_tiles_manager.o
 .text._ZN2bn20sprite_tiles_manager17commit_compressedEv
                0x000000000801767c       0x68 bn_sprite_tiles_manager.o
                0x000000000801767c                bn::sprite_tiles_manager::commit_compressed()
 .text._ZN3_bn6assert9show_argsIJA28_cA15_cPKN2bn4tileEA16_ciA34_cNS4_11string_viewEEEEvPKcSC_SC_iDpRKT_
                0x00000000080176e4       0x84 bn_sprite_tiles_manager.o
                0x00000000080176e4                void _bn::assert::show_args<char [28], char [15], bn::tile const*, char [16], int, char [34], bn::string_view>(char const*, char const*, char const*, int, char const (&) [28], char const (&) [15], bn::tile const* const&, char const (&) [16], int const&, char const (&) [34], bn::string_view const&)
 .text._ZN3_bn6assert9show_argsIJA44_ciA34_cN2bn11string_viewEEEEvPKcS7_S7_iDpRKT_
                0x0000000008017768       0x68 bn_sprite_tiles_manager.o
                0x0000000008017768                void _bn::assert::show_args<char [44], int, char [34], bn::string_view>(char const*, char const*, char const*, int, char const (&) [44], int const&, char const (&) [34], bn::string_view const&)
 .text._ZN2bn20sprite_tiles_manager4initEv
                0x00000000080177d0      0x190 bn_sprite_tiles_manager.o
                0x00000000080177d0                bn::sprite_tiles_manager::init()
 .text._ZN2bn20sprite_tiles_manager12_GLOBAL__N_122_insert_to_commit_itemEiRNS1_9item_typeE.part.0
                0x0000000008017960       0x6c bn_sprite_tiles_manager.o
 .text._ZN2bn20sprite_tiles_manager12_GLOBAL__N_117_insert_free_itemEiPt
                0x00000000080179cc       0xcc bn_sprite_tiles_manager.o
 .text._ZN2bn20sprite_tiles_manager12_GLOBAL__N_116_erase_free_itemEi
                0x0000000008017a98       0xe4 bn_sprite_tiles_manager.o
 .text._ZN2bn20sprite_tiles_manager12_GLOBAL__N_121_erase_to_commit_itemEiRNS1_9item_typeE
                0x0000000008017b7c      0x100 bn_sprite_tiles_manager.o
 .text._ZN2bn20sprite_tiles_manager15decrease_usagesEi
                0x0000000008017c7c      0x13c bn_sprite_tiles_manager.o
                0x0000000008017c7c                bn::sprite_tiles_manager::decrease_usages(int)
 .text._ZN2bn16sprite_tiles_ptrD2Ev
                0x0000000008017db8       0x18 bn_sprite_tiles_manager.o
                0x0000000008017db8                bn::sprite_tiles_ptr::~sprite_tiles_ptr()
                0x0000000008017db8                bn::sprite_tiles_ptr::~sprite_tiles_ptr()
 .text._ZN2bn20sprite_tiles_manager12_GLOBAL__N_110_find_implEPKNS_4tileENS_16compression_typeEi
                0x0000000008017dd0      0x284 bn_sprite_tiles_manager.o
 .text._ZN2bn20sprite_tiles_manager4vramEi
                0x0000000008018054       0x4c bn_sprite_tiles_manager.o
                0x0000000008018054                bn::sprite_tiles_manager::vram(int)
 .text._ZN2bn16sprite_tiles_ptr4vramEv
                0x00000000080180a0       0x14 bn_sprite_tiles_manager.o
                0x00000000080180a0                bn::sprite_tiles_ptr::vram()
 .text._ZNK2bn17sprite_tiles_item10find_tilesEi
                0x00000000080180b4       0xc8 bn_sprite_tiles_manager.o
                0x00000000080180b4                bn::sprite_tiles_item::find_tiles(int) const
 .text._ZN2bn14iunordered_mapIPKNS_4tileEiNS_4hashIS3_EENS_8equal_toIS3_EEE5eraseERKNS8_14const_iteratorE.isra.0
                0x000000000801817c      0x1b4 bn_sprite_tiles_manager.o
 .text._ZN2bn20sprite_tiles_manager12_GLOBAL__N_112_create_itemEiPKNS_4tileENS_16compression_typeEib
                0x0000000008018330      0x264 bn_sprite_tiles_manager.o
 .text._ZN2bn20sprite_tiles_manager12_GLOBAL__N_114_allocate_implEi
                0x0000000008018594       0xf8 bn_sprite_tiles_manager.o
 .text._ZN2bn20sprite_tiles_manager8allocateEiNS_8bpp_modeE
                0x000000000801868c       0xc4 bn_sprite_tiles_manager.o
                0x000000000801868c                bn::sprite_tiles_manager::allocate(int, bn::bpp_mode)
 .text._ZN2bn16sprite_tiles_ptr8allocateEiNS_8bpp_modeE
                0x0000000008018750       0x18 bn_sprite_tiles_manager.o
                0x0000000008018750                bn::sprite_tiles_ptr::allocate(int, bn::bpp_mode)
 .text._ZN2bn20sprite_tiles_manager6updateEv
                0x0000000008018768      0x234 bn_sprite_tiles_manager.o
                0x0000000008018768                bn::sprite_tiles_manager::update()
 .text._ZN2bn20sprite_tiles_manager12_GLOBAL__N_112_create_implEPKNS_4tileENS_16compression_typeEi
                0x000000000801899c      0x1f8 bn_sprite_tiles_manager.o
 .text._ZN2bn20sprite_tiles_manager6createERKNS_4spanIKNS_4tileEEENS_16compression_typeE
                0x0000000008018b94      0x140 bn_sprite_tiles_manager.o
                0x0000000008018b94                bn::sprite_tiles_manager::create(bn::span<bn::tile const> const&, bn::compression_type)
 .text._ZN2bn16sprite_tiles_ptr6createERKNS_17sprite_tiles_itemE
                0x0000000008018cd4       0x84 bn_sprite_tiles_manager.o
                0x0000000008018cd4                bn::sprite_tiles_ptr::create(bn::sprite_tiles_item const&)
 .text._ZNK2bn17sprite_tiles_item12create_tilesEv
                0x0000000008018d58       0x10 bn_sprite_tiles_manager.o
                0x0000000008018d58                bn::sprite_tiles_item::create_tiles() const
 .text._ZN2bn16sprite_tiles_ptr6createERKNS_17sprite_tiles_itemEi
                0x0000000008018d68       0xbc bn_sprite_tiles_manager.o
                0x0000000008018d68                bn::sprite_tiles_ptr::create(bn::sprite_tiles_item const&, int)
 .text._ZNK2bn17sprite_tiles_item12create_tilesEi
                0x0000000008018e24       0xbc bn_sprite_tiles_manager.o
                0x0000000008018e24                bn::sprite_tiles_item::create_tiles(int) const
 .text.startup._GLOBAL__sub_I__ZN2bn12sprite_tiles16used_tiles_countEv
                0x0000000008018ee0      0x12c bn_sprite_tiles_manager.o
 .text._ZN2bn22hblank_effects_manager12_GLOBAL__N_19item_type18_output_values_ptrEv
                0x000000000801900c       0x40 bn_hblank_effects_manager.o
 .text._ZN2bn22hblank_effects_manager7disableEv
                0x000000000801904c       0x24 bn_hblank_effects_manager.o
                0x000000000801904c                bn::hblank_effects_manager::disable()
 .text._ZN2bn22hblank_effects_manager6commitEv
                0x0000000008019070       0x78 bn_hblank_effects_manager.o
                0x0000000008019070                bn::hblank_effects_manager::commit()
 .text._ZN2bn22hblank_effects_manager12_GLOBAL__N_110_is_uint32ENS0_12handler_typeE
                0x00000000080190e8       0x64 bn_hblank_effects_manager.o
 .text._ZN2bn22hblank_effects_manager12_GLOBAL__N_19item_type12check_updateEv
                0x000000000801914c     0x16d8 bn_hblank_effects_manager.o
 .text._ZN2bn22hblank_effects_manager6updateEv
                0x000000000801a824      0x1ec bn_hblank_effects_manager.o
                0x000000000801a824                bn::hblank_effects_manager::update()
 .text._ZN2bn22hblank_effects_manager4initEv
                0x000000000801aa10      0x190 bn_hblank_effects_manager.o
                0x000000000801aa10                bn::hblank_effects_manager::init()
 .text.startup._GLOBAL__sub_I__ZN2bn4hbes10used_countEv
                0x000000000801aba0       0xe8 bn_hblank_effects_manager.o
 .text._ZN2bn6keypad9a_pressedEv
                0x000000000801ac88       0x10 bn_keypad_manager.o
                0x000000000801ac88                bn::keypad::a_pressed()
 .text._ZN2bn6keypad9b_pressedEv
                0x000000000801ac98       0x10 bn_keypad_manager.o
                0x000000000801ac98                bn::keypad::b_pressed()
 .text._ZN2bn6keypad13start_pressedEv
                0x000000000801aca8       0x10 bn_keypad_manager.o
                0x000000000801aca8                bn::keypad::start_pressed()
 .text._ZN2bn6keypad13right_pressedEv
                0x000000000801acb8       0x10 bn_keypad_manager.o
                0x000000000801acb8                bn::keypad::right_pressed()
 .text._ZN2bn6keypad12left_pressedEv