Archive member included to satisfy reference by file (symbol)

/opt/devkitpro/libgba/lib/libmm.a(mm_mas.o)
                              bn_audio_manager.o (mmStart)
/opt/devkitpro/libgba/lib/libmm.a(mm_main.o)
                              /opt/devkitpro/libgba/lib/libmm.a(mm_mas.o) (mmCallback)
/opt/devkitpro/libgba/lib/libmm.a(mm_effect.o)
                              /opt/devkitpro/libgba/lib/libmm.a(mm_main.o) (mmResetEffects)
/opt/devkitpro/libgba/lib/libmm.a(mm_mas_arm.o)
                              /opt/devkitpro/libgba/lib/libmm.a(mm_mas.o) (mmAllocChannel)
/opt/devkitpro/libgba/lib/libmm.a(mm_mixer_gba.o)
                              bn_hw_audio.o (mmVBlank)
/opt/devkitpro/devkitARM/bin/../lib/gcc/arm-none-eabi/11.1.0/thumb/libgcc.a(_call_via_rX.o)
                              /opt/devkitpro/libgba/lib/libmm.a(mm_main.o) (_call_via_r1)
/opt/devkitpro/devkitARM/bin/../lib/gcc/arm-none-eabi/11.1.0/thumb/libgcc.a(_aeabi_ldivmod.o)
                              bn_hw_text.o (__aeabi_ldivmod)
/opt/devkitpro/devkitARM/bin/../lib/gcc/arm-none-eabi/11.1.0/thumb/libgcc.a(_aeabi_uldivmod.o)
                              bn_hw_text.o (__aeabi_uldivmod)
/opt/devkitpro/devkitARM/bin/../lib/gcc/arm-none-eabi/11.1.0/thumb/libgcc.a(_udivmoddi4.o)
                              /opt/devkitpro/devkitARM/bin/../lib/gcc/arm-none-eabi/11.1.0/thumb/libgcc.a(_aeabi_ldivmod.o) (__udivmoddi4)
/opt/devkitpro/devkitARM/bin/../lib/gcc/arm-none-eabi/11.1.0/../../../../arm-none-eabi/lib/thumb/libg.a(lib_a-init.o)
                              /opt/devkitpro/devkitARM/bin/../lib/gcc/arm-none-eabi/11.1.0/../../../../arm-none-eabi/lib/thumb/gba_crt0.o (__libc_init_array)
/opt/devkitpro/devkitARM/bin/../lib/gcc/arm-none-eabi/11.1.0/../../../../arm-none-eabi/lib/thumb/libg.a(lib_a-memcmp.o)
                              is_scene_manager.o (memcmp)
/opt/devkitpro/devkitARM/bin/../lib/gcc/arm-none-eabi/11.1.0/../../../../arm-none-eabi/lib/thumb/libg.a(lib_a-memcpy-stub.o)
                              is_obstacle.o (memcpy)
/opt/devkitpro/devkitARM/bin/../lib/gcc/arm-none-eabi/11.1.0/../../../../arm-none-eabi/lib/thumb/libg.a(lib_a-memmove.o)
                              is_floor_title.o (memmove)
/opt/devkitpro/devkitARM/bin/../lib/gcc/arm-none-eabi/11.1.0/../../../../arm-none-eabi/lib/thumb/libg.a(lib_a-memset.o)
                              helper_extensions.o (memset)
/opt/devkitpro/devkitARM/bin/../lib/gcc/arm-none-eabi/11.1.0/../../../../arm-none-eabi/lib/thumb/libsysbase.a(malloc_vars.o)
                              /opt/devkitpro/devkitARM/bin/../lib/gcc/arm-none-eabi/11.1.0/../../../../arm-none-eabi/lib/thumb/gba_crt0.o (fake_heap_end)

Discarded input sections

 .text          0x0000000000000000        0x0 /opt/devkitpro/devkitARM/bin/../lib/gcc/arm-none-eabi/11.1.0/../../../../arm-none-eabi/lib/thumb/gba_crt0.o
 .data          0x0000000000000000        0x0 /opt/devkitpro/devkitARM/bin/../lib/gcc/arm-none-eabi/11.1.0/../../../../arm-none-eabi/lib/thumb/gba_crt0.o
 .bss           0x0000000000000000        0x0 /opt/devkitpro/devkitARM/bin/../lib/gcc/arm-none-eabi/11.1.0/../../../../arm-none-eabi/lib/thumb/gba_crt0.o
 .text          0x0000000000000000        0x0 /opt/devkitpro/devkitARM/bin/../lib/gcc/arm-none-eabi/11.1.0/thumb/crti.o
 .data          0x0000000000000000        0x0 /opt/devkitpro/devkitARM/bin/../lib/gcc/arm-none-eabi/11.1.0/thumb/crti.o
 .bss           0x0000000000000000        0x0 /opt/devkitpro/devkitARM/bin/../lib/gcc/arm-none-eabi/11.1.0/thumb/crti.o
 .text          0x0000000000000000        0x0 /opt/devkitpro/devkitARM/bin/../lib/gcc/arm-none-eabi/11.1.0/thumb/crtbegin.o
 .data          0x0000000000000000        0x0 /opt/devkitpro/devkitARM/bin/../lib/gcc/arm-none-eabi/11.1.0/thumb/crtbegin.o
 .bss           0x0000000000000000        0x0 /opt/devkitpro/devkitARM/bin/../lib/gcc/arm-none-eabi/11.1.0/thumb/crtbegin.o
 .rodata.all_implied_fbits
                0x0000000000000000       0x24 /opt/devkitpro/devkitARM/bin/../lib/gcc/arm-none-eabi/11.1.0/thumb/crtbegin.o
 .data.__dso_handle
                0x0000000000000000        0x4 /opt/devkitpro/devkitARM/bin/../lib/gcc/arm-none-eabi/11.1.0/thumb/crtbegin.o
 .text          0x0000000000000000        0x0 _bn_audio_soundbank.bin.o
 .data          0x0000000000000000        0x0 _bn_audio_soundbank.bin.o
 .bss           0x0000000000000000        0x0 _bn_audio_soundbank.bin.o
 .text          0x0000000000000000        0x0 rock_wall_hole_bn_gfx.o
 .data          0x0000000000000000        0x0 rock_wall_hole_bn_gfx.o
 .bss           0x0000000000000000        0x0 rock_wall_hole_bn_gfx.o
 .text          0x0000000000000000        0x0 rock_wall_bn_gfx.o
 .data          0x0000000000000000        0x0 rock_wall_bn_gfx.o
 .bss           0x0000000000000000        0x0 rock_wall_bn_gfx.o
 .text          0x0000000000000000        0x0 frozen_underline_m1_bn_gfx.o
 .data          0x0000000000000000        0x0 frozen_underline_m1_bn_gfx.o
[...]
Memory Configuration

Name             Origin             Length             Attributes
rom              0x0000000008000000 0x0000000002000000
iwram            0x0000000003000000 0x0000000000008000
ewram            0x0000000002000000 0x0000000000040000
*default*        0x0000000000000000 0xffffffffffffffff

Linker script and memory map

                0x0000000008000000                __text_start = ORIGIN (rom)
                0x0000000002040000                __eheap_end = (ORIGIN (ewram) + LENGTH (ewram))
                0x0000000003000000                __iwram_start = ORIGIN (iwram)
                0x0000000003008000                __iwram_top = (ORIGIN (iwram) + LENGTH (iwram))
                0x0000000003007fa0                __sp_irq = (__iwram_top - 0x60)
                0x0000000003007f00                __sp_usr = (__sp_irq - 0xa0)
                0x0000000003007ff8                __irq_flags = 0x3007ff8
                0x0000000008000000                . = __text_start

.crt0           0x0000000008000000      0x210
 *(.crt0)
 .crt0          0x0000000008000000      0x210 /opt/devkitpro/devkitARM/bin/../lib/gcc/arm-none-eabi/11.1.0/../../../../arm-none-eabi/lib/thumb/gba_crt0.o
                0x0000000008000000                _start
                0x00000000080000c4                __boot_method
                0x00000000080000c5                __slave_number
                0x00000000080000e0                start_vector
                0x0000000008000210                . = ALIGN (0x4)

.init           0x0000000008000210        0xc
 *(SORT_NONE(.init))
 .init          0x0000000008000210        0x4 /opt/devkitpro/devkitARM/bin/../lib/gcc/arm-none-eabi/11.1.0/thumb/crti.o
                0x0000000008000210                _init
 .init          0x0000000008000214        0x8 /opt/devkitpro/devkitARM/bin/../lib/gcc/arm-none-eabi/11.1.0/thumb/crtn.o

.plt            0x000000000800021c        0x0
 *(.plt)
                0x000000000800021c                . = ALIGN (0x4)

.text           0x0000000008000220    0x19950
 *(EXCLUDE_FILE(*.iwram*) .text*)
 .text.__do_global_dtors_aux
                0x0000000008000220       0x2c /opt/devkitpro/devkitARM/bin/../lib/gcc/arm-none-eabi/11.1.0/thumb/crtbegin.o
 .text.frame_dummy
                0x000000000800024c       0x24 /opt/devkitpro/devkitARM/bin/../lib/gcc/arm-none-eabi/11.1.0/thumb/crtbegin.o
 .text._ZN2is11floor_titleD2Ev
                0x0000000008000270       0x90 is_floor_title.o
                0x0000000008000270                is::floor_title::~floor_title()
                0x0000000008000270                is::floor_title::~floor_title()
 .text._ZN2is11floor_title6updateEv
                0x0000000008000300       0x20 is_floor_title.o
                0x0000000008000300                is::floor_title::update()
 .text._ZN3_bn6assert9show_argsIJA19_ciA4_ciEEEvPKcS5_S5_iDpRKT_
                0x0000000008000320       0x6c is_floor_title.o
                0x0000000008000320                void _bn::assert::show_args<char [19], int, char [4], int>(char const*, char const*, char const*, int, char const (&) [19], int const&, char const (&) [4], int const&)
 .text._ZN3_bn6assert9show_argsIA15_cEEvPKcS4_S4_iRKT_
                0x000000000800038c       0x50 is_floor_title.o
                0x000000000800038c                void _bn::assert::show_args<char [15]>(char const*, char const*, char const*, int, char const (&) [15])
 .text._ZN3_bn6assert9show_argsIA14_cEEvPKcS4_S4_iRKT_
                0x00000000080003dc       0x50 is_floor_title.o
                0x00000000080003dc                void _bn::assert::show_args<char [14]>(char const*, char const*, char const*, int, char const (&) [14])
 .text._ZN2is11floor_titleC2ENS_10game_sceneE
                0x000000000800042c      0x29c is_floor_title.o
                0x000000000800042c                is::floor_title::floor_title(is::game_scene)
                0x000000000800042c                is::floor_title::floor_title(is::game_scene)
 .text._ZN2is6helper13cast_to_sceneEi
                0x00000000080006c8       0x14 helper_extensions.o
                0x00000000080006c8                is::helper::cast_to_scene(int)
 .text._ZN2is6helper15get_sprite_itemENS_13obstacle_typeE
                0x00000000080006dc       0x9c helper_extensions.o
                0x00000000080006dc                is::helper::get_sprite_item(is::obstacle_type)
 .text._ZN2is6helper15is_destructibleENS_13obstacle_typeE
                0x0000000008000778       0x10 helper_extensions.o
                0x0000000008000778                is::helper::is_destructible(is::obstacle_type)
 .text._ZN2bn7istring6appendEPKc.isra.0
                0x0000000008000788       0xb8 helper_extensions.o
 .text._ZN2is6helper17get_scene_detailsENS_10game_sceneE
                0x0000000008000840     0x1344 helper_extensions.o
                0x0000000008000840                is::helper::get_scene_details(is::game_scene)
 .text._ZN2is8obstacleD2Ev
                0x0000000008001b84       0x34 is_obstacle.o
                0x0000000008001b84                is::obstacle::~obstacle()
                0x0000000008001b84                is::obstacle::~obstacle()
 .text._ZN2is8obstacle18get_collision_edgeENS_9directionE
                0x0000000008001bb8       0x94 is_obstacle.o
                0x0000000008001bb8                is::obstacle::get_collision_edge(is::direction)
 .text._ZN2is8obstacle11can_destroyEv
                0x0000000008001c4c        0x4 is_obstacle.o
                0x0000000008001c4c                is::obstacle::can_destroy()
 .text._ZN2is8obstacle12get_positionEv
                0x0000000008001c50       0x10 is_obstacle.o
                0x0000000008001c50                is::obstacle::get_position()
 .text._ZN2is8obstacle13get_destroyedEv
                0x0000000008001c60        0x4 is_obstacle.o
                0x0000000008001c60                is::obstacle::get_destroyed()
 .text._ZN3_bn6assert9show_argsIA22_cEEvPKcS4_S4_iRKT_
                0x0000000008001c64       0x50 is_obstacle.o
                0x0000000008001c64                void _bn::assert::show_args<char [22]>(char const*, char const*, char const*, int, char const (&) [22])
 .text._ZN3_bn6assert9show_argsIJA16_ciA4_ciEEEvPKcS5_S5_iDpRKT_
                0x0000000008001cb4       0x6c is_obstacle.o
                0x0000000008001cb4                void _bn::assert::show_args<char [16], int, char [4], int>(char const*, char const*, char const*, int, char const (&) [16], int const&, char const (&) [4], int const&)
 .text._ZN2is8obstacle11set_destroyEv
                0x0000000008001d20      0x138 is_obstacle.o
                0x0000000008001d20                is::obstacle::set_destroy()
 .text._ZN3_bn6assert9show_argsIA27_ciEEvPKcS4_S4_iRKT_RKT0_
                0x0000000008001e58       0x58 is_obstacle.o
                0x0000000008001e58                void _bn::assert::show_args<char [27], int>(char const*, char const*, char const*, int, char const (&) [27], int const&)
 .text._ZN2is8obstacleC2EN2bn11fixed_pointENS_13obstacle_typeEbNS_9directionE
                0x0000000008001eb0      0x434 is_obstacle.o
                0x0000000008001eb0                is::obstacle::obstacle(bn::fixed_point, is::obstacle_type, bool, is::direction)
                0x0000000008001eb0                is::obstacle::obstacle(bn::fixed_point, is::obstacle_type, bool, is::direction)
 .text._ZN2is6playerD2Ev
                0x00000000080022e4       0x20 is_player.o
                0x00000000080022e4                is::player::~player()
                0x00000000080022e4                is::player::~player()
 .text._ZN2is6player13get_directionEv
                0x0000000008002304        0x4 is_player.o
                0x0000000008002304                is::player::get_direction()
 .text._ZN2is6player12get_positionEv
                0x0000000008002308       0x10 is_player.o
                0x0000000008002308                is::player::get_position()
 .text._ZN2is6player14get_move_limitEv
                0x0000000008002318       0x10 is_player.o
                0x0000000008002318                is::player::get_move_limit()
 .text._ZN2is6player14set_move_limitEN2bn7fixed_tILi12EEES3_
                0x0000000008002328        0x8 is_player.o
                0x0000000008002328                is::player::set_move_limit(bn::fixed_t<12>, bn::fixed_t<12>)
 .text._ZN2is6playerC2EN2bn7fixed_tILi12EEES3_NS_9directionE
                0x0000000008002330       0xa0 is_player.o
                0x0000000008002330                is::player::player(bn::fixed_t<12>, bn::fixed_t<12>, is::direction)
                0x0000000008002330                is::player::player(bn::fixed_t<12>, bn::fixed_t<12>, is::direction)
 .text._ZN2is6player20set_sprite_directionEv
                0x00000000080023d0       0xa4 is_player.o
                0x00000000080023d0                is::player::set_sprite_direction()
 .text._ZN2bn13ostringstream6appendILi12EEEvNS_7fixed_tIXT_EEE
                0x0000000008002474       0xb8 is_player.o
                0x0000000008002474                void bn::ostringstream::append<12>(bn::fixed_t<12>)
 .text._ZN2is6player4moveEN2bn7fixed_tILi12EEES3_
                0x000000000800252c      0x2c4 is_player.o
                0x000000000800252c                is::player::move(bn::fixed_t<12>, bn::fixed_t<12>)
 .text._ZN2is6player6updateEv
                0x00000000080027f0      0x2d8 is_player.o
                0x00000000080027f0                is::player::update()
 .text._ZN2is13scene_manager9read_saveEv
                0x0000000008002ac8       0xac is_scene_manager.o
                0x0000000008002ac8                is::scene_manager::read_save()
 .text._ZN2is13scene_managerC2Ev
                0x0000000008002b74       0x28 is_scene_manager.o
                0x0000000008002b74                is::scene_manager::scene_manager()
                0x0000000008002b74                is::scene_manager::scene_manager()
 .text._ZN2is13scene_manager10load_sceneEv
                0x0000000008002b9c       0x84 is_scene_manager.o
                0x0000000008002b9c                is::scene_manager::load_scene()
 .text._ZN2is13scene_manager6updateEv
                0x0000000008002c20       0xfc is_scene_manager.o
                0x0000000008002c20                is::scene_manager::update()
 .text._ZN2is9main_menuD2Ev
                0x0000000008002d1c       0x60 is_main_menu.o
                0x0000000008002d1c                is::main_menu::~main_menu()
                0x0000000008002d1c                is::main_menu::~main_menu()
 .text._ZN2is9main_menu6updateEv
                0x0000000008002d7c       0xc0 is_main_menu.o
                0x0000000008002d7c                is::main_menu::update()
 .text._ZN2is9main_menuC2Ei
                0x0000000008002e3c      0x1e0 is_main_menu.o
                0x0000000008002e3c                is::main_menu::main_menu(int)
                0x0000000008002e3c                is::main_menu::main_menu(int)
 .text._ZN2is5sceneD2Ev
                0x000000000800301c       0x88 is_scene.o
                0x000000000800301c                is::scene::~scene()
                0x000000000800301c                is::scene::~scene()
 .text._ZN2is5sceneD0Ev
                0x00000000080030a4       0x1c is_scene.o
                0x00000000080030a4                is::scene::~scene()
 .text._ZN2is5sceneC2ENS_10game_sceneENS_13scene_detailsE
                0x00000000080030c0      0x498 is_scene.o
                0x00000000080030c0                is::scene::scene(is::game_scene, is::scene_details)
                0x00000000080030c0                is::scene::scene(is::game_scene, is::scene_details)
 .text._ZN2is5scene14get_next_sceneEv
                0x0000000008003558       0x48 is_scene.o
                0x0000000008003558                is::scene::get_next_scene()
 .text._ZN2is5scene6updateEv
                0x00000000080035a0      0x12c is_scene.o
                0x00000000080035a0                is::scene::update()
 .text._ZN2is5scene16destroy_obstacleEN2bn7fixed_tILi12EEES3_
                0x00000000080036cc      0x188 is_scene.o
                0x00000000080036cc                is::scene::destroy_obstacle(bn::fixed_t<12>, bn::fixed_t<12>)
 .text._ZN2is5scene9get_inputEv
                0x0000000008003854       0xb4 is_scene.o
                0x0000000008003854                is::scene::get_input()
 .text._ZN2is5scene18get_closest_objectEv
                0x0000000008003908      0x294 is_scene.o
                0x0000000008003908                is::scene::get_closest_object()
 .text._ZN2is5scene21set_player_move_limitEv
                0x0000000008003b9c      0x3c0 is_scene.o
                0x0000000008003b9c                is::scene::set_player_move_limit()
 .text.startup.main
                0x0000000008003f5c       0x4c main.o
                0x0000000008003f5c                main
 .text._ZN3_bn6assert9show_argsIA15_ciEEvPKcS4_S4_iRKT_RKT0_
                0x0000000008003fa8       0x58 common_stats.o
                0x0000000008003fa8                void _bn::assert::show_args<char [15], int>(char const*, char const*, char const*, int, char const (&) [15], int const&)
 .text._ZNK2bn17sprite_shape_size6heightEv
                0x0000000008004000      0x120 common_stats.o
                0x0000000008004000                bn::sprite_shape_size::height() const
 .text._ZN3_bn6assert9show_argsIA16_ciEEvPKcS4_S4_iRKT_RKT0_
                0x0000000008004120       0x58 common_info.o
                0x0000000008004120                void _bn::assert::show_args<char [16], int>(char const*, char const*, char const*, int, char const (&) [16], int const&)
 .text._ZN2bn15display_manager12_GLOBAL__N_134_update_rect_windows_hw_boundariesEi
                0x0000000008004178       0x8c bn_display_manager.o
 .text._ZN2bn15display_manager4initEv
                0x0000000008004204       0x40 bn_display_manager.o
                0x0000000008004204                bn::display_manager::init()
 .text._ZN2bn15display_manager8set_modeEi
                0x0000000008004244       0x1c bn_display_manager.o
                0x0000000008004244                bn::display_manager::set_mode(int)
 .text._ZN2bn15display_manager14set_bg_enabledEib
                0x0000000008004260       0x1c bn_display_manager.o
                0x0000000008004260                bn::display_manager::set_bg_enabled(int, bool)
 .text._ZN2bn15display_manager15disable_all_bgsEv
                0x000000000800427c       0x18 bn_display_manager.o
                0x000000000800427c                bn::display_manager::disable_all_bgs()
 .text._ZN2bn15display_manager36fill_mosaic_hblank_effect_attributesEPKNS_17mosaic_attributesEPt
                0x0000000008004294       0xb4 bn_display_manager.o
                0x0000000008004294                bn::display_manager::fill_mosaic_hblank_effect_attributes(bn::mosaic_attributes const*, unsigned short*)
 .text._ZN2bn15display_manager23set_blending_bg_enabledEib
                0x0000000008004348       0x14 bn_display_manager.o
                0x0000000008004348                bn::display_manager::set_blending_bg_enabled(int, bool)
 .text._ZN2bn15display_manager32blending_transparency_top_weightEv
                0x000000000800435c       0x18 bn_display_manager.o
                0x000000000800435c                bn::display_manager::blending_transparency_top_weight()
 .text._ZN2bn15display_manager35blending_transparency_bottom_weightEv
                0x0000000008004374       0x28 bn_display_manager.o
                0x0000000008004374                bn::display_manager::blending_transparency_bottom_weight()
 .text._ZN2bn15display_manager51fill_blending_transparency_hblank_effect_attributesEPKNS_32blending_transparency_attributesEPt
                0x000000000800439c       0x30 bn_display_manager.o
                0x000000000800439c                bn::display_manager::fill_blending_transparency_hblank_effect_attributes(bn::blending_transparency_attributes const*, unsigned short*)
 .text._ZN2bn15display_manager21blending_fade_enabledEv
                0x00000000080043cc       0x10 bn_display_manager.o
                0x00000000080043cc                bn::display_manager::blending_fade_enabled()
 .text._ZN2bn15display_manager39fill_blending_fade_hblank_effect_alphasEPKNS_19blending_fade_alphaEPt
                0x00000000080043dc       0x24 bn_display_manager.o
                0x00000000080043dc                bn::display_manager::fill_blending_fade_hblank_effect_alphas(bn::blending_fade_alpha const*, unsigned short*)
 .text._ZN2bn15display_manager26update_windows_visible_bgsEv
                0x0000000008004400       0x10 bn_display_manager.o
                0x0000000008004400                bn::display_manager::update_windows_visible_bgs()
 .text._ZN2bn15display_manager36rect_window_hw_horizontal_boundariesEi
                0x0000000008004410       0x18 bn_display_manager.o
                0x0000000008004410                bn::display_manager::rect_window_hw_horizontal_boundaries(int)
 .text._ZN2bn15display_manager34rect_window_hw_vertical_boundariesEi
                0x0000000008004428       0x18 bn_display_manager.o
                0x0000000008004428                bn::display_manager::rect_window_hw_vertical_boundaries(int)
 .text._ZN2bn15display_manager52fill_rect_window_hblank_effect_horizontal_boundariesERKNS_4pairIiiEEPKNS1_INS_7fixed_tILi12EEES6_EEPt
                0x0000000008004440      0x13c bn_display_manager.o
                0x0000000008004440                bn::display_manager::fill_rect_window_hblank_effect_horizontal_boundaries(bn::pair<int, int> const&, bn::pair<bn::fixed_t<12>, bn::fixed_t<12> > const*, unsigned short*)
 .text._ZN2bn15display_manager50fill_rect_window_hblank_effect_vertical_boundariesERKNS_4pairIiiEEPKNS1_INS_7fixed_tILi12EEES6_EEPt
                0x000000000800457c      0x13c bn_display_manager.o
                0x000000000800457c                bn::display_manager::fill_rect_window_hblank_effect_vertical_boundaries(bn::pair<int, int> const&, bn::pair<bn::fixed_t<12>, bn::fixed_t<12> > const*, unsigned short*)
 .text._ZN2bn15display_manager36fill_green_swap_hblank_effect_statesEPKbPt
                0x00000000080046b8       0x38 bn_display_manager.o
                0x00000000080046b8                bn::display_manager::fill_green_swap_hblank_effect_states(bool const*, unsigned short*)
 .text._ZN2bn15display_manager14update_camerasEv
                0x00000000080046f0       0x40 bn_display_manager.o
                0x00000000080046f0                bn::display_manager::update_cameras()
 .text._ZN2bn15display_manager6updateEv
                0x0000000008004730      0x210 bn_display_manager.o
                0x0000000008004730                bn::display_manager::update()
 .text._ZN2bn15display_manager6commitEv
                0x0000000008004940      0x164 bn_display_manager.o
                0x0000000008004940                bn::display_manager::commit()
 .text._ZN2bn15display_manager4stopEv
                0x0000000008004aa4       0x28 bn_display_manager.o
                0x0000000008004aa4                bn::display_manager::stop()
 .text._ZN3_bn6assert9show_argsIA66_cEEvPKcS4_S4_iRKT_
                0x0000000008004acc       0x50 bn_display_manager.o
                0x0000000008004acc                void _bn::assert::show_args<char [66]>(char const*, char const*, char const*, int, char const (&) [66])
 .text.startup._GLOBAL__sub_I__ZNK2bn6window7show_bgERKNS_14regular_bg_ptrE
                0x0000000008004b1c       0x7c bn_display_manager.o
 .text.exit._GLOBAL__sub_D__ZNK2bn6window7show_bgERKNS_14regular_bg_ptrE
                0x0000000008004b98       0x48 bn_display_manager.o
 .text._ZN3_bn4sram12unsafe_writeEPKvii
                0x0000000008004be0       0x14 bn_sram.o
                0x0000000008004be0                _bn::sram::unsafe_write(void const*, int, int)
 .text._ZN3_bn4sram11unsafe_readEPvii
                0x0000000008004bf4       0x18 bn_sram.o
                0x0000000008004bf4                _bn::sram::unsafe_read(void*, int, int)
 .text._ZN3_bn6assert9show_argsIA35_cjEEvPKcS4_S4_iRKT_RKT0_
                0x0000000008004c0c       0x58 bn_memory_manager.o
                0x0000000008004c0c                void _bn::assert::show_args<char [35], unsigned int>(char const*, char const*, char const*, int, char const (&) [35], unsigned int const&)
 .text._ZN3_bn6assert9show_argsIA17_cEEvPKcS4_S4_iRKT_
                0x0000000008004c64       0x50 bn_memory_manager.o
                0x0000000008004c64                void _bn::assert::show_args<char [17]>(char const*, char const*, char const*, int, char const (&) [17])
 .text._ZN2bn14memory_manager12_GLOBAL__N_117_insert_free_itemENS_5ilistINS1_9item_typeEE8iteratorEPS5_
                0x0000000008004cb4       0xd8 bn_memory_manager.o
 .text._ZN3_bn6assert9show_argsIA16_cEEvPKcS4_S4_iRKT_
                0x0000000008004d8c       0x50 bn_memory_manager.o
                0x0000000008004d8c                void _bn::assert::show_args<char [16]>(char const*, char const*, char const*, int, char const (&) [16])
 .text._ZN2bn14memory_manager12_GLOBAL__N_116_erase_free_itemENS_5ilistINS1_9item_typeEE8iteratorE
                0x0000000008004ddc       0xfc bn_memory_manager.o
 .text._ZN3_bn6assert9show_argsIA13_cEEvPKcS4_S4_iRKT_
                0x0000000008004ed8       0x50 bn_memory_manager.o
                0x0000000008004ed8                void _bn::assert::show_args<char [13]>(char const*, char const*, char const*, int, char const (&) [13])
 .text._ZN2bn14memory_manager4initEv
                0x0000000008004f28       0xf0 bn_memory_manager.o
                0x0000000008004f28                bn::memory_manager::init()
 .text._ZN2bn14memory_manager11ewram_allocEi
                0x0000000008005018      0x1e0 bn_memory_manager.o
                0x0000000008005018                bn::memory_manager::ewram_alloc(int)
 .text._Znwj    0x00000000080051f8       0x48 bn_memory_manager.o
                0x00000000080051f8                operator new(unsigned int)
 .text._ZN3_bn6assert9show_argsIA33_cEEvPKcS4_S4_iRKT_
                0x0000000008005240       0x50 bn_memory_manager.o
                0x0000000008005240                void _bn::assert::show_args<char [33]>(char const*, char const*, char const*, int, char const (&) [33])
 .text._ZN2bn14memory_manager10ewram_freeEPv
                0x0000000008005290      0x158 bn_memory_manager.o
                0x0000000008005290                bn::memory_manager::ewram_free(void*)
 .text._ZdlPvj  0x00000000080053e8        0xc bn_memory_manager.o
                0x00000000080053e8                operator delete(void*, unsigned int)
 .text.startup._GLOBAL__sub_I__Znwj
                0x00000000080053f4       0x4c bn_memory_manager.o
 .text.exit._GLOBAL__sub_D__Znwj
                0x0000000008005440       0x90 bn_memory_manager.o
 .text._ZN2bn12hdma_manager7disableEv
                0x00000000080054d0       0x30 bn_hdma_manager.o
                0x00000000080054d0                bn::hdma_manager::disable()
 .text._ZN2bn12hdma_manager10force_stopEv
                0x0000000008005500       0x3c bn_hdma_manager.o
                0x0000000008005500                bn::hdma_manager::force_stop()
 .text._ZN2bn12hdma_manager6updateEv
                0x000000000800553c       0x6c bn_hdma_manager.o
                0x000000000800553c                bn::hdma_manager::update()
 .text._ZN2bn12hdma_manager6commitEv
                0x00000000080055a8       0xd0 bn_hdma_manager.o
                0x00000000080055a8                bn::hdma_manager::commit()
 .text.startup._GLOBAL__sub_I__ZN2bn4hdma7runningEv
                0x0000000008005678       0x34 bn_hdma_manager.o
 .text._ZN2bn5timerC2Ev
                0x00000000080056ac       0x18 bn_timer.o
                0x00000000080056ac                bn::timer::timer()
                0x00000000080056ac                bn::timer::timer()
 .text._ZNK2bn5timer13elapsed_ticksEv
                0x00000000080056c4       0x38 bn_timer.o
                0x00000000080056c4                bn::timer::elapsed_ticks() const
 .text._ZN2bn5timer7restartEv
                0x00000000080056fc       0x18 bn_timer.o
                0x00000000080056fc                bn::timer::restart()
 .text._ZN2bn18igeneric_pool_baseC2EPci
                0x0000000008005714       0x10 bn_generic_pool.o
                0x0000000008005714                bn::igeneric_pool_base::igeneric_pool_base(char*, int)
                0x0000000008005714                bn::igeneric_pool_base::igeneric_pool_base(char*, int)
 .text._ZN2bn18igeneric_pool_base5_freeEPc
                0x0000000008005724       0x10 bn_generic_pool.o
                0x0000000008005724                bn::igeneric_pool_base::_free(char*)
 .text._ZN3_bn6assert9show_argsIA18_cEEvPKcS4_S4_iRKT_
                0x0000000008005734       0x50 bn_generic_pool.o
                0x0000000008005734                void _bn::assert::show_args<char [18]>(char const*, char const*, char const*, int, char const (&) [18])
 .text._ZN2bn18igeneric_pool_baseD2Ev
                0x0000000008005784       0x40 bn_generic_pool.o
                0x0000000008005784                bn::igeneric_pool_base::~igeneric_pool_base()
                0x0000000008005784                bn::igeneric_pool_base::~igeneric_pool_base()
 .text._ZN2bn18igeneric_pool_base9_allocateEv
                0x00000000080057c4       0x54 bn_generic_pool.o
                0x00000000080057c4                bn::igeneric_pool_base::_allocate()
 .text._ZN2bn4core12_GLOBAL__N_111update_implEv
                0x0000000008005818       0x68 bn_core.o
 .text._ZN2bn4core12_GLOBAL__N_118hp_vblank_functionEv
                0x0000000008005880       0x40 bn_core.o
 .text._ZN2bn4core12_GLOBAL__N_14stopEb.constprop.0
                0x00000000080058c0       0x40 bn_core.o
 .text._ZN2bn11string_viewC2EPKc
                0x0000000008005900       0x1c bn_core.o
                0x0000000008005900                bn::string_view::string_view(char const*)
                0x0000000008005900                bn::string_view::string_view(char const*)
 .text._ZN2bn4core6updateEv
                0x000000000800591c       0x74 bn_core.o
                0x000000000800591c                bn::core::update()
 .text._ZN2bn4core4initERKNS_11string_viewE
                0x0000000008005990       0xcc bn_core.o
                0x0000000008005990                bn::core::init(bn::string_view const&)
 .text._ZN2bn4core4initEv
                0x0000000008005a5c       0x18 bn_core.o
                0x0000000008005a5c                bn::core::init()
 .text._ZN3_bn6assert4showEPKcS2_S2_iRKN2bn12istring_baseE
                0x0000000008005a74       0x54 bn_core.o
                0x0000000008005a74                _bn::assert::show(char const*, char const*, char const*, int, bn::istring_base const&)
 .text._ZN3_bn6assert9show_argsIA22_ciEEvPKcS4_S4_iRKT_RKT0_
                0x0000000008005ac8       0x58 bn_core.o
                0x0000000008005ac8                void _bn::assert::show_args<char [22], int>(char const*, char const*, char const*, int, char const (&) [22], int const&)
 .text._ZN3_bn6assert9show_argsIA24_cEEvPKcS4_S4_iRKT_
                0x0000000008005b20       0x50 bn_core.o
                0x0000000008005b20                void _bn::assert::show_args<char [24]>(char const*, char const*, char const*, int, char const (&) [24])
 .text.startup._GLOBAL__sub_I__ZN2bn4core4initEv
                0x0000000008005b70       0x24 bn_core.o
 .text._ZN2bn13ostringstreamC2ERNS_12istring_baseE
                0x0000000008005b94        0x8 bn_sstream.o
                0x0000000008005b94                bn::ostringstream::ostringstream(bn::istring_base&)
                0x0000000008005b94                bn::ostringstream::ostringstream(bn::istring_base&)
 .text._ZNK2bn13ostringstream4sizeEv
                0x0000000008005b9c        0x8 bn_sstream.o
                0x0000000008005b9c                bn::ostringstream::size() const
 .text._ZN2bn13ostringstream6appendEPKc
                0x0000000008005ba4       0xb8 bn_sstream.o
                0x0000000008005ba4                bn::ostringstream::append(char const*)
 .text._ZN2bn7istring6appendEPKc.isra.0
                0x0000000008005c5c       0xb8 bn_sstream.o
 .text._ZN2bn13ostringstream6appendEc
                0x0000000008005d14       0x54 bn_sstream.o
                0x0000000008005d14                bn::ostringstream::append(char)
 .text._ZN2bn13ostringstream6appendEi
                0x0000000008005d68       0xb8 bn_sstream.o
                0x0000000008005d68                bn::ostringstream::append(int)
 .text._ZN3_bn6assert9show_argsIA26_ciEEvPKcS4_S4_iRKT_RKT0_
                0x0000000008005e20       0x54 bn_sstream.o
                0x0000000008005e20                void _bn::assert::show_args<char [26], int>(char const*, char const*, char const*, int, char const (&) [26], int const&)
 .text._ZN2bn13ostringstream6appendERKNS_11string_viewE
                0x0000000008005e74       0xb0 bn_sstream.o
                0x0000000008005e74                bn::ostringstream::append(bn::string_view const&)
 .text._ZN2bn13ostringstream6appendEj
                0x0000000008005f24       0xb8 bn_sstream.o
                0x0000000008005f24                bn::ostringstream::append(unsigned int)
 .text._ZN2bn13ostringstream6appendEPKv
                0x0000000008005fdc      0x140 bn_sstream.o
                0x0000000008005fdc                bn::ostringstream::append(void const*)
 .text._ZN2bn13ostringstream16_append_fractionEji
                0x000000000800611c      0x128 bn_sstream.o
                0x000000000800611c                bn::ostringstream::_append_fraction(unsigned int, int)
 .text._ZN3_bn6assert9show_argsIA20_ciEEvPKcS4_S4_iRKT_RKT0_
                0x0000000008006244       0x54 bn_sstream.o
                0x0000000008006244                void _bn::assert::show_args<char [20], int>(char const*, char const*, char const*, int, char const (&) [20], int const&)
 .text._ZN2bn13audio_manager4initEPFvvES2_
                0x0000000008006298        0xc bn_audio_manager.o
                0x0000000008006298                bn::audio_manager::init(void (*)(), void (*)())
 .text._ZN2bn13audio_manager7disableEv
                0x00000000080062a4        0xc bn_audio_manager.o
                0x00000000080062a4                bn::audio_manager::disable()
 .text._ZN2bn13audio_manager22disable_vblank_handlerEv
                0x00000000080062b0        0xc bn_audio_manager.o
                0x00000000080062b0                bn::audio_manager::disable_vblank_handler()
 .text._ZN2bn13audio_manager6commitEv
                0x00000000080062bc        0xc bn_audio_manager.o
                0x00000000080062bc                bn::audio_manager::commit()
 .text._ZN2bn13audio_manager6updateEv
                0x00000000080062c8      0x120 bn_audio_manager.o
                0x00000000080062c8                bn::audio_manager::update()
 .text._ZN3_bn6assert9show_argsIA25_cEEvPKcS4_S4_iRKT_
                0x00000000080063e8       0x50 bn_audio_manager.o
                0x00000000080063e8                void _bn::assert::show_args<char [25]>(char const*, char const*, char const*, int, char const (&) [25])
 .text._ZN3_bn6assert9show_argsIA25_cN2bn7fixed_tILi12EEEEEvPKcS7_S7_iRKT_RKT0_
                0x0000000008006438       0x58 bn_audio_manager.o
                0x0000000008006438                void _bn::assert::show_args<char [25], bn::fixed_t<12> >(char const*, char const*, char const*, int, char const (&) [25], bn::fixed_t<12> const&)
 .text._ZN2bn13audio_manager15stop_all_soundsEv
                0x0000000008006490       0x60 bn_audio_manager.o
                0x0000000008006490                bn::audio_manager::stop_all_sounds()
 .text._ZN2bn13audio_manager10play_musicENS_10music_itemENS_7fixed_tILi12EEEb
                0x00000000080064f0       0x74 bn_audio_manager.o
                0x00000000080064f0                bn::audio_manager::play_music(bn::music_item, bn::fixed_t<12>, bool)
 .text._ZNK2bn10music_item4playENS_7fixed_tILi12EEE
                0x0000000008006564       0x58 bn_audio_manager.o
                0x0000000008006564                bn::music_item::play(bn::fixed_t<12>) const
 .text._ZN2bn13audio_manager10stop_musicEv
                0x00000000080065bc       0x8c bn_audio_manager.o
                0x00000000080065bc                bn::audio_manager::stop_music()
 .text._ZN2bn13audio_manager4stopEv
                0x0000000008006648       0x24 bn_audio_manager.o
                0x0000000008006648                bn::audio_manager::stop()
 .text.startup._GLOBAL__sub_I__ZN2bn5audio16update_on_vblankEv
                0x000000000800666c       0x24 bn_audio_manager.o
 .text._ZNK2bn21sprite_affine_mat_ptr15horizontal_flipEv
                0x0000000008006690       0x20 bn_sprite_affine_mats_manager.o
                0x0000000008006690                bn::sprite_affine_mat_ptr::horizontal_flip() const
 .text._ZNK2bn21sprite_affine_mat_ptr13vertical_flipEv
                0x00000000080066b0       0x20 bn_sprite_affine_mats_manager.o
                0x00000000080066b0                bn::sprite_affine_mat_ptr::vertical_flip() const
 .text._ZNK2bn21sprite_affine_mat_ptr16flipped_identityEv
                0x00000000080066d0       0x18 bn_sprite_affine_mats_manager.o
                0x00000000080066d0                bn::sprite_affine_mat_ptr::flipped_identity() const
 .text._ZN2bn26sprite_affine_mats_manager13attach_spriteEiRNS_24intrusive_list_node_typeE
                0x00000000080066e8       0x2c bn_sprite_affine_mats_manager.o
                0x00000000080066e8                bn::sprite_affine_mats_manager::attach_sprite(int, bn::intrusive_list_node_type&)
 .text._ZN2bn26sprite_affine_mats_manager18sprite_double_sizeEi
                0x0000000008006714       0xec bn_sprite_affine_mats_manager.o
                0x0000000008006714                bn::sprite_affine_mats_manager::sprite_double_size(int)
 .text._ZN2bn26sprite_affine_mats_manager20retrieve_commit_dataEv
                0x0000000008006800       0x40 bn_sprite_affine_mats_manager.o
                0x0000000008006800                bn::sprite_affine_mats_manager::retrieve_commit_data()
 .text._ZN3_bn6assert9show_argsIA37_cEEvPKcS4_S4_iRKT_
                0x0000000008006840       0x50 bn_sprite_affine_mats_manager.o
                0x0000000008006840                void _bn::assert::show_args<char [37]>(char const*, char const*, char const*, int, char const (&) [37])
 .text._ZN3_bn6assert9show_argsIJA46_ciA4_ciEEEvPKcS5_S5_iDpRKT_
                0x0000000008006890       0x6c bn_sprite_affine_mats_manager.o
                0x0000000008006890                void _bn::assert::show_args<char [46], int, char [4], int>(char const*, char const*, char const*, int, char const (&) [46], int const&, char const (&) [4], int const&)
 .text._ZN2bn26sprite_affine_mats_manager15decrease_usagesEi.part.0
                0x00000000080068fc       0x78 bn_sprite_affine_mats_manager.o
 .text._ZN2bn21sprite_affine_mat_ptr8_destroyEv
                0x0000000008006974       0x2c bn_sprite_affine_mats_manager.o
                0x0000000008006974                bn::sprite_affine_mat_ptr::_destroy()
 .text._ZN2bn26sprite_affine_mats_manager6updateEv
                0x00000000080069a0       0xa0 bn_sprite_affine_mats_manager.o
                0x00000000080069a0                bn::sprite_affine_mats_manager::update()
 .text._ZN2bn26sprite_affine_mats_manager4initEPv
                0x0000000008006a40       0x78 bn_sprite_affine_mats_manager.o
                0x0000000008006a40                bn::sprite_affine_mats_manager::init(void*)
 .text._ZN2bn26sprite_affine_mats_manager14dettach_spriteEiRNS_24intrusive_list_node_typeE
                0x0000000008006ab8       0x5c bn_sprite_affine_mats_manager.o
                0x0000000008006ab8                bn::sprite_affine_mats_manager::dettach_sprite(int, bn::intrusive_list_node_type&)
 .text.startup._GLOBAL__sub_I__ZN2bn18sprite_affine_mats10used_countEv
                0x0000000008006b14       0x98 bn_sprite_affine_mats_manager.o
 .text.exit._GLOBAL__sub_D__ZN2bn18sprite_affine_mats10used_countEv
                0x0000000008006bac       0x3c bn_sprite_affine_mats_manager.o
 .text._ZN2bn12link_manager4initEv
                0x0000000008006be8       0xd0 bn_link_manager.o
                0x0000000008006be8                bn::link_manager::init()
 .text._ZN2bn12link_manager7disableEv
                0x0000000008006cb8       0x90 bn_link_manager.o
                0x0000000008006cb8                bn::link_manager::disable()
 .text._ZN2bn12link_manager6commitEv
                0x0000000008006d48       0x40 bn_link_manager.o
                0x0000000008006d48                bn::link_manager::commit()
 .text.startup._GLOBAL__sub_I__ZN2bn4link4sendEi
                0x0000000008006d88       0x48 bn_link_manager.o
 .text._ZN2bn2hw8palettes9grayscaleEPKNS_5colorEiiPS2_.part.0
                0x0000000008006dd0       0x40 bn_palettes_manager.o
 .text._ZN2bn11bg_palettes21set_transparent_colorENS_5colorE
                0x0000000008006e10       0x40 bn_palettes_manager.o
                0x0000000008006e10                bn::bg_palettes::set_transparent_color(bn::color)
 .text._ZN2bn14bg_palette_ptrC2ERKS0_
                0x0000000008006e50       0x28 bn_palettes_manager.o
                0x0000000008006e50                bn::bg_palette_ptr::bg_palette_ptr(bn::bg_palette_ptr const&)
                0x0000000008006e50                bn::bg_palette_ptr::bg_palette_ptr(bn::bg_palette_ptr const&)
 .text._ZNK2bn14bg_palette_ptr3bppEv
                0x0000000008006e78       0x24 bn_palettes_manager.o
                0x0000000008006e78                bn::bg_palette_ptr::bpp() const
 .text._ZN2bn18sprite_palette_ptrC2ERKS0_
                0x0000000008006e9c       0x1c bn_palettes_manager.o
                0x0000000008006e9c                bn::sprite_palette_ptr::sprite_palette_ptr(bn::sprite_palette_ptr const&)
                0x0000000008006e9c                bn::sprite_palette_ptr::sprite_palette_ptr(bn::sprite_palette_ptr const&)
 .text._ZNK2bn18sprite_palette_ptr3bppEv
                0x0000000008006eb8       0x1c bn_palettes_manager.o
                0x0000000008006eb8                bn::sprite_palette_ptr::bpp() const
 .text._ZN2bn13palettes_bank11colors_hashERKNS_4spanIKNS_5colorEEE
                0x0000000008006ed4       0x28 bn_palettes_manager.o
                0x0000000008006ed4                bn::palettes_bank::colors_hash(bn::span<bn::color const> const&)
 .text._ZNK2bn13palettes_bank10log_statusEv
                0x0000000008006efc      0x148 bn_palettes_manager.o
                0x0000000008006efc                bn::palettes_bank::log_status() const
 .text._ZNK2bn13palettes_bank20retrieve_commit_dataEv
                0x0000000008007044       0x58 bn_palettes_manager.o
                0x0000000008007044                bn::palettes_bank::retrieve_commit_data() const
 .text._ZNK2bn13palettes_bank12_same_colorsERKNS_4spanIKNS_5colorEEEi
                0x000000000800709c       0x50 bn_palettes_manager.o
                0x000000000800709c                bn::palettes_bank::_same_colors(bn::span<bn::color const> const&, int) const
 .text._ZN2bn13palettes_bank10find_bpp_4ERKNS_4spanIKNS_5colorEEEt
                0x00000000080070ec       0xe8 bn_palettes_manager.o
                0x00000000080070ec                bn::palettes_bank::find_bpp_4(bn::span<bn::color const> const&, unsigned short)
 .text._ZNK2bn13palettes_bank21_apply_global_effectsEiPNS_5colorE
                0x00000000080071d4      0x11c bn_palettes_manager.o
                0x00000000080071d4                bn::palettes_bank::_apply_global_effects(int, bn::color*) const
 .text._ZNK2bn13palettes_bank25fill_hblank_effect_colorsEPKNS_5colorEPt
                0x00000000080072f0       0x38 bn_palettes_manager.o
                0x00000000080072f0                bn::palettes_bank::fill_hblank_effect_colors(bn::color const*, unsigned short*) const
 .text._ZNK2bn13palettes_bank7palette13apply_effectsEiPNS_5colorE
                0x0000000008007328       0xa0 bn_palettes_manager.o
                0x0000000008007328                bn::palettes_bank::palette::apply_effects(int, bn::color*) const
 .text._ZNK2bn13palettes_bank25fill_hblank_effect_colorsEiPKNS_5colorEPt
                0x00000000080073c8       0x4c bn_palettes_manager.o
                0x00000000080073c8                bn::palettes_bank::fill_hblank_effect_colors(int, bn::color const*, unsigned short*) const
 .text._ZN2bn13palettes_bank15_update_paletteEi
                0x0000000008007414       0x84 bn_palettes_manager.o
                0x0000000008007414                bn::palettes_bank::_update_palette(int)
 .text._ZN2bn13palettes_bank6updateEv
                0x0000000008007498      0x128 bn_palettes_manager.o
                0x0000000008007498                bn::palettes_bank::update()
 .text._ZN2bn13palettes_bankC2Ev
                0x00000000080075c0       0xc0 bn_palettes_manager.o
                0x00000000080075c0                bn::palettes_bank::palettes_bank()
                0x00000000080075c0                bn::palettes_bank::palettes_bank()
 .text._ZN2bn16palettes_manager20sprite_palettes_bankEv
                0x0000000008007680        0x8 bn_palettes_manager.o
                0x0000000008007680                bn::palettes_manager::sprite_palettes_bank()
 .text._ZN2bn16palettes_manager16bg_palettes_bankEv
                0x0000000008007688        0x8 bn_palettes_manager.o
                0x0000000008007688                bn::palettes_manager::bg_palettes_bank()
 .text._ZN2bn16palettes_manager6updateEv
                0x0000000008007690       0x20 bn_palettes_manager.o
                0x0000000008007690                bn::palettes_manager::update()
 .text._ZN2bn16palettes_manager6commitEv
                0x00000000080076b0       0xb8 bn_palettes_manager.o
                0x00000000080076b0                bn::palettes_manager::commit()
 .text._ZN2bn16palettes_manager4stopEv
                0x0000000008007768       0x20 bn_palettes_manager.o
                0x0000000008007768                bn::palettes_manager::stop()
 .text._ZN3_bn6assert9show_argsIJA43_ciS2_A42_cEEEvPKcS5_S5_iDpRKT_
                0x0000000008007788       0x68 bn_palettes_manager.o
                0x0000000008007788                void _bn::assert::show_args<char [43], int, char [43], char [42]>(char const*, char const*, char const*, int, char const (&) [43], int const&, char const (&) [43], char const (&) [42])
 .text._ZN2bn13ostringstream11append_argsIA4_cJiEEEvRKT_DpRKT0_
                0x00000000080077f0       0x18 bn_palettes_manager.o
                0x00000000080077f0                void bn::ostringstream::append_args<char [4], int>(char const (&) [4], int const&)
 .text._ZN3_bn6assert9show_argsIJA39_cPKN2bn5colorEA4_ciEEEvPKcS9_S9_iDpRKT_
                0x0000000008007808       0x64 bn_palettes_manager.o
                0x0000000008007808                void _bn::assert::show_args<char [39], bn::color const*, char [4], int>(char const*, char const*, char const*, int, char const (&) [39], bn::color const* const&, char const (&) [4], int const&)
 .text._ZN2bn13palettes_bank12create_bpp_8ERKNS_4spanIKNS_5colorEEENS_16compression_typeEb
                0x000000000800786c      0x220 bn_palettes_manager.o
                0x000000000800786c                bn::palettes_bank::create_bpp_8(bn::span<bn::color const> const&, bn::compression_type, bool)
 .text._ZN3_bn6assert9show_argsIJA58_ciA4_ciEEEvPKcS5_S5_iDpRKT_
                0x0000000008007a8c       0x64 bn_palettes_manager.o
                0x0000000008007a8c                void _bn::assert::show_args<char [58], int, char [4], int>(char const*, char const*, char const*, int, char const (&) [58], int const&, char const (&) [4], int const&)
 .text._ZNK2bn15bg_palette_item10decompressENS_4spanINS_5colorEEE
                0x0000000008007af0      0x184 bn_palettes_manager.o
                0x0000000008007af0                bn::bg_palette_item::decompress(bn::span<bn::color>) const
 .text._ZNK2bn19sprite_palette_item10decompressENS_4spanINS_5colorEEE
                0x0000000008007c74      0x184 bn_palettes_manager.o
                0x0000000008007c74                bn::sprite_palette_item::decompress(bn::span<bn::color>) const
 .text._ZN3_bn6assert9show_argsIA26_cEEvPKcS4_S4_iRKT_
                0x0000000008007df8       0x50 bn_palettes_manager.o
                0x0000000008007df8                void _bn::assert::show_args<char [26]>(char const*, char const*, char const*, int, char const (&) [26])
 .text._ZN2bn13palettes_bank12create_bpp_4ERKNS_4spanIKNS_5colorEEEtb
                0x0000000008007e48      0x2b0 bn_palettes_manager.o
                0x0000000008007e48                bn::palettes_bank::create_bpp_4(bn::span<bn::color const> const&, unsigned short, bool)
 .text._ZN2bn12_GLOBAL__N_112_create_implERKNS_15bg_palette_itemEb
                0x00000000080080f8       0x94 bn_palettes_manager.o
 .text._ZN2bn14bg_palette_ptr6createERKNS_15bg_palette_itemE
                0x000000000800818c       0x54 bn_palettes_manager.o
                0x000000000800818c                bn::bg_palette_ptr::create(bn::bg_palette_item const&)
 .text._ZNK2bn15bg_palette_item14create_paletteEv
                0x00000000080081e0       0x10 bn_palettes_manager.o
                0x00000000080081e0                bn::bg_palette_item::create_palette() const
 .text._ZN2bn12_GLOBAL__N_112_create_implERKNS_19sprite_palette_itemEb
                0x00000000080081f0       0x7c bn_palettes_manager.o
 .text._ZNK2bn19sprite_palette_item14create_paletteEv
                0x000000000800826c       0x48 bn_palettes_manager.o
                0x000000000800826c                bn::sprite_palette_item::create_palette() const
 .text._ZN3_bn6assert9show_argsIA25_ciEEvPKcS4_S4_iRKT_RKT0_
                0x00000000080082b4       0x58 bn_palettes_manager.o
                0x00000000080082b4                void _bn::assert::show_args<char [25], int>(char const*, char const*, char const*, int, char const (&) [25], int const&)
 .text._ZN2bn14iunordered_mapItsNS_13palettes_bank15identity_hasherENS_8equal_toItEEE5eraseERKNS5_14const_iteratorE.isra.0
                0x000000000800830c      0x1bc bn_palettes_manager.o
 .text._ZN2bn13palettes_bank15decrease_usagesEi.part.0
                0x00000000080084c8       0xe4 bn_palettes_manager.o
 .text._ZN2bn14bg_palette_ptr8_destroyEv
                0x00000000080085ac       0x30 bn_palettes_manager.o
                0x00000000080085ac                bn::bg_palette_ptr::_destroy()
 .text._ZN2bn18sprite_palette_ptr8_destroyEv
                0x00000000080085dc       0x28 bn_palettes_manager.o
                0x00000000080085dc                bn::sprite_palette_ptr::_destroy()
 .text._ZN2bn14bg_palette_ptraSERKS0_
                0x0000000008008604       0x5c bn_palettes_manager.o
                0x0000000008008604                bn::bg_palette_ptr::operator=(bn::bg_palette_ptr const&)
 .text.startup._GLOBAL__sub_I__ZN2bn11bg_palettes17used_colors_countEv
                0x0000000008008660       0x20 bn_palettes_manager.o
 .text._ZN2bn15sprites_manager12_GLOBAL__N_125_update_indexes_to_commitERKNS_20sprites_manager_itemE
                0x0000000008008680       0x48 bn_sprites_manager.o
 .text._ZN2bn13ostringstream11append_argsIiJA4_ciEEEvRKT_DpRKT0_.isra.0
                0x00000000080086c8       0x24 bn_sprites_manager.o
 .text._ZN2bn15sprites_manager12_GLOBAL__N_123_update_item_dimensionsERNS_20sprites_manager_itemE
                0x00000000080086ec       0xcc bn_sprites_manager.o
 .text._ZN2bn10sprite_ptrC2ERKS0_
                0x00000000080087b8        0xc bn_sprites_manager.o
                0x00000000080087b8                bn::sprite_ptr::sprite_ptr(bn::sprite_ptr const&)
                0x00000000080087b8                bn::sprite_ptr::sprite_ptr(bn::sprite_ptr const&)
 .text._ZNK2bn10sprite_ptr1xEv
                0x00000000080087c4        0x8 bn_sprites_manager.o
                0x00000000080087c4                bn::sprite_ptr::x() const
 .text._ZN2bn10sprite_ptr5set_xENS_7fixed_tILi12EEE
                0x00000000080087cc       0x48 bn_sprites_manager.o
                0x00000000080087cc                bn::sprite_ptr::set_x(bn::fixed_t<12>)
 .text._ZNK2bn10sprite_ptr1yEv
                0x0000000008008814        0x8 bn_sprites_manager.o
                0x0000000008008814                bn::sprite_ptr::y() const
 .text._ZN2bn10sprite_ptr5set_yENS_7fixed_tILi12EEE
                0x000000000800881c       0x44 bn_sprites_manager.o
                0x000000000800881c                bn::sprite_ptr::set_y(bn::fixed_t<12>)
 .text._ZN2bn15sprites_manager4initEv
                0x0000000008008860       0x34 bn_sprites_manager.o
                0x0000000008008860                bn::sprites_manager::init()
 .text._ZN2bn15sprites_manager5hw_idEPv
                0x0000000008008894       0x24 bn_sprites_manager.o
                0x0000000008008894                bn::sprites_manager::hw_id(void*)
 .text._ZN2bn15sprites_manager5shapeEPv
                0x00000000080088b8        0x8 bn_sprites_manager.o
                0x00000000080088b8                bn::sprites_manager::shape(void*)
 .text._ZN2bn15sprites_manager4sizeEPv
                0x00000000080088c0        0x8 bn_sprites_manager.o
                0x00000000080088c0                bn::sprites_manager::size(void*)
 .text._ZN2bn15sprites_manager10shape_sizeEPv
                0x00000000080088c8       0x14 bn_sprites_manager.o
                0x00000000080088c8                bn::sprites_manager::shape_size(void*)
 .text._ZN2bn15sprites_manager11hw_positionEPv
                0x00000000080088dc        0x4 bn_sprites_manager.o
                0x00000000080088dc                bn::sprites_manager::hw_position(void*)
 .text._ZN2bn15sprites_manager9view_modeEPv
                0x00000000080088e0        0xc bn_sprites_manager.o
                0x00000000080088e0                bn::sprites_manager::view_mode(void*)
 .text._ZN2bn15sprites_manager10affine_matEPv
                0x00000000080088ec        0x4 bn_sprites_manager.o
                0x00000000080088ec                bn::sprites_manager::affine_mat(void*)
 .text._ZN2bn15sprites_manager39fill_hblank_effect_horizontal_positionsEPviPKNS_7fixed_tILi12EEEPt
                0x00000000080088f0       0x48 bn_sprites_manager.o
                0x00000000080088f0                bn::sprites_manager::fill_hblank_effect_horizontal_positions(void*, int, bn::fixed_t<12> const*, unsigned short*)
 .text._ZN2bn15sprites_manager37fill_hblank_effect_vertical_positionsEPviPKNS_7fixed_tILi12EEEPt
                0x0000000008008938       0x48 bn_sprites_manager.o
                0x0000000008008938                bn::sprites_manager::fill_hblank_effect_vertical_positions(void*, int, bn::fixed_t<12> const*, unsigned short*)
 .text._ZN2bn15sprites_manager35fill_hblank_effect_first_attributesEiNS_12sprite_shapeENS_8bpp_modeEiPKNS_23sprite_first_attributesEPt
                0x0000000008008980      0x108 bn_sprites_manager.o
                0x0000000008008980                bn::sprites_manager::fill_hblank_effect_first_attributes(int, bn::sprite_shape, bn::bpp_mode, int, bn::sprite_first_attributes const*, unsigned short*)
 .text._ZN2bn15sprites_manager44fill_hblank_effect_regular_second_attributesEPviNS_11sprite_sizeEPKNS_32sprite_regular_second_attributesEPt
                0x0000000008008a88       0x60 bn_sprites_manager.o
                0x0000000008008a88                bn::sprites_manager::fill_hblank_effect_regular_second_attributes(void*, int, bn::sprite_size, bn::sprite_regular_second_attributes const*, unsigned short*)
 .text._ZN2bn15sprites_manager43fill_hblank_effect_affine_second_attributesEPviNS_11sprite_sizeEPKNS_31sprite_affine_second_attributesEPt
                0x0000000008008ae8       0x58 bn_sprites_manager.o
                0x0000000008008ae8                bn::sprites_manager::fill_hblank_effect_affine_second_attributes(void*, int, bn::sprite_size, bn::sprite_affine_second_attributes const*, unsigned short*)
 .text._ZN2bn15sprites_manager14update_camerasEv
                0x0000000008008b40       0x2c bn_sprites_manager.o
                0x0000000008008b40                bn::sprites_manager::update_cameras()
 .text._ZN2bn15sprites_manager6commitEv
                0x0000000008008b6c       0x9c bn_sprites_manager.o
                0x0000000008008b6c                bn::sprites_manager::commit()
 .text._ZN3_bn6assert9show_argsIA54_cEEvPKcS4_S4_iRKT_
                0x0000000008008c08       0x50 bn_sprites_manager.o
                0x0000000008008c08                void _bn::assert::show_args<char [54]>(char const*, char const*, char const*, int, char const (&) [54])
 .text._ZNK2bn17sprite_shape_size5widthEv
                0x0000000008008c58       0xf4 bn_sprites_manager.o
                0x0000000008008c58                bn::sprite_shape_size::width() const
 .text._ZNK2bn17sprite_shape_size11tiles_countENS_8bpp_modeE.part.0
                0x0000000008008d4c      0x110 bn_sprites_manager.o
 .text._ZN3_bn6assert9show_argsIJA25_ciA4_ciEEEvPKcS5_S5_iDpRKT_
                0x0000000008008e5c       0x5c bn_sprites_manager.o
                0x0000000008008e5c                void _bn::assert::show_args<char [25], int, char [4], int>(char const*, char const*, char const*, int, char const (&) [25], int const&, char const (&) [4], int const&)
 .text._ZN2bn15sprites_manager12_GLOBAL__N_118_remove_affine_matERNS_20sprites_manager_itemE
                0x0000000008008eb8       0xe4 bn_sprites_manager.o
 .text._ZN2bn15sprites_manager40remove_identity_affine_mat_if_not_neededEPv
                0x0000000008008f9c       0x18 bn_sprites_manager.o
                0x0000000008008f9c                bn::sprites_manager::remove_identity_affine_mat_if_not_needed(void*)
 .text._ZN2bn14sprite_builder15release_paletteEv
                0x0000000008008fb4       0x64 bn_sprites_manager.o
                0x0000000008008fb4                bn::sprite_builder::release_palette()
 .text._ZN2bn14sprite_builder13release_tilesEv
                0x0000000008009018       0x64 bn_sprites_manager.o
                0x0000000008009018                bn::sprite_builder::release_tiles()
 .text._ZN2bn15sprites_manager7paletteEPv
                0x000000000800907c       0x44 bn_sprites_manager.o
                0x000000000800907c                bn::sprites_manager::palette(void*)
 .text._ZNK2bn20sprites_manager_item15new_double_sizeEi.part.0
                0x00000000080090c0       0x40 bn_sprites_manager.o
 .text._ZN2bn20sprites_manager_item13_builder_initERKNS_14sprite_builderE
                0x0000000008009100      0x354 bn_sprites_manager.o
                0x0000000008009100                bn::sprites_manager_item::_builder_init(bn::sprite_builder const&)
 .text._ZN3_bn6assert9show_argsIA17_ciEEvPKcS4_S4_iRKT_RKT0_
                0x0000000008009454       0x58 bn_sprites_manager.o
                0x0000000008009454                void _bn::assert::show_args<char [17], int>(char const*, char const*, char const*, int, char const (&) [17], int const&)
 .text._ZN3_bn6assert9show_argsIA18_ciEEvPKcS4_S4_iRKT_RKT0_
                0x00000000080094ac       0x58 bn_sprites_manager.o
                0x00000000080094ac                void _bn::assert::show_args<char [18], int>(char const*, char const*, char const*, int, char const (&) [18], int const&)
 .text._ZN2bn14sprite_builder11set_z_orderEi
                0x0000000008009504       0x58 bn_sprites_manager.o
                0x0000000008009504                bn::sprite_builder::set_z_order(int)
 .text._ZN3_bn6assert9show_argsIJA22_ciA4_ciEEEvPKcS5_S5_iDpRKT_
                0x000000000800955c       0x5c bn_sprites_manager.o
                0x000000000800955c                void _bn::assert::show_args<char [22], int, char [4], int>(char const*, char const*, char const*, int, char const (&) [22], int const&, char const (&) [4], int const&)
 .text._ZN2bn14sprite_builderC2ERKNS_17sprite_shape_sizeENS_16sprite_tiles_ptrENS_18sprite_palette_ptrE
                0x00000000080095b8      0x178 bn_sprites_manager.o
                0x00000000080095b8                bn::sprite_builder::sprite_builder(bn::sprite_shape_size const&, bn::sprite_tiles_ptr, bn::sprite_palette_ptr)
                0x00000000080095b8                bn::sprite_builder::sprite_builder(bn::sprite_shape_size const&, bn::sprite_tiles_ptr, bn::sprite_palette_ptr)
 .text._ZN2bn15sprites_manager9set_tilesEPvONS_16sprite_tiles_ptrE
                0x0000000008009730      0x1a8 bn_sprites_manager.o
                0x0000000008009730                bn::sprites_manager::set_tiles(void*, bn::sprite_tiles_ptr&&)
 .text._ZN2bn10sprite_ptr9set_tilesEONS_16sprite_tiles_ptrE
                0x00000000080098d8       0x10 bn_sprites_manager.o
                0x00000000080098d8                bn::sprite_ptr::set_tiles(bn::sprite_tiles_ptr&&)
 .text._ZN2bn10sprite_ptr9set_tilesERKNS_17sprite_tiles_itemEi
                0x00000000080098e8       0x94 bn_sprites_manager.o
                0x00000000080098e8                bn::sprite_ptr::set_tiles(bn::sprite_tiles_item const&, int)
 .text._ZN2bn14sprite_builder15set_bg_priorityEi
                0x000000000800997c       0x48 bn_sprites_manager.o
                0x000000000800997c                bn::sprite_builder::set_bg_priority(int)
 .text._ZN3_bn6assert9show_argsIA27_cEEvPKcS4_S4_iRKT_
                0x00000000080099c4       0x50 bn_sprites_manager.o
                0x00000000080099c4                void _bn::assert::show_args<char [27]>(char const*, char const*, char const*, int, char const (&) [27])
 .text._ZN2bn15sprites_manager6updateEv
                0x0000000008009a14      0x184 bn_sprites_manager.o
                0x0000000008009a14                bn::sprites_manager::update()
 .text._ZN3_bn6assert9show_argsIA31_cEEvPKcS4_S4_iRKT_
                0x0000000008009b98       0x50 bn_sprites_manager.o
                0x0000000008009b98                void _bn::assert::show_args<char [31]>(char const*, char const*, char const*, int, char const (&) [31])
 .text._ZN3_bn6assert9show_argsIA19_cEEvPKcS4_S4_iRKT_
                0x0000000008009be8       0x50 bn_sprites_manager.o
                0x0000000008009be8                void _bn::assert::show_args<char [19]>(char const*, char const*, char const*, int, char const (&) [19])
 .text._ZN3_bn6assert9show_argsIJA27_ciA4_ciEEEvPKcS5_S5_iDpRKT_
                0x0000000008009c38       0x5c bn_sprites_manager.o
                0x0000000008009c38                void _bn::assert::show_args<char [27], int, char [4], int>(char const*, char const*, char const*, int, char const (&) [27], int const&, char const (&) [4], int const&)
 .text._ZN2bn15sprites_manager35fill_hblank_effect_third_attributesENS_17sprite_shape_sizeEPKNS_23sprite_third_attributesEPt
                0x0000000008009c94      0x114 bn_sprites_manager.o
                0x0000000008009c94                bn::sprites_manager::fill_hblank_effect_third_attributes(bn::sprite_shape_size, bn::sprite_third_attributes const*, unsigned short*)
 .text._ZN2bn14sorted_sprites6sorter6insertERNS_20sprites_manager_itemE
                0x0000000008009da8      0x190 bn_sprites_manager.o
                0x0000000008009da8                bn::sorted_sprites::sorter::insert(bn::sprites_manager_item&)
 .text._ZN2bn15sprites_manager6createERKNS_11fixed_pointERKNS_17sprite_shape_sizeEONS_16sprite_tiles_ptrEONS_18sprite_palette_ptrE
                0x0000000008009f38      0x1ec bn_sprites_manager.o
                0x0000000008009f38                bn::sprites_manager::create(bn::fixed_point const&, bn::sprite_shape_size const&, bn::sprite_tiles_ptr&&, bn::sprite_palette_ptr&&)
 .text._ZN2bn10sprite_ptr6createENS_7fixed_tILi12EEES2_RKNS_11sprite_itemE
                0x000000000800a124       0x54 bn_sprites_manager.o
                0x000000000800a124                bn::sprite_ptr::create(bn::fixed_t<12>, bn::fixed_t<12>, bn::sprite_item const&)
 .text._ZNK2bn11sprite_item13create_spriteENS_7fixed_tILi12EEES2_
                0x000000000800a178       0x1c bn_sprites_manager.o
                0x000000000800a178                bn::sprite_item::create_sprite(bn::fixed_t<12>, bn::fixed_t<12>) const
 .text._ZN2bn15sprites_manager6createEONS_14sprite_builderE
                0x000000000800a194      0x164 bn_sprites_manager.o
                0x000000000800a194                bn::sprites_manager::create(bn::sprite_builder&&)
 .text._ZN2bn10sprite_ptr6createEONS_14sprite_builderE
                0x000000000800a2f8       0x14 bn_sprites_manager.o
                0x000000000800a2f8                bn::sprite_ptr::create(bn::sprite_builder&&)
 .text._ZN2bn14sorted_sprites6sorter5eraseERNS_20sprites_manager_itemE
                0x000000000800a30c       0xcc bn_sprites_manager.o
                0x000000000800a30c                bn::sorted_sprites::sorter::erase(bn::sprites_manager_item&)
 .text._ZN2bn10sprite_ptr11set_z_orderEi
                0x000000000800a3d8       0x94 bn_sprites_manager.o
                0x000000000800a3d8                bn::sprite_ptr::set_z_order(int)
 .text._ZN2bn15sprites_manager15decrease_usagesEPv.part.0
                0x000000000800a46c       0xf4 bn_sprites_manager.o
 .text._ZN2bn10sprite_ptr8_destroyEv
                0x000000000800a560       0x1c bn_sprites_manager.o
                0x000000000800a560                bn::sprite_ptr::_destroy()
 .text._ZN2bn10sprite_ptraSERKS0_
                0x000000000800a57c       0x34 bn_sprites_manager.o
                0x000000000800a57c                bn::sprite_ptr::operator=(bn::sprite_ptr const&)
 .text.startup._GLOBAL__sub_I__ZN2bn7sprites16used_items_countEv
                0x000000000800a5b0       0x9c bn_sprites_manager.o
 .text.exit._GLOBAL__sub_D__ZN2bn7sprites16used_items_countEv
                0x000000000800a64c       0x4c bn_sprites_manager.o
 .text._ZNK2bn10camera_ptr8positionEv
                0x000000000800a698       0x14 bn_cameras_manager.o
                0x000000000800a698                bn::camera_ptr::position() const
 .text._ZN2bn15cameras_manager6updateEv
                0x000000000800a6ac       0x28 bn_cameras_manager.o
                0x000000000800a6ac                bn::cameras_manager::update()
 .text._ZN2bn15cameras_manager4initEv
                0x000000000800a6d4       0x60 bn_cameras_manager.o
                0x000000000800a6d4                bn::cameras_manager::init()
 .text._ZN2bn15cameras_manager15decrease_usagesEi.part.0
                0x000000000800a734       0x58 bn_cameras_manager.o
 .text._ZN2bn10camera_ptr8_destroyEv
                0x000000000800a78c       0x2c bn_cameras_manager.o
                0x000000000800a78c                bn::camera_ptr::_destroy()
 .text.startup._GLOBAL__sub_I__ZN2bn7cameras16used_items_countEv
                0x000000000800a7b8       0x2c bn_cameras_manager.o
 .text._ZN2bn3logERKNS_12istring_baseE
                0x000000000800a7e4        0xc bn_log.o
                0x000000000800a7e4                bn::log(bn::istring_base const&)
 .text._ZNK2bn16sprite_tiles_ptr2idEv
                0x000000000800a7f0       0x18 bn_sprite_tiles_manager.o
                0x000000000800a7f0                bn::sprite_tiles_ptr::id() const
 .text._ZNK2bn16sprite_tiles_ptr11tiles_countEv
                0x000000000800a808       0x18 bn_sprite_tiles_manager.o
                0x000000000800a808                bn::sprite_tiles_ptr::tiles_count() const
 .text._ZN2bn20sprite_tiles_manager10log_statusEv
                0x000000000800a820      0x1f8 bn_sprite_tiles_manager.o
                0x000000000800a820                bn::sprite_tiles_manager::log_status()
 .text._ZN2bn2hw12sprite_tiles6commitEPKNS_4tileENS_16compression_typeEii.part.0
                0x000000000800aa18       0x38 bn_sprite_tiles_manager.o
 .text._ZN2bn20sprite_tiles_manager6commitEv
                0x000000000800aa50       0xd8 bn_sprite_tiles_manager.o
                0x000000000800aa50                bn::sprite_tiles_manager::commit()
 .text._ZN3_bn6assert9show_argsIJA28_cA15_cPKN2bn4tileEA16_ciA43_cNS4_11string_viewEEEEvPKcSC_SC_iDpRKT_
                0x000000000800ab28       0x84 bn_sprite_tiles_manager.o
                0x000000000800ab28                void _bn::assert::show_args<char [28], char [15], bn::tile const*, char [16], int, char [43], bn::string_view>(char const*, char const*, char const*, int, char const (&) [28], char const (&) [15], bn::tile const* const&, char const (&) [16], int const&, char const (&) [43], bn::string_view const&)
 .text._ZN3_bn6assert9show_argsIA53_cEEvPKcS4_S4_iRKT_
                0x000000000800abac       0x50 bn_sprite_tiles_manager.o
                0x000000000800abac                void _bn::assert::show_args<char [53]>(char const*, char const*, char const*, int, char const (&) [53])
 .text._ZN2bn20sprite_tiles_manager12_GLOBAL__N_116_erase_free_itemEi
                0x000000000800abfc      0x100 bn_sprite_tiles_manager.o
 .text._ZN2bn20sprite_tiles_manager15decrease_usagesEi.part.0
                0x000000000800acfc      0x128 bn_sprite_tiles_manager.o
 .text._ZN2bn16sprite_tiles_ptr8_destroyEv
                0x000000000800ae24       0x28 bn_sprite_tiles_manager.o
                0x000000000800ae24                bn::sprite_tiles_ptr::_destroy()
 .text._ZN2bn20sprite_tiles_manager12_GLOBAL__N_117_insert_free_itemEiPt
                0x000000000800ae4c       0xec bn_sprite_tiles_manager.o
 .text._ZN2bn14iunordered_mapIPKNS_4tileEiNS_4hashIS3_EENS_8equal_toIS3_EEE5eraseERKNS8_14const_iteratorE.isra.0
                0x000000000800af38      0x1bc bn_sprite_tiles_manager.o
 .text._ZN2bn20sprite_tiles_manager12_GLOBAL__N_112_create_itemEiPKNS_4tileENS_16compression_typeEib
                0x000000000800b0f4      0x398 bn_sprite_tiles_manager.o
 .text._ZN2bn20sprite_tiles_manager12_GLOBAL__N_114_allocate_implEi
                0x000000000800b48c      0x120 bn_sprite_tiles_manager.o
 .text._ZN2bn20sprite_tiles_manager6updateEv
                0x000000000800b5ac      0x27c bn_sprite_tiles_manager.o
                0x000000000800b5ac                bn::sprite_tiles_manager::update()
 .text._ZN2bn20sprite_tiles_manager12_GLOBAL__N_112_create_implEPKNS_4tileENS_16compression_typeEi
                0x000000000800b828      0x218 bn_sprite_tiles_manager.o
 .text._ZN2bn20sprite_tiles_manager10create_newERKNS_4spanIKNS_4tileEEENS_16compression_typeE
                0x000000000800ba40      0x210 bn_sprite_tiles_manager.o
                0x000000000800ba40                bn::sprite_tiles_manager::create_new(bn::span<bn::tile const> const&, bn::compression_type)
 .text._ZN2bn20sprite_tiles_manager4vramEi
                0x000000000800bc50       0x4c bn_sprite_tiles_manager.o
                0x000000000800bc50                bn::sprite_tiles_manager::vram(int)
 .text._ZN2bn16sprite_tiles_ptr4vramEv
                0x000000000800bc9c       0x14 bn_sprite_tiles_manager.o
                0x000000000800bc9c                bn::sprite_tiles_ptr::vram()
 .text._ZN3_bn6assert9show_argsIJA39_cPKN2bn4tileEA4_ciEEEvPKcS9_S9_iDpRKT_
                0x000000000800bcb0       0x64 bn_sprite_tiles_manager.o
                0x000000000800bcb0                void _bn::assert::show_args<char [39], bn::tile const*, char [4], int>(char const*, char const*, char const*, int, char const (&) [39], bn::tile const* const&, char const (&) [4], int const&)
 .text._ZN2bn20sprite_tiles_manager8allocateEiNS_8bpp_modeE
                0x000000000800bd14      0x134 bn_sprite_tiles_manager.o
                0x000000000800bd14                bn::sprite_tiles_manager::allocate(int, bn::bpp_mode)
 .text._ZN2bn16sprite_tiles_ptr8allocateEiNS_8bpp_modeE
                0x000000000800be48       0x18 bn_sprite_tiles_manager.o
                0x000000000800be48                bn::sprite_tiles_ptr::allocate(int, bn::bpp_mode)
 .text._ZN2bn20sprite_tiles_manager4initEv
                0x000000000800be60      0x16c bn_sprite_tiles_manager.o
                0x000000000800be60                bn::sprite_tiles_manager::init()
 .text._ZN2bn20sprite_tiles_manager12_GLOBAL__N_110_find_implEPKNS_4tileENS_16compression_typeEi
                0x000000000800bfcc      0x360 bn_sprite_tiles_manager.o
 .text._ZN2bn20sprite_tiles_manager6createERKNS_4spanIKNS_4tileEEENS_16compression_typeE
                0x000000000800c32c      0x15c bn_sprite_tiles_manager.o
                0x000000000800c32c                bn::sprite_tiles_manager::create(bn::span<bn::tile const> const&, bn::compression_type)
 .text._ZNK2bn17sprite_tiles_item12create_tilesEv
                0x000000000800c488       0xdc bn_sprite_tiles_manager.o
                0x000000000800c488                bn::sprite_tiles_item::create_tiles() const
 .text._ZNK2bn17sprite_tiles_item18graphics_tiles_refEi
                0x000000000800c564      0x13c bn_sprite_tiles_manager.o
                0x000000000800c564                bn::sprite_tiles_item::graphics_tiles_ref(int) const
 .text._ZNK2bn17sprite_tiles_item12create_tilesEi
                0x000000000800c6a0      0x144 bn_sprite_tiles_manager.o
                0x000000000800c6a0                bn::sprite_tiles_item::create_tiles(int) const
 .text._ZNK2bn17sprite_tiles_item16create_new_tilesEi
                0x000000000800c7e4      0x144 bn_sprite_tiles_manager.o
                0x000000000800c7e4                bn::sprite_tiles_item::create_new_tiles(int) const
 .text._ZN2bn16sprite_tiles_ptr6createERKNS_17sprite_tiles_itemEi
                0x000000000800c928      0x144 bn_sprite_tiles_manager.o
                0x000000000800c928                bn::sprite_tiles_ptr::create(bn::sprite_tiles_item const&, int)
 .text._ZNK2bn17sprite_tiles_item10find_tilesEi
                0x000000000800ca6c      0x154 bn_sprite_tiles_manager.o
                0x000000000800ca6c                bn::sprite_tiles_item::find_tiles(int) const
 .text.startup._GLOBAL__sub_I__ZN2bn12sprite_tiles16used_tiles_countEv
                0x000000000800cbc0      0x110 bn_sprite_tiles_manager.o
 .text._ZN2bn22hblank_effects_manager12_GLOBAL__N_19item_type18_output_values_ptrEv
                0x000000000800ccd0       0x40 bn_hblank_effects_manager.o
 .text._ZN2bn7type_idINS_4pairIiiEEEENS_9type_id_tEv
                0x000000000800cd10        0x8 bn_hblank_effects_manager.o
                0x000000000800cd10                bn::type_id_t bn::type_id<bn::pair<int, int> >()
 .text._ZN2bn7type_idINS_33regular_bg_attributes_hbe_handler15last_value_typeEEENS_9type_id_tEv
                0x000000000800cd18        0x8 bn_hblank_effects_manager.o
                0x000000000800cd18                bn::type_id_t bn::type_id<bn::regular_bg_attributes_hbe_handler::last_value_type>()
 .text._ZN2bn7type_idINS_32affine_bg_attributes_hbe_handler15last_value_typeEEENS_9type_id_tEv
                0x000000000800cd20        0x8 bn_hblank_effects_manager.o
                0x000000000800cd20                bn::type_id_t bn::type_id<bn::affine_bg_attributes_hbe_handler::last_value_type>()
 .text._ZN2bn7type_idIiEENS_9type_id_tEv
                0x000000000800cd28        0x8 bn_hblank_effects_manager.o
                0x000000000800cd28                bn::type_id_t bn::type_id<int>()
 .text._ZN2bn7type_idINS_47affine_bg_pivot_horizontal_position_hbe_handler15last_value_typeEEENS_9type_id_tEv
                0x000000000800cd30        0x8 bn_hblank_effects_manager.o
                0x000000000800cd30                bn::type_id_t bn::type_id<bn::affine_bg_pivot_horizontal_position_hbe_handler::last_value_type>()
 .text._ZN2bn7type_idINS_45affine_bg_pivot_vertical_position_hbe_handler15last_value_typeEEENS_9type_id_tEv
                0x000000000800cd38        0x8 bn_hblank_effects_manager.o
                0x000000000800cd38                bn::type_id_t bn::type_id<bn::affine_bg_pivot_vertical_position_hbe_handler::last_value_type>()
 .text._ZN2bn7type_idINS_35sprite_first_attributes_hbe_handler15last_value_typeEEENS_9type_id_tEv
                0x000000000800cd40        0x8 bn_hblank_effects_manager.o
                0x000000000800cd40                bn::type_id_t bn::type_id<bn::sprite_first_attributes_hbe_handler::last_value_type>()
 .text._ZN2bn7type_idINS_35sprite_second_attributes_last_valueEEENS_9type_id_tEv
                0x000000000800cd48        0x8 bn_hblank_effects_manager.o
                0x000000000800cd48                bn::type_id_t bn::type_id<bn::sprite_second_attributes_last_value>()
 .text._ZN2bn7type_idINS_17sprite_shape_sizeEEENS_9type_id_tEv
                0x000000000800cd50        0x8 bn_hblank_effects_manager.o
                0x000000000800cd50                bn::type_id_t bn::type_id<bn::sprite_shape_size>()
 .text._ZN2bn43sprite_affine_second_attributes_hbe_handler14target_updatedEiRNS_4ianyE.part.0
                0x000000000800cd58       0x5c bn_hblank_effects_manager.o
 .text._ZN2bn22hblank_effects_manager7disableEv
                0x000000000800cdb4       0x24 bn_hblank_effects_manager.o
                0x000000000800cdb4                bn::hblank_effects_manager::disable()
 .text._ZN2bn22hblank_effects_manager6commitEv
                0x000000000800cdd8       0x74 bn_hblank_effects_manager.o
                0x000000000800cdd8                bn::hblank_effects_manager::commit()
 .text._ZN2bn22hblank_effects_manager12_GLOBAL__N_110_is_uint32ENS0_12handler_typeE.part.0
                0x000000000800ce4c       0x3c bn_hblank_effects_manager.o
 .text._ZN2bn8optionalINS_29affine_bg_pa_register_hbe_ptrEEdeEv.part.0
                0x000000000800ce88       0x34 bn_hblank_effects_manager.o
 .text._ZN2bn22hblank_effects_manager12_GLOBAL__N_19item_type18_check_update_implINS_33regular_bg_attributes_hbe_handlerEEEbb
                0x000000000800cebc      0x1b4 bn_hblank_effects_manager.o
 .text._ZN2bn22hblank_effects_manager12_GLOBAL__N_19item_type12check_updateEv
                0x000000000800d070     0x1d9c bn_hblank_effects_manager.o
 .text._ZN2bn22hblank_effects_manager6updateEv
                0x000000000800ee0c      0x234 bn_hblank_effects_manager.o
                0x000000000800ee0c                bn::hblank_effects_manager::update()
 .text._ZN2bn22hblank_effects_manager4initEv
                0x000000000800f040       0xf0 bn_hblank_effects_manager.o
                0x000000000800f040                bn::hblank_effects_manager::init()
 .text.startup._GLOBAL__sub_I__ZN2bn4hbes10used_countEv
                0x000000000800f130      0x100 bn_hblank_effects_manager.o
 .text.exit._GLOBAL__sub_D__ZN2bn4hbes10used_countEv
                0x000000000800f230       0x40 bn_hblank_effects_manager.o
 .text._ZN2bn6keypad7pressedENS0_8key_typeE
                0x000000000800f270       0x10 bn_keypad_manager.o
                0x000000000800f270                bn::keypad::pressed(bn::keypad::key_type)
 .text._ZN2bn6keypad9a_pressedEv
                0x000000000800f280       0x10 bn_keypad_manager.o
                0x000000000800f280                bn::keypad::a_pressed()
 .text._ZN2bn6keypad13start_pressedEv
                0x000000000800f290       0x10 bn_keypad_manager.o
                0x000000000800f290                bn::keypad::start_pressed()
 .text._ZN2bn6keypad13right_pressedEv
                0x000000000800f2a0       0x10 bn_keypad_manager.o
                0x000000000800f2a0                bn::keypad::right_pressed()
 .text._ZN2bn6keypad12left_pressedEv
                0x000000000800f2b0       0x10 bn_keypad_manager.o
                0x000000000800f2b0                bn::keypad::left_pressed()
 .text._ZN2bn6keypad10up_pressedEv
                0x000000000800f2c0       0x10 bn_keypad_manager.o
                0x000000000800f2c0                bn::keypad::up_pressed()
 .text._ZN2bn6keypad12down_pressedEv
                0x000000000800f2d0       0x10 bn_keypad_manager.o
                0x000000000800f2d0                bn::keypad::down_pressed()
 .text._ZN2bn6keypad11any_pressedEv
                0x000000000800f2e0       0x10 bn_keypad_manager.o
                0x000000000800f2e0                bn::keypad::any_pressed()
 .text._ZN2bn14keypad_manager4stopEv
                0x000000000800f2f0        0x4 bn_keypad_manager.o
                0x000000000800f2f0                bn::keypad_manager::stop()
 .text._ZN2bn14keypad_manager6updateEv
                0x000000000800f2f4       0xb4 bn_keypad_manager.o
                0x000000000800f2f4                bn::keypad_manager::update()
 .text._ZN3_bn6assert9show_argsIA24_ciEEvPKcS4_S4_iRKT_RKT0_
                0x000000000800f3a8       0x58 bn_keypad_manager.o
                0x000000000800f3a8                void _bn::assert::show_args<char [24], int>(char const*, char const*, char const*, int, char const (&) [24], int const&)
 .text._ZN2bn14keypad_manager4initERKNS_11string_viewE
                0x000000000800f400       0x64 bn_keypad_manager.o
                0x000000000800f400                bn::keypad_manager::init(bn::string_view const&)
 .text._ZN2bn17bg_blocks_manager12_GLOBAL__N_125_regular_map_blocks_countEii
                0x000000000800f464       0x38 bn_bg_blocks_manager.o
 .text._ZN2bn13ostringstream11append_argsIiJA4_ctEEEvRKT_DpRKT0_.isra.0
                0x000000000800f49c       0x24 bn_bg_blocks_manager.o
 .text._ZN2bn13ostringstream11append_argsIiJA4_ciEEEvRKT_DpRKT0_.isra.0
                0x000000000800f4c0       0x24 bn_bg_blocks_manager.o
 .text._ZN2bn17bg_blocks_manager15decrease_usagesEi.part.0
                0x000000000800f4e4       0xc0 bn_bg_blocks_manager.o
 .text._ZNK2bn18regular_bg_map_ptr2idEv
                0x000000000800f5a4       0x18 bn_bg_blocks_manager.o
                0x000000000800f5a4                bn::regular_bg_map_ptr::id() const
 .text._ZN2bn18regular_bg_map_ptr8_destroyEv
                0x000000000800f5bc       0x2c bn_bg_blocks_manager.o
                0x000000000800f5bc                bn::regular_bg_map_ptr::_destroy()
 .text._ZNK2bn20regular_bg_tiles_ptr3cbbEv
                0x000000000800f5e8       0x18 bn_bg_blocks_manager.o
                0x000000000800f5e8                bn::regular_bg_tiles_ptr::cbb() const
 .text._ZNK2bn17affine_bg_map_ptr2idEv
                0x000000000800f600       0x18 bn_bg_blocks_manager.o
                0x000000000800f600                bn::affine_bg_map_ptr::id() const
 .text._ZN2bn17affine_bg_map_ptr8_destroyEv
                0x000000000800f618       0x2c bn_bg_blocks_manager.o
                0x000000000800f618                bn::affine_bg_map_ptr::_destroy()
 .text._ZNK2bn19affine_bg_tiles_ptr3cbbEv
                0x000000000800f644       0x18 bn_bg_blocks_manager.o
                0x000000000800f644                bn::affine_bg_tiles_ptr::cbb() const
 .text._ZN2bn17bg_blocks_manager10log_statusEv
                0x000000000800f65c      0x428 bn_bg_blocks_manager.o
                0x000000000800f65c                bn::bg_blocks_manager::log_status()
 .text._ZN2bn17bg_blocks_manager11must_commitEi
                0x000000000800fa84       0x18 bn_bg_blocks_manager.o
                0x000000000800fa84                bn::bg_blocks_manager::must_commit(int)
 .text._ZN2bn2hw9bg_blocks6commitEPKtNS_16compression_typeEiPt.part.0
                0x000000000800fa9c       0x38 bn_bg_blocks_manager.o
 .text._ZN2bn17bg_blocks_manager14map_dimensionsEi
                0x000000000800fad4       0x18 bn_bg_blocks_manager.o
                0x000000000800fad4                bn::bg_blocks_manager::map_dimensions(int)
 .text._ZNK2bn18regular_bg_map_ptr10dimensionsEv
                0x000000000800faec       0x18 bn_bg_blocks_manager.o
                0x000000000800faec                bn::regular_bg_map_ptr::dimensions() const
 .text._ZNK2bn17affine_bg_map_ptr10dimensionsEv
                0x000000000800fb04       0x18 bn_bg_blocks_manager.o
                0x000000000800fb04                bn::affine_bg_map_ptr::dimensions() const
 .text._ZN2bn17bg_blocks_manager12_GLOBAL__N_116_find_tiles_implEPKtNS_16compression_typeEib
                0x000000000800fb1c      0x2ec bn_bg_blocks_manager.o
 .text._ZN3_bn6assert9show_argsIJA34_ciA4_ctEEEvPKcS5_S5_iDpRKT_
                0x000000000800fe08       0x5c bn_bg_blocks_manager.o
                0x000000000800fe08                void _bn::assert::show_args<char [34], int, char [4], unsigned short>(char const*, char const*, char const*, int, char const (&) [34], int const&, char const (&) [4], unsigned short const&)
 .text._ZN3_bn6assert9show_argsIJA36_ciA4_ctEEEvPKcS5_S5_iDpRKT_
                0x000000000800fe64       0x5c bn_bg_blocks_manager.o
                0x000000000800fe64                void _bn::assert::show_args<char [36], int, char [4], unsigned short>(char const*, char const*, char const*, int, char const (&) [36], int const&, char const (&) [4], unsigned short const&)
 .text._ZN3_bn6assert9show_argsIJA54_ciA4_ciEEEvPKcS5_S5_iDpRKT_
                0x000000000800fec0       0x5c bn_bg_blocks_manager.o
                0x000000000800fec0                void _bn::assert::show_args<char [54], int, char [4], int>(char const*, char const*, char const*, int, char const (&) [54], int const&, char const (&) [4], int const&)
 .text._ZNK2bn17affine_bg_map_ptr5tilesEv
                0x000000000800ff1c       0x58 bn_bg_blocks_manager.o
                0x000000000800ff1c                bn::affine_bg_map_ptr::tiles() const
 .text._ZNK2bn18regular_bg_map_ptr5tilesEv
                0x000000000800ff74       0x58 bn_bg_blocks_manager.o
                0x000000000800ff74                bn::regular_bg_map_ptr::tiles() const
 .text._ZNK2bn18regular_bg_map_ptr3bppEv
                0x000000000800ffcc       0x5c bn_bg_blocks_manager.o
                0x000000000800ffcc                bn::regular_bg_map_ptr::bpp() const
 .text._ZN2bn17bg_blocks_manager21update_affine_map_rowEiii
                0x0000000008010028      0x10c bn_bg_blocks_manager.o
                0x0000000008010028                bn::bg_blocks_manager::update_affine_map_row(int, int, int)
 .text._ZN2bn17bg_blocks_manager23set_affine_map_positionEiii
                0x0000000008010134      0x1b4 bn_bg_blocks_manager.o
                0x0000000008010134                bn::bg_blocks_manager::set_affine_map_position(int, int, int)
 .text._ZN2bn17bg_blocks_manager22update_regular_map_colEiii
                0x00000000080102e8      0x180 bn_bg_blocks_manager.o
                0x00000000080102e8                bn::bg_blocks_manager::update_regular_map_col(int, int, int)
 .text._ZN2bn17bg_blocks_manager21update_affine_map_colEiii
                0x0000000008010468      0x248 bn_bg_blocks_manager.o
                0x0000000008010468                bn::bg_blocks_manager::update_affine_map_col(int, int, int)
 .text._ZN2bn17bg_blocks_manager22update_regular_map_rowEiii
                0x00000000080106b0      0x144 bn_bg_blocks_manager.o
                0x00000000080106b0                bn::bg_blocks_manager::update_regular_map_row(int, int, int)
 .text._ZN2bn17bg_blocks_manager24set_regular_map_positionEiii
                0x00000000080107f4      0x1e4 bn_bg_blocks_manager.o
                0x00000000080107f4                bn::bg_blocks_manager::set_regular_map_position(int, int, int)
 .text._ZN2bn17bg_blocks_manager12_GLOBAL__N_112_commit_itemERKNS1_9item_typeE
                0x00000000080109d8      0x288 bn_bg_blocks_manager.o
 .text._ZN2bn17bg_blocks_manager6commitEv
                0x0000000008010c60       0x40 bn_bg_blocks_manager.o
                0x0000000008010c60                bn::bg_blocks_manager::commit()
 .text._ZN3_bn6assert9show_argsIJA34_ciA4_ciEEEvPKcS5_S5_iDpRKT_
                0x0000000008010ca0       0x5c bn_bg_blocks_manager.o
                0x0000000008010ca0                void _bn::assert::show_args<char [34], int, char [4], int>(char const*, char const*, char const*, int, char const (&) [34], int const&, char const (&) [4], int const&)
 .text._ZN3_bn6assert9show_argsIJA38_ciA4_ciEEEvPKcS5_S5_iDpRKT_
                0x0000000008010cfc       0x5c bn_bg_blocks_manager.o
                0x0000000008010cfc                void _bn::assert::show_args<char [38], int, char [4], int>(char const*, char const*, char const*, int, char const (&) [38], int const&, char const (&) [4], int const&)
 .text._ZN2bn17bg_blocks_manager12_GLOBAL__N_122_find_regular_map_implERKNS_19regular_bg_map_itemERKNS_20regular_bg_tiles_ptrERKNS_14bg_palette_ptrE
                0x0000000008010d58      0x47c bn_bg_blocks_manager.o
 .text._ZN3_bn6assert9show_argsIA46_cEEvPKcS4_S4_iRKT_
                0x00000000080111d4       0x50 bn_bg_blocks_manager.o
                0x00000000080111d4                void _bn::assert::show_args<char [46]>(char const*, char const*, char const*, int, char const (&) [46])
 .text._ZN2bn17bg_blocks_manager12_GLOBAL__N_110items_list12insert_afterEiRKNS1_9item_typeE.constprop.0
                0x0000000008011224      0x2c0 bn_bg_blocks_manager.o
 .text._ZN2bn17bg_blocks_manager4initEv
                0x00000000080114e4      0x174 bn_bg_blocks_manager.o
                0x00000000080114e4                bn::bg_blocks_manager::init()
 .text._ZN2bn14iunordered_mapIPKviNS_4hashIS2_EENS_8equal_toIS2_EEE5eraseERKNS7_14const_iteratorE.isra.0
                0x0000000008011658      0x1bc bn_bg_blocks_manager.o
 .text._ZN2bn17bg_blocks_manager12_GLOBAL__N_112_create_itemEiibONS1_11create_dataE
                0x0000000008011814      0x60c bn_bg_blocks_manager.o
 .text._ZN2bn17bg_blocks_manager12_GLOBAL__N_121_remove_adjacent_itemEiRNS1_9item_typeE
                0x0000000008011e20       0xe0 bn_bg_blocks_manager.o
 .text._ZN2bn17bg_blocks_manager6updateEv
                0x0000000008011f00      0x284 bn_bg_blocks_manager.o
                0x0000000008011f00                bn::bg_blocks_manager::update()
 .text._ZN2bn17bg_blocks_manager12_GLOBAL__N_112_create_implILNS1_11create_typeE2EEEiONS1_11create_dataE
                0x0000000008012184       0xfc bn_bg_blocks_manager.o
 .text._ZN2bn17bg_blocks_manager18create_regular_mapERKNS_19regular_bg_map_itemEONS_20regular_bg_tiles_ptrEONS_14bg_palette_ptrEb
                0x0000000008012280      0x330 bn_bg_blocks_manager.o
                0x0000000008012280                bn::bg_blocks_manager::create_regular_map(bn::regular_bg_map_item const&, bn::regular_bg_tiles_ptr&&, bn::bg_palette_ptr&&, bool)
 .text._ZN2bn17bg_blocks_manager12_GLOBAL__N_112_create_implILNS1_11create_typeE0EEEiONS1_11create_dataE.constprop.0
                0x00000000080125b0      0x19c bn_bg_blocks_manager.o
 .text._ZN2bn17bg_blocks_manager20create_regular_tilesERKNS_21regular_bg_tiles_itemEb
                0x000000000801274c      0x1c4 bn_bg_blocks_manager.o
                0x000000000801274c                bn::bg_blocks_manager::create_regular_tiles(bn::regular_bg_tiles_item const&, bool)
 .text._ZN2bn18regular_bg_map_ptr6createERKNS_15regular_bg_itemE
                0x0000000008012910       0x70 bn_bg_blocks_manager.o
                0x0000000008012910                bn::regular_bg_map_ptr::create(bn::regular_bg_item const&)
 .text.startup._GLOBAL__sub_I__ZN2bn7bg_maps16used_cells_countEv
                0x0000000008012980       0x98 bn_bg_blocks_manager.o
 .text.exit._GLOBAL__sub_D__ZN2bn7bg_maps16used_cells_countEv
                0x0000000008012a18       0x80 bn_bg_blocks_manager.o
 .text._ZN2bn14utf8_characterC2ERKc
                0x0000000008012a98      0x1a8 bn_sprite_text_generator.o
                0x0000000008012a98                bn::utf8_character::utf8_character(char const&)
                0x0000000008012a98                bn::utf8_character::utf8_character(char const&)
 .text._ZN3_bn6assert9show_argsIA28_cPKcEEvS4_S4_S4_iRKT_RKT0_
                0x0000000008012c40       0x58 bn_sprite_text_generator.o
                0x0000000008012c40                void _bn::assert::show_args<char [28], char const*>(char const*, char const*, char const*, int, char const (&) [28], char const* const&)
 .text._ZN2bn12_GLOBAL__N_115_graphics_indexEcRKNS_14iunordered_mapIiiNS_4hashIiEENS_8equal_toIiEEEEPKcRi
                0x0000000008012c98       0xc0 bn_sprite_text_generator.o
 .text._ZN3_bn6assert9show_argsIJA20_ccA9_cN2bn11string_viewEA2_cEEEvPKcS8_S8_iDpRKT_
                0x0000000008012d58       0x70 bn_sprite_text_generator.o
                0x0000000008012d58                void _bn::assert::show_args<char [20], char, char [9], bn::string_view, char [2]>(char const*, char const*, char const*, int, char const (&) [20], char const&, char const (&) [9], bn::string_view const&, char const (&) [2])
 .text._ZNK2bn21sprite_text_generator5widthERKNS_11string_viewE
                0x0000000008012dc8      0x220 bn_sprite_text_generator.o
                0x0000000008012dc8                bn::sprite_text_generator::width(bn::string_view const&) const
 .text._ZN2bn21sprite_text_generator5_initEv
                0x0000000008012fe8      0x198 bn_sprite_text_generator.o
                0x0000000008012fe8                bn::sprite_text_generator::_init()
 .text._ZN2bn21sprite_text_generatorC2ERKNS_11sprite_fontE
                0x0000000008013180       0x50 bn_sprite_text_generator.o
                0x0000000008013180                bn::sprite_text_generator::sprite_text_generator(bn::sprite_font const&)
                0x0000000008013180                bn::sprite_text_generator::sprite_text_generator(bn::sprite_font const&)
 .text._ZN3_bn6assert9show_argsIA55_cEEvPKcS4_S4_iRKT_
                0x00000000080131d0       0x50 bn_sprite_text_generator.o
                0x00000000080131d0                void _bn::assert::show_args<char [55]>(char const*, char const*, char const*, int, char const (&) [55])
 .text._ZN2bn12_GLOBAL__N_120_build_sprite_assertILNS_11sprite_sizeE2EEEPNS_4tileERKNS_21sprite_text_generatorERKNS_18sprite_palette_ptrERKNS_11fixed_pointERNS_7ivectorINS_10sprite_ptrEEE
                0x0000000008013220      0x210 bn_sprite_text_generator.o
 .text._ZN2bn12_GLOBAL__N_120_build_sprite_assertILNS_11sprite_sizeE1EEEPNS_4tileERKNS_21sprite_text_generatorERKNS_18sprite_palette_ptrERKNS_11fixed_pointERNS_7ivectorINS_10sprite_ptrEEE
                0x0000000008013430      0x20c bn_sprite_text_generator.o
 .text._ZN2bn12_GLOBAL__N_19_generateILb0EEEbRKNS_21sprite_text_generatorERKNS_11fixed_pointERKNS_11string_viewERKNS_14iunordered_mapIiiNS_4hashIiEENS_8equal_toIiEEEEiibRNS_7ivectorINS_10sprite_ptrEEE.isra.0
                0x000000000801363c     0x1030 bn_sprite_text_generator.o
 .text._ZNK2bn21sprite_text_generator8generateENS_7fixed_tILi12EEES2_RKNS_11string_viewERNS_7ivectorINS_10sprite_ptrEEE
                0x000000000801466c       0x4c bn_sprite_text_generator.o
                0x000000000801466c                bn::sprite_text_generator::generate(bn::fixed_t<12>, bn::fixed_t<12>, bn::string_view const&, bn::ivector<bn::sprite_ptr>&) const
 .text._ZN2bn11bgs_manager12_GLOBAL__N_129_check_unique_regular_big_mapERNS1_9item_typeE.part.0
                0x00000000080146b8       0x54 bn_bgs_manager.o
 .text._ZN2bn13ostringstream11append_argsIiJA4_ciEEEvRKT_DpRKT0_.isra.0
                0x000000000801470c       0x24 bn_bgs_manager.o
 .text._ZN2bn11bgs_manager12_GLOBAL__N_19item_type18update_affine_hw_yEv.part.0
                0x0000000008014730       0x94 bn_bgs_manager.o
 .text._ZN2bn11bgs_manager12_GLOBAL__N_19item_type18update_affine_hw_xEv.part.0
                0x00000000080147c4       0x94 bn_bgs_manager.o
 .text._ZN2bn11bgs_manager5hw_idEPv
                0x0000000008014858       0x24 bn_bgs_manager.o
                0x0000000008014858                bn::bgs_manager::hw_id(void*)
 .text._ZN2bn11bgs_manager11hw_positionEPv
                0x000000000801487c        0x4 bn_bgs_manager.o
                0x000000000801487c                bn::bgs_manager::hw_position(void*)
 .text._ZN2bn11bgs_manager14mat_attributesEPv
                0x0000000008014880        0x4 bn_bgs_manager.o
                0x0000000008014880                bn::bgs_manager::mat_attributes(void*)
 .text._ZN2bn11bgs_manager20update_windows_flagsEPj
                0x0000000008014884       0x7c bn_bgs_manager.o
                0x0000000008014884                bn::bgs_manager::update_windows_flags(unsigned int*)
 .text._ZN2bn11bgs_manager36fill_hblank_effect_regular_positionsEiPKNS_7fixed_tILi12EEEPt
                0x0000000008014900       0x38 bn_bgs_manager.o
                0x0000000008014900                bn::bgs_manager::fill_hblank_effect_regular_positions(int, bn::fixed_t<12> const*, unsigned short*)
 .text._ZN2bn11bgs_manager45fill_hblank_effect_pivot_horizontal_positionsEPvPKNS_7fixed_tILi12EEEPj
                0x0000000008014938       0x24 bn_bgs_manager.o
                0x0000000008014938                bn::bgs_manager::fill_hblank_effect_pivot_horizontal_positions(void*, bn::fixed_t<12> const*, unsigned int*)
 .text._ZN2bn11bgs_manager43fill_hblank_effect_pivot_vertical_positionsEPvPKNS_7fixed_tILi12EEEPj
                0x000000000801495c       0x24 bn_bgs_manager.o
                0x000000000801495c                bn::bgs_manager::fill_hblank_effect_pivot_vertical_positions(void*, bn::fixed_t<12> const*, unsigned int*)
 .text._ZN2bn11bgs_manager6commitEv
                0x0000000008014980       0xf8 bn_bgs_manager.o
                0x0000000008014980                bn::bgs_manager::commit()
 .text._ZN2bn11bgs_manager4stopEv
                0x0000000008014a78       0x28 bn_bgs_manager.o
                0x0000000008014a78                bn::bgs_manager::stop()
 .text._ZN3_bn6assert9show_argsIA30_cEEvPKcS4_S4_iRKT_
                0x0000000008014aa0       0x50 bn_bgs_manager.o
                0x0000000008014aa0                void _bn::assert::show_args<char [30]>(char const*, char const*, char const*, int, char const (&) [30])
 .text._ZN3_bn6assert9show_argsIJA60_ciA4_ciEEEvPKcS5_S5_iDpRKT_
                0x0000000008014af0       0x5c bn_bgs_manager.o
                0x0000000008014af0                void _bn::assert::show_args<char [60], int, char [4], int>(char const*, char const*, char const*, int, char const (&) [60], int const&, char const (&) [4], int const&)
 .text._ZN2bn11bgs_manager14update_camerasEv
                0x0000000008014b4c      0x2a0 bn_bgs_manager.o
                0x0000000008014b4c                bn::bgs_manager::update_cameras()
 .text._ZN2bn11bgs_manager12_GLOBAL__N_19item_type26update_regular_hw_positionEv
                0x0000000008014dec       0xf8 bn_bgs_manager.o
 .text._ZN2bn11bgs_manager15commit_big_mapsEv
                0x0000000008014ee4      0x1ec bn_bgs_manager.o